<?xml version="1.0" encoding="UTF-8"?>
<testsuites>
  <testsuite name="" tests="733" assertions="1192" errors="104" warnings="0" failures="17" skipped="0" time="1.437808">
    <testsuite name="html" tests="733" assertions="1192" errors="104" warnings="0" failures="17" skipped="0" time="1.437808">
      <testsuite name="ActionButtonTest" file="C:\Users\prote\Documents\software-devel\html\tests\ActionButtonTest.php" tests="1" assertions="1" errors="0" warnings="0" failures="0" skipped="0" time="0.030398">
        <testcase name="testCanInstantiate" class="ActionButtonTest" classname="ActionButtonTest" file="C:\Users\prote\Documents\software-devel\html\tests\ActionButtonTest.php" line="16" assertions="1" time="0.030398"/>
      </testsuite>
      <testsuite name="ActionLinkTest" file="C:\Users\prote\Documents\software-devel\html\tests\ActionLinkTest.php" tests="11" assertions="22" errors="0" warnings="0" failures="0" skipped="0" time="0.011841">
        <testcase name="testSetActionWithNoParams" class="ActionLinkTest" classname="ActionLinkTest" file="C:\Users\prote\Documents\software-devel\html\tests\ActionLinkTest.php" line="8" assertions="1" time="0.002241"/>
        <testcase name="testSetActionWithParams" class="ActionLinkTest" classname="ActionLinkTest" file="C:\Users\prote\Documents\software-devel\html\tests\ActionLinkTest.php" line="17" assertions="3" time="0.001066"/>
        <testcase name="testCreateStaticMethod" class="ActionLinkTest" classname="ActionLinkTest" file="C:\Users\prote\Documents\software-devel\html\tests\ActionLinkTest.php" line="28" assertions="2" time="0.000913"/>
        <testcase name="testCreateWithCustomText" class="ActionLinkTest" classname="ActionLinkTest" file="C:\Users\prote\Documents\software-devel\html\tests\ActionLinkTest.php" line="37" assertions="1" time="0.000802"/>
        <testcase name="testEditStaticMethod" class="ActionLinkTest" classname="ActionLinkTest" file="C:\Users\prote\Documents\software-devel\html\tests\ActionLinkTest.php" line="45" assertions="3" time="0.000866"/>
        <testcase name="testViewStaticMethod" class="ActionLinkTest" classname="ActionLinkTest" file="C:\Users\prote\Documents\software-devel\html\tests\ActionLinkTest.php" line="55" assertions="2" time="0.001274"/>
        <testcase name="testDeleteStaticMethod" class="ActionLinkTest" classname="ActionLinkTest" file="C:\Users\prote\Documents\software-devel\html\tests\ActionLinkTest.php" line="64" assertions="4" time="0.001036"/>
        <testcase name="testListAllStaticMethod" class="ActionLinkTest" classname="ActionLinkTest" file="C:\Users\prote\Documents\software-devel\html\tests\ActionLinkTest.php" line="75" assertions="1" time="0.000767"/>
        <testcase name="testAdminStaticMethod" class="ActionLinkTest" classname="ActionLinkTest" file="C:\Users\prote\Documents\software-devel\html\tests\ActionLinkTest.php" line="83" assertions="1" time="0.000785"/>
        <testcase name="testAdminWithSubAction" class="ActionLinkTest" classname="ActionLinkTest" file="C:\Users\prote\Documents\software-devel\html\tests\ActionLinkTest.php" line="91" assertions="1" time="0.001203"/>
        <testcase name="testCustomStaticMethod" class="ActionLinkTest" classname="ActionLinkTest" file="C:\Users\prote\Documents\software-devel\html\tests\ActionLinkTest.php" line="99" assertions="3" time="0.000890"/>
      </testsuite>
      <testsuite name="AddButtonTest" file="C:\Users\prote\Documents\software-devel\html\tests\AddButtonTest.php" tests="2" assertions="2" errors="0" warnings="0" failures="0" skipped="0" time="0.004252">
        <testcase name="testDefaultLabel" class="AddButtonTest" classname="AddButtonTest" file="C:\Users\prote\Documents\software-devel\html\tests\AddButtonTest.php" line="7" assertions="1" time="0.003213"/>
        <testcase name="testCssClass" class="AddButtonTest" classname="AddButtonTest" file="C:\Users\prote\Documents\software-devel\html\tests\AddButtonTest.php" line="11" assertions="1" time="0.001038"/>
      </testsuite>
      <testsuite name="Ksfraser\HTML\Tests\AriaAttributeTraitTest" file="C:\Users\prote\Documents\software-devel\html\tests\AriaAttributeTraitTest.php" tests="53" assertions="89" errors="0" warnings="0" failures="0" skipped="0" time="0.058827">
        <testcase name="testSetAriaLabel" class="Ksfraser\HTML\Tests\AriaAttributeTraitTest" classname="Ksfraser.HTML.Tests.AriaAttributeTraitTest" file="C:\Users\prote\Documents\software-devel\html\tests\AriaAttributeTraitTest.php" line="40" assertions="2" time="0.001606"/>
        <testcase name="testSetAriaLabelRendersInHtml" class="Ksfraser\HTML\Tests\AriaAttributeTraitTest" classname="Ksfraser.HTML.Tests.AriaAttributeTraitTest" file="C:\Users\prote\Documents\software-devel\html\tests\AriaAttributeTraitTest.php" line="52" assertions="1" time="0.000762"/>
        <testcase name="testSetRole" class="Ksfraser\HTML\Tests\AriaAttributeTraitTest" classname="Ksfraser.HTML.Tests.AriaAttributeTraitTest" file="C:\Users\prote\Documents\software-devel\html\tests\AriaAttributeTraitTest.php" line="64" assertions="2" time="0.002456"/>
        <testcase name="testSetRoleRendersInHtml" class="Ksfraser\HTML\Tests\AriaAttributeTraitTest" classname="Ksfraser.HTML.Tests.AriaAttributeTraitTest" file="C:\Users\prote\Documents\software-devel\html\tests\AriaAttributeTraitTest.php" line="76" assertions="1" time="0.000779"/>
        <testcase name="testSetAriaDescribedBy" class="Ksfraser\HTML\Tests\AriaAttributeTraitTest" classname="Ksfraser.HTML.Tests.AriaAttributeTraitTest" file="C:\Users\prote\Documents\software-devel\html\tests\AriaAttributeTraitTest.php" line="88" assertions="2" time="0.000717"/>
        <testcase name="testSetMultipleAriaAttributes" class="Ksfraser\HTML\Tests\AriaAttributeTraitTest" classname="Ksfraser.HTML.Tests.AriaAttributeTraitTest" file="C:\Users\prote\Documents\software-devel\html\tests\AriaAttributeTraitTest.php" line="100" assertions="3" time="0.001087"/>
        <testcase name="testGetAllAriaAttributes" class="Ksfraser\HTML\Tests\AriaAttributeTraitTest" classname="Ksfraser.HTML.Tests.AriaAttributeTraitTest" file="C:\Users\prote\Documents\software-devel\html\tests\AriaAttributeTraitTest.php" line="117" assertions="4" time="0.001486"/>
        <testcase name="testSetAriaHidden" class="Ksfraser\HTML\Tests\AriaAttributeTraitTest" classname="Ksfraser.HTML.Tests.AriaAttributeTraitTest" file="C:\Users\prote\Documents\software-devel\html\tests\AriaAttributeTraitTest.php" line="137" assertions="2" time="0.000908"/>
        <testcase name="testSetAriaDisabled" class="Ksfraser\HTML\Tests\AriaAttributeTraitTest" classname="Ksfraser.HTML.Tests.AriaAttributeTraitTest" file="C:\Users\prote\Documents\software-devel\html\tests\AriaAttributeTraitTest.php" line="153" assertions="1" time="0.000732"/>
        <testcase name="testSetAriaPressed" class="Ksfraser\HTML\Tests\AriaAttributeTraitTest" classname="Ksfraser.HTML.Tests.AriaAttributeTraitTest" file="C:\Users\prote\Documents\software-devel\html\tests\AriaAttributeTraitTest.php" line="165" assertions="2" time="0.001008"/>
        <testcase name="testSetAriaChecked" class="Ksfraser\HTML\Tests\AriaAttributeTraitTest" classname="Ksfraser.HTML.Tests.AriaAttributeTraitTest" file="C:\Users\prote\Documents\software-devel\html\tests\AriaAttributeTraitTest.php" line="181" assertions="2" time="0.001011"/>
        <testcase name="testSetAriaSelected" class="Ksfraser\HTML\Tests\AriaAttributeTraitTest" classname="Ksfraser.HTML.Tests.AriaAttributeTraitTest" file="C:\Users\prote\Documents\software-devel\html\tests\AriaAttributeTraitTest.php" line="197" assertions="1" time="0.000765"/>
        <testcase name="testSetAriaExpanded" class="Ksfraser\HTML\Tests\AriaAttributeTraitTest" classname="Ksfraser.HTML.Tests.AriaAttributeTraitTest" file="C:\Users\prote\Documents\software-devel\html\tests\AriaAttributeTraitTest.php" line="209" assertions="2" time="0.002226"/>
        <testcase name="testSetAriaBusy" class="Ksfraser\HTML\Tests\AriaAttributeTraitTest" classname="Ksfraser.HTML.Tests.AriaAttributeTraitTest" file="C:\Users\prote\Documents\software-devel\html\tests\AriaAttributeTraitTest.php" line="225" assertions="1" time="0.000873"/>
        <testcase name="testSetAriaModal" class="Ksfraser\HTML\Tests\AriaAttributeTraitTest" classname="Ksfraser.HTML.Tests.AriaAttributeTraitTest" file="C:\Users\prote\Documents\software-devel\html\tests\AriaAttributeTraitTest.php" line="237" assertions="1" time="0.000801"/>
        <testcase name="testSetAriaLive" class="Ksfraser\HTML\Tests\AriaAttributeTraitTest" classname="Ksfraser.HTML.Tests.AriaAttributeTraitTest" file="C:\Users\prote\Documents\software-devel\html\tests\AriaAttributeTraitTest.php" line="251" assertions="2" time="0.000911"/>
        <testcase name="testSetAriaAtomic" class="Ksfraser\HTML\Tests\AriaAttributeTraitTest" classname="Ksfraser.HTML.Tests.AriaAttributeTraitTest" file="C:\Users\prote\Documents\software-devel\html\tests\AriaAttributeTraitTest.php" line="267" assertions="1" time="0.000789"/>
        <testcase name="testSetAriaRelevant" class="Ksfraser\HTML\Tests\AriaAttributeTraitTest" classname="Ksfraser.HTML.Tests.AriaAttributeTraitTest" file="C:\Users\prote\Documents\software-devel\html\tests\AriaAttributeTraitTest.php" line="279" assertions="1" time="0.000837"/>
        <testcase name="testSetAriaLabelledBy" class="Ksfraser\HTML\Tests\AriaAttributeTraitTest" classname="Ksfraser.HTML.Tests.AriaAttributeTraitTest" file="C:\Users\prote\Documents\software-devel\html\tests\AriaAttributeTraitTest.php" line="293" assertions="1" time="0.000793"/>
        <testcase name="testSetAriaOwns" class="Ksfraser\HTML\Tests\AriaAttributeTraitTest" classname="Ksfraser.HTML.Tests.AriaAttributeTraitTest" file="C:\Users\prote\Documents\software-devel\html\tests\AriaAttributeTraitTest.php" line="305" assertions="1" time="0.000858"/>
        <testcase name="testSetAriaActivedescendant" class="Ksfraser\HTML\Tests\AriaAttributeTraitTest" classname="Ksfraser.HTML.Tests.AriaAttributeTraitTest" file="C:\Users\prote\Documents\software-devel\html\tests\AriaAttributeTraitTest.php" line="317" assertions="1" time="0.000831"/>
        <testcase name="testSetAriaFlowto" class="Ksfraser\HTML\Tests\AriaAttributeTraitTest" classname="Ksfraser.HTML.Tests.AriaAttributeTraitTest" file="C:\Users\prote\Documents\software-devel\html\tests\AriaAttributeTraitTest.php" line="329" assertions="1" time="0.000768"/>
        <testcase name="testSetAriaValuemin" class="Ksfraser\HTML\Tests\AriaAttributeTraitTest" classname="Ksfraser.HTML.Tests.AriaAttributeTraitTest" file="C:\Users\prote\Documents\software-devel\html\tests\AriaAttributeTraitTest.php" line="343" assertions="1" time="0.000763"/>
        <testcase name="testSetAriaValuemax" class="Ksfraser\HTML\Tests\AriaAttributeTraitTest" classname="Ksfraser.HTML.Tests.AriaAttributeTraitTest" file="C:\Users\prote\Documents\software-devel\html\tests\AriaAttributeTraitTest.php" line="355" assertions="1" time="0.000742"/>
        <testcase name="testSetAriaValuenow" class="Ksfraser\HTML\Tests\AriaAttributeTraitTest" classname="Ksfraser.HTML.Tests.AriaAttributeTraitTest" file="C:\Users\prote\Documents\software-devel\html\tests\AriaAttributeTraitTest.php" line="367" assertions="1" time="0.000741"/>
        <testcase name="testSetAriaValuetext" class="Ksfraser\HTML\Tests\AriaAttributeTraitTest" classname="Ksfraser.HTML.Tests.AriaAttributeTraitTest" file="C:\Users\prote\Documents\software-devel\html\tests\AriaAttributeTraitTest.php" line="379" assertions="1" time="0.002263"/>
        <testcase name="testSetAriaPlaceholder" class="Ksfraser\HTML\Tests\AriaAttributeTraitTest" classname="Ksfraser.HTML.Tests.AriaAttributeTraitTest" file="C:\Users\prote\Documents\software-devel\html\tests\AriaAttributeTraitTest.php" line="391" assertions="1" time="0.000825"/>
        <testcase name="testSetAriaOrientation" class="Ksfraser\HTML\Tests\AriaAttributeTraitTest" classname="Ksfraser.HTML.Tests.AriaAttributeTraitTest" file="C:\Users\prote\Documents\software-devel\html\tests\AriaAttributeTraitTest.php" line="403" assertions="2" time="0.001087"/>
        <testcase name="testSetAriaMultiline" class="Ksfraser\HTML\Tests\AriaAttributeTraitTest" classname="Ksfraser.HTML.Tests.AriaAttributeTraitTest" file="C:\Users\prote\Documents\software-devel\html\tests\AriaAttributeTraitTest.php" line="419" assertions="1" time="0.000860"/>
        <testcase name="testSetAriaReadonly" class="Ksfraser\HTML\Tests\AriaAttributeTraitTest" classname="Ksfraser.HTML.Tests.AriaAttributeTraitTest" file="C:\Users\prote\Documents\software-devel\html\tests\AriaAttributeTraitTest.php" line="431" assertions="1" time="0.000805"/>
        <testcase name="testSetAriaRequired" class="Ksfraser\HTML\Tests\AriaAttributeTraitTest" classname="Ksfraser.HTML.Tests.AriaAttributeTraitTest" file="C:\Users\prote\Documents\software-devel\html\tests\AriaAttributeTraitTest.php" line="443" assertions="1" time="0.000822"/>
        <testcase name="testSetAriaWithCustomName" class="Ksfraser\HTML\Tests\AriaAttributeTraitTest" classname="Ksfraser.HTML.Tests.AriaAttributeTraitTest" file="C:\Users\prote\Documents\software-devel\html\tests\AriaAttributeTraitTest.php" line="457" assertions="1" time="0.000758"/>
        <testcase name="testGetAriaCustomAttribute" class="Ksfraser\HTML\Tests\AriaAttributeTraitTest" classname="Ksfraser.HTML.Tests.AriaAttributeTraitTest" file="C:\Users\prote\Documents\software-devel\html\tests\AriaAttributeTraitTest.php" line="469" assertions="1" time="0.001285"/>
        <testcase name="testHasAriaCustomAttribute" class="Ksfraser\HTML\Tests\AriaAttributeTraitTest" classname="Ksfraser.HTML.Tests.AriaAttributeTraitTest" file="C:\Users\prote\Documents\software-devel\html\tests\AriaAttributeTraitTest.php" line="480" assertions="2" time="0.001939"/>
        <testcase name="testAriaLabelEscapesSpecialCharacters" class="Ksfraser\HTML\Tests\AriaAttributeTraitTest" classname="Ksfraser.HTML.Tests.AriaAttributeTraitTest" file="C:\Users\prote\Documents\software-devel\html\tests\AriaAttributeTraitTest.php" line="494" assertions="2" time="0.001166"/>
        <testcase name="testAriaDescriptionEscapesHtmlTags" class="Ksfraser\HTML\Tests\AriaAttributeTraitTest" classname="Ksfraser.HTML.Tests.AriaAttributeTraitTest" file="C:\Users\prote\Documents\software-devel\html\tests\AriaAttributeTraitTest.php" line="507" assertions="2" time="0.000915"/>
        <testcase name="testRemoveAriaAttribute" class="Ksfraser\HTML\Tests\AriaAttributeTraitTest" classname="Ksfraser.HTML.Tests.AriaAttributeTraitTest" file="C:\Users\prote\Documents\software-devel\html\tests\AriaAttributeTraitTest.php" line="522" assertions="2" time="0.000777"/>
        <testcase name="testRemoveNonExistentAriaAttribute" class="Ksfraser\HTML\Tests\AriaAttributeTraitTest" classname="Ksfraser.HTML.Tests.AriaAttributeTraitTest" file="C:\Users\prote\Documents\software-devel\html\tests\AriaAttributeTraitTest.php" line="536" assertions="1" time="0.000664"/>
        <testcase name="testClearAllAriaAttributes" class="Ksfraser\HTML\Tests\AriaAttributeTraitTest" classname="Ksfraser.HTML.Tests.AriaAttributeTraitTest" file="C:\Users\prote\Documents\software-devel\html\tests\AriaAttributeTraitTest.php" line="548" assertions="2" time="0.002253"/>
        <testcase name="testAriaMethodsReturnSelf" class="Ksfraser\HTML\Tests\AriaAttributeTraitTest" classname="Ksfraser.HTML.Tests.AriaAttributeTraitTest" file="C:\Users\prote\Documents\software-devel\html\tests\AriaAttributeTraitTest.php" line="568" assertions="1" time="0.001489"/>
        <testcase name="testChainMultipleAriaMethodCalls" class="Ksfraser\HTML\Tests\AriaAttributeTraitTest" classname="Ksfraser.HTML.Tests.AriaAttributeTraitTest" file="C:\Users\prote\Documents\software-devel\html\tests\AriaAttributeTraitTest.php" line="579" assertions="4" time="0.000956"/>
        <testcase name="testChainAriaWithOtherMethods" class="Ksfraser\HTML\Tests\AriaAttributeTraitTest" classname="Ksfraser.HTML.Tests.AriaAttributeTraitTest" file="C:\Users\prote\Documents\software-devel\html\tests\AriaAttributeTraitTest.php" line="599" assertions="4" time="0.001282"/>
        <testcase name="testRemoveAriaReturnsSelf" class="Ksfraser\HTML\Tests\AriaAttributeTraitTest" classname="Ksfraser.HTML.Tests.AriaAttributeTraitTest" file="C:\Users\prote\Documents\software-devel\html\tests\AriaAttributeTraitTest.php" line="620" assertions="1" time="0.000644"/>
        <testcase name="testClearAriaReturnsSelf" class="Ksfraser\HTML\Tests\AriaAttributeTraitTest" classname="Ksfraser.HTML.Tests.AriaAttributeTraitTest" file="C:\Users\prote\Documents\software-devel\html\tests\AriaAttributeTraitTest.php" line="632" assertions="1" time="0.000633"/>
        <testcase name="testButtonAccessibilityPattern" class="Ksfraser\HTML\Tests\AriaAttributeTraitTest" classname="Ksfraser.HTML.Tests.AriaAttributeTraitTest" file="C:\Users\prote\Documents\software-devel\html\tests\AriaAttributeTraitTest.php" line="645" assertions="2" time="0.000964"/>
        <testcase name="testMenuAccessibilityPattern" class="Ksfraser\HTML\Tests\AriaAttributeTraitTest" classname="Ksfraser.HTML.Tests.AriaAttributeTraitTest" file="C:\Users\prote\Documents\software-devel\html\tests\AriaAttributeTraitTest.php" line="668" assertions="2" time="0.001709"/>
        <testcase name="testProgressBarPattern" class="Ksfraser\HTML\Tests\AriaAttributeTraitTest" classname="Ksfraser.HTML.Tests.AriaAttributeTraitTest" file="C:\Users\prote\Documents\software-devel\html\tests\AriaAttributeTraitTest.php" line="690" assertions="5" time="0.001219"/>
        <testcase name="testLiveRegionPattern" class="Ksfraser\HTML\Tests\AriaAttributeTraitTest" classname="Ksfraser.HTML.Tests.AriaAttributeTraitTest" file="C:\Users\prote\Documents\software-devel\html\tests\AriaAttributeTraitTest.php" line="719" assertions="3" time="0.001079"/>
        <testcase name="testModalDialogPattern" class="Ksfraser\HTML\Tests\AriaAttributeTraitTest" classname="Ksfraser.HTML.Tests.AriaAttributeTraitTest" file="C:\Users\prote\Documents\software-devel\html\tests\AriaAttributeTraitTest.php" line="743" assertions="3" time="0.001018"/>
        <testcase name="testUpdateAriaAttribute" class="Ksfraser\HTML\Tests\AriaAttributeTraitTest" classname="Ksfraser.HTML.Tests.AriaAttributeTraitTest" file="C:\Users\prote\Documents\software-devel\html\tests\AriaAttributeTraitTest.php" line="771" assertions="2" time="0.000716"/>
        <testcase name="testGetNonExistentAriaAttribute" class="Ksfraser\HTML\Tests\AriaAttributeTraitTest" classname="Ksfraser.HTML.Tests.AriaAttributeTraitTest" file="C:\Users\prote\Documents\software-devel\html\tests\AriaAttributeTraitTest.php" line="785" assertions="1" time="0.001078"/>
        <testcase name="testAriaAttributeWithEmptyValue" class="Ksfraser\HTML\Tests\AriaAttributeTraitTest" classname="Ksfraser.HTML.Tests.AriaAttributeTraitTest" file="C:\Users\prote\Documents\software-devel\html\tests\AriaAttributeTraitTest.php" line="796" assertions="1" time="0.003543"/>
        <testcase name="testAriaAttributeWithUnicodeValue" class="Ksfraser\HTML\Tests\AriaAttributeTraitTest" classname="Ksfraser.HTML.Tests.AriaAttributeTraitTest" file="C:\Users\prote\Documents\software-devel\html\tests\AriaAttributeTraitTest.php" line="809" assertions="1" time="0.000828"/>
      </testsuite>
      <testsuite name="ButtonsTest" file="C:\Users\prote\Documents\software-devel\html\tests\ButtonsTest.php" tests="6" assertions="9" errors="0" warnings="0" failures="0" skipped="0" time="0.011461">
        <testcase name="testCloseButtonDefaultLabel" class="ButtonsTest" classname="ButtonsTest" file="C:\Users\prote\Documents\software-devel\html\tests\ButtonsTest.php" line="10" assertions="2" time="0.002911"/>
        <testcase name="testCloseButtonCustomLabel" class="ButtonsTest" classname="ButtonsTest" file="C:\Users\prote\Documents\software-devel\html\tests\ButtonsTest.php" line="19" assertions="1" time="0.001231"/>
        <testcase name="testCloseButtonSetOnclickFunction" class="ButtonsTest" classname="ButtonsTest" file="C:\Users\prote\Documents\software-devel\html\tests\ButtonsTest.php" line="27" assertions="1" time="0.001806"/>
        <testcase name="testSubmitButtonDefaultLabel" class="ButtonsTest" classname="ButtonsTest" file="C:\Users\prote\Documents\software-devel\html\tests\ButtonsTest.php" line="36" assertions="3" time="0.002143"/>
        <testcase name="testSubmitButtonCustomLabel" class="ButtonsTest" classname="ButtonsTest" file="C:\Users\prote\Documents\software-devel\html\tests\ButtonsTest.php" line="46" assertions="1" time="0.001917"/>
        <testcase name="testSubmitButtonSetOnclickFunction" class="ButtonsTest" classname="ButtonsTest" file="C:\Users\prote\Documents\software-devel\html\tests\ButtonsTest.php" line="54" assertions="1" time="0.001453"/>
      </testsuite>
      <testsuite name="Ksfraser\HTML\Tests\CSSManagementTraitTest" file="C:\Users\prote\Documents\software-devel\html\tests\CSSManagementTraitTest.php" tests="48" assertions="0" errors="48" warnings="0" failures="0" skipped="0" time="0.041516">
        <testcase name="testAddSingleCSSClassReturnsElement" class="Ksfraser\HTML\Tests\CSSManagementTraitTest" classname="Ksfraser.HTML.Tests.CSSManagementTraitTest" file="C:\Users\prote\Documents\software-devel\html\tests\CSSManagementTraitTest.php" line="35" assertions="0" time="0.002167">
          <error type="Error">Ksfraser\HTML\Tests\CSSManagementTraitTest::testAddSingleCSSClassReturnsElement
Error: Class "Ksfraser\HTML\HtmlDiv" not found

C:\Users\prote\Documents\software-devel\html\tests\CSSManagementTraitTest.php:25</error>
        </testcase>
        <testcase name="testAddSingleCSSClassRendersCorrectly" class="Ksfraser\HTML\Tests\CSSManagementTraitTest" classname="Ksfraser.HTML.Tests.CSSManagementTraitTest" file="C:\Users\prote\Documents\software-devel\html\tests\CSSManagementTraitTest.php" line="46" assertions="0" time="0.000681">
          <error type="Error">Ksfraser\HTML\Tests\CSSManagementTraitTest::testAddSingleCSSClassRendersCorrectly
Error: Class "Ksfraser\HTML\HtmlDiv" not found

C:\Users\prote\Documents\software-devel\html\tests\CSSManagementTraitTest.php:25</error>
        </testcase>
        <testcase name="testAddMultipleCSSClassesIndividually" class="Ksfraser\HTML\Tests\CSSManagementTraitTest" classname="Ksfraser.HTML.Tests.CSSManagementTraitTest" file="C:\Users\prote\Documents\software-devel\html\tests\CSSManagementTraitTest.php" line="57" assertions="0" time="0.000727">
          <error type="Error">Ksfraser\HTML\Tests\CSSManagementTraitTest::testAddMultipleCSSClassesIndividually
Error: Class "Ksfraser\HTML\HtmlDiv" not found

C:\Users\prote\Documents\software-devel\html\tests\CSSManagementTraitTest.php:25</error>
        </testcase>
        <testcase name="testAddCSSClassesBatchOperation" class="Ksfraser\HTML\Tests\CSSManagementTraitTest" classname="Ksfraser.HTML.Tests.CSSManagementTraitTest" file="C:\Users\prote\Documents\software-devel\html\tests\CSSManagementTraitTest.php" line="74" assertions="0" time="0.000657">
          <error type="Error">Ksfraser\HTML\Tests\CSSManagementTraitTest::testAddCSSClassesBatchOperation
Error: Class "Ksfraser\HTML\HtmlDiv" not found

C:\Users\prote\Documents\software-devel\html\tests\CSSManagementTraitTest.php:25</error>
        </testcase>
        <testcase name="testAddCSSClassesBatchReturnsElement" class="Ksfraser\HTML\Tests\CSSManagementTraitTest" classname="Ksfraser.HTML.Tests.CSSManagementTraitTest" file="C:\Users\prote\Documents\software-devel\html\tests\CSSManagementTraitTest.php" line="90" assertions="0" time="0.000634">
          <error type="Error">Ksfraser\HTML\Tests\CSSManagementTraitTest::testAddCSSClassesBatchReturnsElement
Error: Class "Ksfraser\HTML\HtmlDiv" not found

C:\Users\prote\Documents\software-devel\html\tests\CSSManagementTraitTest.php:25</error>
        </testcase>
        <testcase name="testConditionalCSSClassWithTrueCondition" class="Ksfraser\HTML\Tests\CSSManagementTraitTest" classname="Ksfraser.HTML.Tests.CSSManagementTraitTest" file="C:\Users\prote\Documents\software-devel\html\tests\CSSManagementTraitTest.php" line="101" assertions="0" time="0.000910">
          <error type="Error">Ksfraser\HTML\Tests\CSSManagementTraitTest::testConditionalCSSClassWithTrueCondition
Error: Class "Ksfraser\HTML\HtmlDiv" not found

C:\Users\prote\Documents\software-devel\html\tests\CSSManagementTraitTest.php:25</error>
        </testcase>
        <testcase name="testConditionalCSSClassWithFalseCondition" class="Ksfraser\HTML\Tests\CSSManagementTraitTest" classname="Ksfraser.HTML.Tests.CSSManagementTraitTest" file="C:\Users\prote\Documents\software-devel\html\tests\CSSManagementTraitTest.php" line="112" assertions="0" time="0.000682">
          <error type="Error">Ksfraser\HTML\Tests\CSSManagementTraitTest::testConditionalCSSClassWithFalseCondition
Error: Class "Ksfraser\HTML\HtmlDiv" not found

C:\Users\prote\Documents\software-devel\html\tests\CSSManagementTraitTest.php:25</error>
        </testcase>
        <testcase name="testConditionalCSSClassWithExpressionTrue" class="Ksfraser\HTML\Tests\CSSManagementTraitTest" classname="Ksfraser.HTML.Tests.CSSManagementTraitTest" file="C:\Users\prote\Documents\software-devel\html\tests\CSSManagementTraitTest.php" line="123" assertions="0" time="0.000717">
          <error type="Error">Ksfraser\HTML\Tests\CSSManagementTraitTest::testConditionalCSSClassWithExpressionTrue
Error: Class "Ksfraser\HTML\HtmlDiv" not found

C:\Users\prote\Documents\software-devel\html\tests\CSSManagementTraitTest.php:25</error>
        </testcase>
        <testcase name="testConditionalCSSClassWithExpressionFalse" class="Ksfraser\HTML\Tests\CSSManagementTraitTest" classname="Ksfraser.HTML.Tests.CSSManagementTraitTest" file="C:\Users\prote\Documents\software-devel\html\tests\CSSManagementTraitTest.php" line="135" assertions="0" time="0.000651">
          <error type="Error">Ksfraser\HTML\Tests\CSSManagementTraitTest::testConditionalCSSClassWithExpressionFalse
Error: Class "Ksfraser\HTML\HtmlDiv" not found

C:\Users\prote\Documents\software-devel\html\tests\CSSManagementTraitTest.php:25</error>
        </testcase>
        <testcase name="testRemoveCSSClassRemovesPresent" class="Ksfraser\HTML\Tests\CSSManagementTraitTest" classname="Ksfraser.HTML.Tests.CSSManagementTraitTest" file="C:\Users\prote\Documents\software-devel\html\tests\CSSManagementTraitTest.php" line="147" assertions="0" time="0.000669">
          <error type="Error">Ksfraser\HTML\Tests\CSSManagementTraitTest::testRemoveCSSClassRemovesPresent
Error: Class "Ksfraser\HTML\HtmlDiv" not found

C:\Users\prote\Documents\software-devel\html\tests\CSSManagementTraitTest.php:25</error>
        </testcase>
        <testcase name="testRemoveCSSClassReturnsElement" class="Ksfraser\HTML\Tests\CSSManagementTraitTest" classname="Ksfraser.HTML.Tests.CSSManagementTraitTest" file="C:\Users\prote\Documents\software-devel\html\tests\CSSManagementTraitTest.php" line="162" assertions="0" time="0.000762">
          <error type="Error">Ksfraser\HTML\Tests\CSSManagementTraitTest::testRemoveCSSClassReturnsElement
Error: Class "Ksfraser\HTML\HtmlDiv" not found

C:\Users\prote\Documents\software-devel\html\tests\CSSManagementTraitTest.php:25</error>
        </testcase>
        <testcase name="testRemoveNonExistentCSSClassDoesNotError" class="Ksfraser\HTML\Tests\CSSManagementTraitTest" classname="Ksfraser.HTML.Tests.CSSManagementTraitTest" file="C:\Users\prote\Documents\software-devel\html\tests\CSSManagementTraitTest.php" line="174" assertions="0" time="0.000656">
          <error type="Error">Ksfraser\HTML\Tests\CSSManagementTraitTest::testRemoveNonExistentCSSClassDoesNotError
Error: Class "Ksfraser\HTML\HtmlDiv" not found

C:\Users\prote\Documents\software-devel\html\tests\CSSManagementTraitTest.php:25</error>
        </testcase>
        <testcase name="testToggleCSSClassOnAdds" class="Ksfraser\HTML\Tests\CSSManagementTraitTest" classname="Ksfraser.HTML.Tests.CSSManagementTraitTest" file="C:\Users\prote\Documents\software-devel\html\tests\CSSManagementTraitTest.php" line="186" assertions="0" time="0.000698">
          <error type="Error">Ksfraser\HTML\Tests\CSSManagementTraitTest::testToggleCSSClassOnAdds
Error: Class "Ksfraser\HTML\HtmlDiv" not found

C:\Users\prote\Documents\software-devel\html\tests\CSSManagementTraitTest.php:25</error>
        </testcase>
        <testcase name="testToggleCSSClassOnRemoves" class="Ksfraser\HTML\Tests\CSSManagementTraitTest" classname="Ksfraser.HTML.Tests.CSSManagementTraitTest" file="C:\Users\prote\Documents\software-devel\html\tests\CSSManagementTraitTest.php" line="197" assertions="0" time="0.000688">
          <error type="Error">Ksfraser\HTML\Tests\CSSManagementTraitTest::testToggleCSSClassOnRemoves
Error: Class "Ksfraser\HTML\HtmlDiv" not found

C:\Users\prote\Documents\software-devel\html\tests\CSSManagementTraitTest.php:25</error>
        </testcase>
        <testcase name="testToggleCSSClassWithForceTrue" class="Ksfraser\HTML\Tests\CSSManagementTraitTest" classname="Ksfraser.HTML.Tests.CSSManagementTraitTest" file="C:\Users\prote\Documents\software-devel\html\tests\CSSManagementTraitTest.php" line="209" assertions="0" time="0.000669">
          <error type="Error">Ksfraser\HTML\Tests\CSSManagementTraitTest::testToggleCSSClassWithForceTrue
Error: Class "Ksfraser\HTML\HtmlDiv" not found

C:\Users\prote\Documents\software-devel\html\tests\CSSManagementTraitTest.php:25</error>
        </testcase>
        <testcase name="testToggleCSSClassWithForceFalse" class="Ksfraser\HTML\Tests\CSSManagementTraitTest" classname="Ksfraser.HTML.Tests.CSSManagementTraitTest" file="C:\Users\prote\Documents\software-devel\html\tests\CSSManagementTraitTest.php" line="220" assertions="0" time="0.000747">
          <error type="Error">Ksfraser\HTML\Tests\CSSManagementTraitTest::testToggleCSSClassWithForceFalse
Error: Class "Ksfraser\HTML\HtmlDiv" not found

C:\Users\prote\Documents\software-devel\html\tests\CSSManagementTraitTest.php:25</error>
        </testcase>
        <testcase name="testToggleCSSClassReturnsElement" class="Ksfraser\HTML\Tests\CSSManagementTraitTest" classname="Ksfraser.HTML.Tests.CSSManagementTraitTest" file="C:\Users\prote\Documents\software-devel\html\tests\CSSManagementTraitTest.php" line="232" assertions="0" time="0.000764">
          <error type="Error">Ksfraser\HTML\Tests\CSSManagementTraitTest::testToggleCSSClassReturnsElement
Error: Class "Ksfraser\HTML\HtmlDiv" not found

C:\Users\prote\Documents\software-devel\html\tests\CSSManagementTraitTest.php:25</error>
        </testcase>
        <testcase name="testHasCSSClassReturnsTrueWhenPresent" class="Ksfraser\HTML\Tests\CSSManagementTraitTest" classname="Ksfraser.HTML.Tests.CSSManagementTraitTest" file="C:\Users\prote\Documents\software-devel\html\tests\CSSManagementTraitTest.php" line="243" assertions="0" time="0.000644">
          <error type="Error">Ksfraser\HTML\Tests\CSSManagementTraitTest::testHasCSSClassReturnsTrueWhenPresent
Error: Class "Ksfraser\HTML\HtmlDiv" not found

C:\Users\prote\Documents\software-devel\html\tests\CSSManagementTraitTest.php:25</error>
        </testcase>
        <testcase name="testHasCSSClassReturnsFalseWhenAbsent" class="Ksfraser\HTML\Tests\CSSManagementTraitTest" classname="Ksfraser.HTML.Tests.CSSManagementTraitTest" file="C:\Users\prote\Documents\software-devel\html\tests\CSSManagementTraitTest.php" line="254" assertions="0" time="0.000631">
          <error type="Error">Ksfraser\HTML\Tests\CSSManagementTraitTest::testHasCSSClassReturnsFalseWhenAbsent
Error: Class "Ksfraser\HTML\HtmlDiv" not found

C:\Users\prote\Documents\software-devel\html\tests\CSSManagementTraitTest.php:25</error>
        </testcase>
        <testcase name="testGetCSSClassesReturnsArray" class="Ksfraser\HTML\Tests\CSSManagementTraitTest" classname="Ksfraser.HTML.Tests.CSSManagementTraitTest" file="C:\Users\prote\Documents\software-devel\html\tests\CSSManagementTraitTest.php" line="265" assertions="0" time="0.000639">
          <error type="Error">Ksfraser\HTML\Tests\CSSManagementTraitTest::testGetCSSClassesReturnsArray
Error: Class "Ksfraser\HTML\HtmlDiv" not found

C:\Users\prote\Documents\software-devel\html\tests\CSSManagementTraitTest.php:25</error>
        </testcase>
        <testcase name="testGetCSSClassesEmpty" class="Ksfraser\HTML\Tests\CSSManagementTraitTest" classname="Ksfraser.HTML.Tests.CSSManagementTraitTest" file="C:\Users\prote\Documents\software-devel\html\tests\CSSManagementTraitTest.php" line="282" assertions="0" time="0.002776">
          <error type="Error">Ksfraser\HTML\Tests\CSSManagementTraitTest::testGetCSSClassesEmpty
Error: Class "Ksfraser\HTML\HtmlDiv" not found

C:\Users\prote\Documents\software-devel\html\tests\CSSManagementTraitTest.php:25</error>
        </testcase>
        <testcase name="testAddDuplicateCSSClassDeduplicated" class="Ksfraser\HTML\Tests\CSSManagementTraitTest" classname="Ksfraser.HTML.Tests.CSSManagementTraitTest" file="C:\Users\prote\Documents\software-devel\html\tests\CSSManagementTraitTest.php" line="297" assertions="0" time="0.000666">
          <error type="Error">Ksfraser\HTML\Tests\CSSManagementTraitTest::testAddDuplicateCSSClassDeduplicated
Error: Class "Ksfraser\HTML\HtmlDiv" not found

C:\Users\prote\Documents\software-devel\html\tests\CSSManagementTraitTest.php:25</error>
        </testcase>
        <testcase name="testBatchAddWithDuplicatesDeduplicated" class="Ksfraser\HTML\Tests\CSSManagementTraitTest" classname="Ksfraser.HTML.Tests.CSSManagementTraitTest" file="C:\Users\prote\Documents\software-devel\html\tests\CSSManagementTraitTest.php" line="314" assertions="0" time="0.000678">
          <error type="Error">Ksfraser\HTML\Tests\CSSManagementTraitTest::testBatchAddWithDuplicatesDeduplicated
Error: Class "Ksfraser\HTML\HtmlDiv" not found

C:\Users\prote\Documents\software-devel\html\tests\CSSManagementTraitTest.php:25</error>
        </testcase>
        <testcase name="testExistingAndNewClassDeduplicated" class="Ksfraser\HTML\Tests\CSSManagementTraitTest" classname="Ksfraser.HTML.Tests.CSSManagementTraitTest" file="C:\Users\prote\Documents\software-devel\html\tests\CSSManagementTraitTest.php" line="330" assertions="0" time="0.000689">
          <error type="Error">Ksfraser\HTML\Tests\CSSManagementTraitTest::testExistingAndNewClassDeduplicated
Error: Class "Ksfraser\HTML\HtmlDiv" not found

C:\Users\prote\Documents\software-devel\html\tests\CSSManagementTraitTest.php:25</error>
        </testcase>
        <testcase name="testAddEmptyStringIgnored" class="Ksfraser\HTML\Tests\CSSManagementTraitTest" classname="Ksfraser.HTML.Tests.CSSManagementTraitTest" file="C:\Users\prote\Documents\software-devel\html\tests\CSSManagementTraitTest.php" line="347" assertions="0" time="0.000707">
          <error type="Error">Ksfraser\HTML\Tests\CSSManagementTraitTest::testAddEmptyStringIgnored
Error: Class "Ksfraser\HTML\HtmlDiv" not found

C:\Users\prote\Documents\software-devel\html\tests\CSSManagementTraitTest.php:25</error>
        </testcase>
        <testcase name="testAddWhitespaceOnlyIgnored" class="Ksfraser\HTML\Tests\CSSManagementTraitTest" classname="Ksfraser.HTML.Tests.CSSManagementTraitTest" file="C:\Users\prote\Documents\software-devel\html\tests\CSSManagementTraitTest.php" line="360" assertions="0" time="0.000744">
          <error type="Error">Ksfraser\HTML\Tests\CSSManagementTraitTest::testAddWhitespaceOnlyIgnored
Error: Class "Ksfraser\HTML\HtmlDiv" not found

C:\Users\prote\Documents\software-devel\html\tests\CSSManagementTraitTest.php:25</error>
        </testcase>
        <testcase name="testAddCSSClassWithLeadingTrailingWhitespace" class="Ksfraser\HTML\Tests\CSSManagementTraitTest" classname="Ksfraser.HTML.Tests.CSSManagementTraitTest" file="C:\Users\prote\Documents\software-devel\html\tests\CSSManagementTraitTest.php" line="373" assertions="0" time="0.000590">
          <error type="Error">Ksfraser\HTML\Tests\CSSManagementTraitTest::testAddCSSClassWithLeadingTrailingWhitespace
Error: Class "Ksfraser\HTML\HtmlDiv" not found

C:\Users\prote\Documents\software-devel\html\tests\CSSManagementTraitTest.php:25</error>
        </testcase>
        <testcase name="testAddValidCSSClassWithHyphens" class="Ksfraser\HTML\Tests\CSSManagementTraitTest" classname="Ksfraser.HTML.Tests.CSSManagementTraitTest" file="C:\Users\prote\Documents\software-devel\html\tests\CSSManagementTraitTest.php" line="388" assertions="0" time="0.001055">
          <error type="Error">Ksfraser\HTML\Tests\CSSManagementTraitTest::testAddValidCSSClassWithHyphens
Error: Class "Ksfraser\HTML\HtmlDiv" not found

C:\Users\prote\Documents\software-devel\html\tests\CSSManagementTraitTest.php:25</error>
        </testcase>
        <testcase name="testAddValidCSSClassWithNumbers" class="Ksfraser\HTML\Tests\CSSManagementTraitTest" classname="Ksfraser.HTML.Tests.CSSManagementTraitTest" file="C:\Users\prote\Documents\software-devel\html\tests\CSSManagementTraitTest.php" line="400" assertions="0" time="0.000656">
          <error type="Error">Ksfraser\HTML\Tests\CSSManagementTraitTest::testAddValidCSSClassWithNumbers
Error: Class "Ksfraser\HTML\HtmlDiv" not found

C:\Users\prote\Documents\software-devel\html\tests\CSSManagementTraitTest.php:25</error>
        </testcase>
        <testcase name="testAddValidCSSClassWithUnderscores" class="Ksfraser\HTML\Tests\CSSManagementTraitTest" classname="Ksfraser.HTML.Tests.CSSManagementTraitTest" file="C:\Users\prote\Documents\software-devel\html\tests\CSSManagementTraitTest.php" line="412" assertions="0" time="0.000609">
          <error type="Error">Ksfraser\HTML\Tests\CSSManagementTraitTest::testAddValidCSSClassWithUnderscores
Error: Class "Ksfraser\HTML\HtmlDiv" not found

C:\Users\prote\Documents\software-devel\html\tests\CSSManagementTraitTest.php:25</error>
        </testcase>
        <testcase name="testBatchAddWithEmptyStrings" class="Ksfraser\HTML\Tests\CSSManagementTraitTest" classname="Ksfraser.HTML.Tests.CSSManagementTraitTest" file="C:\Users\prote\Documents\software-devel\html\tests\CSSManagementTraitTest.php" line="424" assertions="0" time="0.000753">
          <error type="Error">Ksfraser\HTML\Tests\CSSManagementTraitTest::testBatchAddWithEmptyStrings
Error: Class "Ksfraser\HTML\HtmlDiv" not found

C:\Users\prote\Documents\software-devel\html\tests\CSSManagementTraitTest.php:25</error>
        </testcase>
        <testcase name="testLongCSSClassNameAccepted" class="Ksfraser\HTML\Tests\CSSManagementTraitTest" classname="Ksfraser.HTML.Tests.CSSManagementTraitTest" file="C:\Users\prote\Documents\software-devel\html\tests\CSSManagementTraitTest.php" line="440" assertions="0" time="0.000681">
          <error type="Error">Ksfraser\HTML\Tests\CSSManagementTraitTest::testLongCSSClassNameAccepted
Error: Class "Ksfraser\HTML\HtmlDiv" not found

C:\Users\prote\Documents\software-devel\html\tests\CSSManagementTraitTest.php:25</error>
        </testcase>
        <testcase name="testManyClassesPerformance" class="Ksfraser\HTML\Tests\CSSManagementTraitTest" classname="Ksfraser.HTML.Tests.CSSManagementTraitTest" file="C:\Users\prote\Documents\software-devel\html\tests\CSSManagementTraitTest.php" line="453" assertions="0" time="0.000725">
          <error type="Error">Ksfraser\HTML\Tests\CSSManagementTraitTest::testManyClassesPerformance
Error: Class "Ksfraser\HTML\HtmlDiv" not found

C:\Users\prote\Documents\software-devel\html\tests\CSSManagementTraitTest.php:25</error>
        </testcase>
        <testcase name="testAddInvalidCSSClassWithSpaceThrowsException" class="Ksfraser\HTML\Tests\CSSManagementTraitTest" classname="Ksfraser.HTML.Tests.CSSManagementTraitTest" file="C:\Users\prote\Documents\software-devel\html\tests\CSSManagementTraitTest.php" line="476" assertions="0" time="0.000735">
          <error type="Error">Ksfraser\HTML\Tests\CSSManagementTraitTest::testAddInvalidCSSClassWithSpaceThrowsException
Error: Class "Ksfraser\HTML\HtmlDiv" not found

C:\Users\prote\Documents\software-devel\html\tests\CSSManagementTraitTest.php:25</error>
        </testcase>
        <testcase name="testAddInvalidCSSClassWithCommaThrowsException" class="Ksfraser\HTML\Tests\CSSManagementTraitTest" classname="Ksfraser.HTML.Tests.CSSManagementTraitTest" file="C:\Users\prote\Documents\software-devel\html\tests\CSSManagementTraitTest.php" line="488" assertions="0" time="0.000606">
          <error type="Error">Ksfraser\HTML\Tests\CSSManagementTraitTest::testAddInvalidCSSClassWithCommaThrowsException
Error: Class "Ksfraser\HTML\HtmlDiv" not found

C:\Users\prote\Documents\software-devel\html\tests\CSSManagementTraitTest.php:25</error>
        </testcase>
        <testcase name="testAddInvalidCSSClassWithSpecialCharacterThrowsException" class="Ksfraser\HTML\Tests\CSSManagementTraitTest" classname="Ksfraser.HTML.Tests.CSSManagementTraitTest" file="C:\Users\prote\Documents\software-devel\html\tests\CSSManagementTraitTest.php" line="500" assertions="0" time="0.000655">
          <error type="Error">Ksfraser\HTML\Tests\CSSManagementTraitTest::testAddInvalidCSSClassWithSpecialCharacterThrowsException
Error: Class "Ksfraser\HTML\HtmlDiv" not found

C:\Users\prote\Documents\software-devel\html\tests\CSSManagementTraitTest.php:25</error>
        </testcase>
        <testcase name="testAddInvalidCSSClassWithSemicolonThrowsException" class="Ksfraser\HTML\Tests\CSSManagementTraitTest" classname="Ksfraser.HTML.Tests.CSSManagementTraitTest" file="C:\Users\prote\Documents\software-devel\html\tests\CSSManagementTraitTest.php" line="512" assertions="0" time="0.000670">
          <error type="Error">Ksfraser\HTML\Tests\CSSManagementTraitTest::testAddInvalidCSSClassWithSemicolonThrowsException
Error: Class "Ksfraser\HTML\HtmlDiv" not found

C:\Users\prote\Documents\software-devel\html\tests\CSSManagementTraitTest.php:25</error>
        </testcase>
        <testcase name="testBatchAddWithInvalidClassesThrowsException" class="Ksfraser\HTML\Tests\CSSManagementTraitTest" classname="Ksfraser.HTML.Tests.CSSManagementTraitTest" file="C:\Users\prote\Documents\software-devel\html\tests\CSSManagementTraitTest.php" line="524" assertions="0" time="0.000696">
          <error type="Error">Ksfraser\HTML\Tests\CSSManagementTraitTest::testBatchAddWithInvalidClassesThrowsException
Error: Class "Ksfraser\HTML\HtmlDiv" not found

C:\Users\prote\Documents\software-devel\html\tests\CSSManagementTraitTest.php:25</error>
        </testcase>
        <testcase name="testCSSPreservedWithOtherAttributes" class="Ksfraser\HTML\Tests\CSSManagementTraitTest" classname="Ksfraser.HTML.Tests.CSSManagementTraitTest" file="C:\Users\prote\Documents\software-devel\html\tests\CSSManagementTraitTest.php" line="538" assertions="0" time="0.002254">
          <error type="Error">Ksfraser\HTML\Tests\CSSManagementTraitTest::testCSSPreservedWithOtherAttributes
Error: Class "Ksfraser\HTML\HtmlDiv" not found

C:\Users\prote\Documents\software-devel\html\tests\CSSManagementTraitTest.php:25</error>
        </testcase>
        <testcase name="testMultipleCSSOperationsChained" class="Ksfraser\HTML\Tests\CSSManagementTraitTest" classname="Ksfraser.HTML.Tests.CSSManagementTraitTest" file="C:\Users\prote\Documents\software-devel\html\tests\CSSManagementTraitTest.php" line="558" assertions="0" time="0.000857">
          <error type="Error">Ksfraser\HTML\Tests\CSSManagementTraitTest::testMultipleCSSOperationsChained
Error: Class "Ksfraser\HTML\HtmlDiv" not found

C:\Users\prote\Documents\software-devel\html\tests\CSSManagementTraitTest.php:25</error>
        </testcase>
        <testcase name="testCSSWithNestedElements" class="Ksfraser\HTML\Tests\CSSManagementTraitTest" classname="Ksfraser.HTML.Tests.CSSManagementTraitTest" file="C:\Users\prote\Documents\software-devel\html\tests\CSSManagementTraitTest.php" line="583" assertions="0" time="0.000641">
          <error type="Error">Ksfraser\HTML\Tests\CSSManagementTraitTest::testCSSWithNestedElements
Error: Class "Ksfraser\HTML\HtmlDiv" not found

C:\Users\prote\Documents\software-devel\html\tests\CSSManagementTraitTest.php:25</error>
        </testcase>
        <testcase name="testCSSWithBootstrapPattern" class="Ksfraser\HTML\Tests\CSSManagementTraitTest" classname="Ksfraser.HTML.Tests.CSSManagementTraitTest" file="C:\Users\prote\Documents\software-devel\html\tests\CSSManagementTraitTest.php" line="603" assertions="0" time="0.001859">
          <error type="Error">Ksfraser\HTML\Tests\CSSManagementTraitTest::testCSSWithBootstrapPattern
Error: Class "Ksfraser\HTML\HtmlDiv" not found

C:\Users\prote\Documents\software-devel\html\tests\CSSManagementTraitTest.php:25</error>
        </testcase>
        <testcase name="testCSSWithTailwindPattern" class="Ksfraser\HTML\Tests\CSSManagementTraitTest" classname="Ksfraser.HTML.Tests.CSSManagementTraitTest" file="C:\Users\prote\Documents\software-devel\html\tests\CSSManagementTraitTest.php" line="622" assertions="0" time="0.000705">
          <error type="Error">Ksfraser\HTML\Tests\CSSManagementTraitTest::testCSSWithTailwindPattern
Error: Class "Ksfraser\HTML\HtmlDiv" not found

C:\Users\prote\Documents\software-devel\html\tests\CSSManagementTraitTest.php:25</error>
        </testcase>
        <testcase name="testConditionalCSSInComplexScenario" class="Ksfraser\HTML\Tests\CSSManagementTraitTest" classname="Ksfraser.HTML.Tests.CSSManagementTraitTest" file="C:\Users\prote\Documents\software-devel\html\tests\CSSManagementTraitTest.php" line="643" assertions="0" time="0.002364">
          <error type="Error">Ksfraser\HTML\Tests\CSSManagementTraitTest::testConditionalCSSInComplexScenario
Error: Class "Ksfraser\HTML\HtmlDiv" not found

C:\Users\prote\Documents\software-devel\html\tests\CSSManagementTraitTest.php:25</error>
        </testcase>
        <testcase name="testExistingSetAttributeStillWorks" class="Ksfraser\HTML\Tests\CSSManagementTraitTest" classname="Ksfraser.HTML.Tests.CSSManagementTraitTest" file="C:\Users\prote\Documents\software-devel\html\tests\CSSManagementTraitTest.php" line="670" assertions="0" time="0.000640">
          <error type="Error">Ksfraser\HTML\Tests\CSSManagementTraitTest::testExistingSetAttributeStillWorks
Error: Class "Ksfraser\HTML\HtmlDiv" not found

C:\Users\prote\Documents\software-devel\html\tests\CSSManagementTraitTest.php:25</error>
        </testcase>
        <testcase name="testExistingAddAttributeStillWorks" class="Ksfraser\HTML\Tests\CSSManagementTraitTest" classname="Ksfraser.HTML.Tests.CSSManagementTraitTest" file="C:\Users\prote\Documents\software-devel\html\tests\CSSManagementTraitTest.php" line="682" assertions="0" time="0.000642">
          <error type="Error">Ksfraser\HTML\Tests\CSSManagementTraitTest::testExistingAddAttributeStillWorks
Error: Class "Ksfraser\HTML\HtmlDiv" not found

C:\Users\prote\Documents\software-devel\html\tests\CSSManagementTraitTest.php:25</error>
        </testcase>
        <testcase name="testExistingAddCSSClassStillWorks" class="Ksfraser\HTML\Tests\CSSManagementTraitTest" classname="Ksfraser.HTML.Tests.CSSManagementTraitTest" file="C:\Users\prote\Documents\software-devel\html\tests\CSSManagementTraitTest.php" line="694" assertions="0" time="0.000771">
          <error type="Error">Ksfraser\HTML\Tests\CSSManagementTraitTest::testExistingAddCSSClassStillWorks
Error: Class "Ksfraser\HTML\HtmlDiv" not found

C:\Users\prote\Documents\software-devel\html\tests\CSSManagementTraitTest.php:25</error>
        </testcase>
        <testcase name="testBackwardCompatibilityWithSetAttributeClass" class="Ksfraser\HTML\Tests\CSSManagementTraitTest" classname="Ksfraser.HTML.Tests.CSSManagementTraitTest" file="C:\Users\prote\Documents\software-devel\html\tests\CSSManagementTraitTest.php" line="706" assertions="0" time="0.000697">
          <error type="Error">Ksfraser\HTML\Tests\CSSManagementTraitTest::testBackwardCompatibilityWithSetAttributeClass
Error: Class "Ksfraser\HTML\HtmlDiv" not found

C:\Users\prote\Documents\software-devel\html\tests\CSSManagementTraitTest.php:25</error>
        </testcase>
      </testsuite>
      <testsuite name="CancelButtonTest" file="C:\Users\prote\Documents\software-devel\html\tests\CancelButtonTest.php" tests="2" assertions="2" errors="0" warnings="0" failures="0" skipped="0" time="0.003928">
        <testcase name="testDefaultLabel" class="CancelButtonTest" classname="CancelButtonTest" file="C:\Users\prote\Documents\software-devel\html\tests\CancelButtonTest.php" line="7" assertions="1" time="0.002447"/>
        <testcase name="testSetGoBack" class="CancelButtonTest" classname="CancelButtonTest" file="C:\Users\prote\Documents\software-devel\html\tests\CancelButtonTest.php" line="11" assertions="1" time="0.001481"/>
      </testsuite>
      <testsuite name="CloseButtonTest" file="C:\Users\prote\Documents\software-devel\html\tests\CloseButtonTest.php" tests="2" assertions="2" errors="0" warnings="0" failures="0" skipped="0" time="0.002830">
        <testcase name="testDefaultLabel" class="CloseButtonTest" classname="CloseButtonTest" file="C:\Users\prote\Documents\software-devel\html\tests\CloseButtonTest.php" line="7" assertions="1" time="0.001630"/>
        <testcase name="testAddClass" class="CloseButtonTest" classname="CloseButtonTest" file="C:\Users\prote\Documents\software-devel\html\tests\CloseButtonTest.php" line="11" assertions="1" time="0.001200"/>
      </testsuite>
      <testsuite name="Tests\ComponentFactoryTraitTest" file="C:\Users\prote\Documents\software-devel\html\tests\ComponentFactoryTraitTest.php" tests="62" assertions="108" errors="0" warnings="0" failures="0" skipped="0" time="0.091590">
        <testcase name="button_primary_creates_button_with_correct_classes" class="Tests\ComponentFactoryTraitTest" classname="Tests.ComponentFactoryTraitTest" file="C:\Users\prote\Documents\software-devel\html\tests\ComponentFactoryTraitTest.php" line="28" assertions="3" time="0.001209"/>
        <testcase name="button_primary_defaults_to_button_type" class="Tests\ComponentFactoryTraitTest" classname="Tests.ComponentFactoryTraitTest" file="C:\Users\prote\Documents\software-devel\html\tests\ComponentFactoryTraitTest.php" line="42" assertions="1" time="0.001042"/>
        <testcase name="button_success_creates_button_with_success_class" class="Tests\ComponentFactoryTraitTest" classname="Tests.ComponentFactoryTraitTest" file="C:\Users\prote\Documents\software-devel\html\tests\ComponentFactoryTraitTest.php" line="54" assertions="2" time="0.001113"/>
        <testcase name="button_danger_creates_button_with_danger_class" class="Tests\ComponentFactoryTraitTest" classname="Tests.ComponentFactoryTraitTest" file="C:\Users\prote\Documents\software-devel\html\tests\ComponentFactoryTraitTest.php" line="67" assertions="2" time="0.001165"/>
        <testcase name="button_warning_creates_button_with_warning_class" class="Tests\ComponentFactoryTraitTest" classname="Tests.ComponentFactoryTraitTest" file="C:\Users\prote\Documents\software-devel\html\tests\ComponentFactoryTraitTest.php" line="80" assertions="2" time="0.003582"/>
        <testcase name="button_info_creates_button_with_info_class" class="Tests\ComponentFactoryTraitTest" classname="Tests.ComponentFactoryTraitTest" file="C:\Users\prote\Documents\software-devel\html\tests\ComponentFactoryTraitTest.php" line="93" assertions="2" time="0.003478"/>
        <testcase name="button_secondary_creates_button_with_secondary_class" class="Tests\ComponentFactoryTraitTest" classname="Tests.ComponentFactoryTraitTest" file="C:\Users\prote\Documents\software-devel\html\tests\ComponentFactoryTraitTest.php" line="106" assertions="2" time="0.001198"/>
        <testcase name="button_large_adds_size_class" class="Tests\ComponentFactoryTraitTest" classname="Tests.ComponentFactoryTraitTest" file="C:\Users\prote\Documents\software-devel\html\tests\ComponentFactoryTraitTest.php" line="119" assertions="1" time="0.001184"/>
        <testcase name="button_small_adds_size_class" class="Tests\ComponentFactoryTraitTest" classname="Tests.ComponentFactoryTraitTest" file="C:\Users\prote\Documents\software-devel\html\tests\ComponentFactoryTraitTest.php" line="132" assertions="1" time="0.002804"/>
        <testcase name="button_submit_type_sets_correct_type_attribute" class="Tests\ComponentFactoryTraitTest" classname="Tests.ComponentFactoryTraitTest" file="C:\Users\prote\Documents\software-devel\html\tests\ComponentFactoryTraitTest.php" line="145" assertions="1" time="0.001030"/>
        <testcase name="card_creates_card_container_with_correct_classes" class="Tests\ComponentFactoryTraitTest" classname="Tests.ComponentFactoryTraitTest" file="C:\Users\prote\Documents\software-devel\html\tests\ComponentFactoryTraitTest.php" line="161" assertions="2" time="0.000870"/>
        <testcase name="card_header_creates_header_element" class="Tests\ComponentFactoryTraitTest" classname="Tests.ComponentFactoryTraitTest" file="C:\Users\prote\Documents\software-devel\html\tests\ComponentFactoryTraitTest.php" line="174" assertions="2" time="0.000818"/>
        <testcase name="card_body_creates_body_element" class="Tests\ComponentFactoryTraitTest" classname="Tests.ComponentFactoryTraitTest" file="C:\Users\prote\Documents\software-devel\html\tests\ComponentFactoryTraitTest.php" line="187" assertions="2" time="0.000794"/>
        <testcase name="card_footer_creates_footer_element" class="Tests\ComponentFactoryTraitTest" classname="Tests.ComponentFactoryTraitTest" file="C:\Users\prote\Documents\software-devel\html\tests\ComponentFactoryTraitTest.php" line="200" assertions="2" time="0.000850"/>
        <testcase name="card_with_image_adds_image_class" class="Tests\ComponentFactoryTraitTest" classname="Tests.ComponentFactoryTraitTest" file="C:\Users\prote\Documents\software-devel\html\tests\ComponentFactoryTraitTest.php" line="213" assertions="3" time="0.001040"/>
        <testcase name="card_text_creates_text_element" class="Tests\ComponentFactoryTraitTest" classname="Tests.ComponentFactoryTraitTest" file="C:\Users\prote\Documents\software-devel\html\tests\ComponentFactoryTraitTest.php" line="227" assertions="2" time="0.002972"/>
        <testcase name="card_title_creates_title_element" class="Tests\ComponentFactoryTraitTest" classname="Tests.ComponentFactoryTraitTest" file="C:\Users\prote\Documents\software-devel\html\tests\ComponentFactoryTraitTest.php" line="240" assertions="1" time="0.000903"/>
        <testcase name="card_subtitle_creates_subtitle_element" class="Tests\ComponentFactoryTraitTest" classname="Tests.ComponentFactoryTraitTest" file="C:\Users\prote\Documents\software-devel\html\tests\ComponentFactoryTraitTest.php" line="252" assertions="1" time="0.000831"/>
        <testcase name="alert_primary_creates_alert_with_correct_classes" class="Tests\ComponentFactoryTraitTest" classname="Tests.ComponentFactoryTraitTest" file="C:\Users\prote\Documents\software-devel\html\tests\ComponentFactoryTraitTest.php" line="268" assertions="3" time="0.001328"/>
        <testcase name="alert_success_creates_alert_with_success_class" class="Tests\ComponentFactoryTraitTest" classname="Tests.ComponentFactoryTraitTest" file="C:\Users\prote\Documents\software-devel\html\tests\ComponentFactoryTraitTest.php" line="282" assertions="2" time="0.001161"/>
        <testcase name="alert_warning_creates_alert_with_warning_class" class="Tests\ComponentFactoryTraitTest" classname="Tests.ComponentFactoryTraitTest" file="C:\Users\prote\Documents\software-devel\html\tests\ComponentFactoryTraitTest.php" line="295" assertions="2" time="0.001453"/>
        <testcase name="alert_danger_creates_alert_with_danger_class" class="Tests\ComponentFactoryTraitTest" classname="Tests.ComponentFactoryTraitTest" file="C:\Users\prote\Documents\software-devel\html\tests\ComponentFactoryTraitTest.php" line="308" assertions="2" time="0.002896"/>
        <testcase name="alert_info_creates_alert_with_info_class" class="Tests\ComponentFactoryTraitTest" classname="Tests.ComponentFactoryTraitTest" file="C:\Users\prote\Documents\software-devel\html\tests\ComponentFactoryTraitTest.php" line="321" assertions="2" time="0.001170"/>
        <testcase name="alert_dismissible_adds_dismissible_class" class="Tests\ComponentFactoryTraitTest" classname="Tests.ComponentFactoryTraitTest" file="C:\Users\prote\Documents\software-devel\html\tests\ComponentFactoryTraitTest.php" line="334" assertions="1" time="0.001538"/>
        <testcase name="alert_sets_role_attribute" class="Tests\ComponentFactoryTraitTest" classname="Tests.ComponentFactoryTraitTest" file="C:\Users\prote\Documents\software-devel\html\tests\ComponentFactoryTraitTest.php" line="346" assertions="1" time="0.001005"/>
        <testcase name="badge_primary_creates_badge_with_correct_classes" class="Tests\ComponentFactoryTraitTest" classname="Tests.ComponentFactoryTraitTest" file="C:\Users\prote\Documents\software-devel\html\tests\ComponentFactoryTraitTest.php" line="362" assertions="3" time="0.001072"/>
        <testcase name="badge_success_creates_badge_with_success_class" class="Tests\ComponentFactoryTraitTest" classname="Tests.ComponentFactoryTraitTest" file="C:\Users\prote\Documents\software-devel\html\tests\ComponentFactoryTraitTest.php" line="376" assertions="2" time="0.001140"/>
        <testcase name="badge_danger_creates_badge_with_danger_class" class="Tests\ComponentFactoryTraitTest" classname="Tests.ComponentFactoryTraitTest" file="C:\Users\prote\Documents\software-devel\html\tests\ComponentFactoryTraitTest.php" line="389" assertions="2" time="0.001297"/>
        <testcase name="badge_warning_creates_badge_with_warning_class" class="Tests\ComponentFactoryTraitTest" classname="Tests.ComponentFactoryTraitTest" file="C:\Users\prote\Documents\software-devel\html\tests\ComponentFactoryTraitTest.php" line="402" assertions="2" time="0.001292"/>
        <testcase name="badge_info_creates_badge_with_info_class" class="Tests\ComponentFactoryTraitTest" classname="Tests.ComponentFactoryTraitTest" file="C:\Users\prote\Documents\software-devel\html\tests\ComponentFactoryTraitTest.php" line="415" assertions="2" time="0.002340"/>
        <testcase name="badge_secondary_creates_badge_with_secondary_class" class="Tests\ComponentFactoryTraitTest" classname="Tests.ComponentFactoryTraitTest" file="C:\Users\prote\Documents\software-devel\html\tests\ComponentFactoryTraitTest.php" line="428" assertions="2" time="0.001534"/>
        <testcase name="badge_pill_adds_pill_class" class="Tests\ComponentFactoryTraitTest" classname="Tests.ComponentFactoryTraitTest" file="C:\Users\prote\Documents\software-devel\html\tests\ComponentFactoryTraitTest.php" line="441" assertions="1" time="0.001498"/>
        <testcase name="modal_creates_modal_container_with_correct_classes" class="Tests\ComponentFactoryTraitTest" classname="Tests.ComponentFactoryTraitTest" file="C:\Users\prote\Documents\software-devel\html\tests\ComponentFactoryTraitTest.php" line="457" assertions="3" time="0.001107"/>
        <testcase name="modal_sets_role_attribute" class="Tests\ComponentFactoryTraitTest" classname="Tests.ComponentFactoryTraitTest" file="C:\Users\prote\Documents\software-devel\html\tests\ComponentFactoryTraitTest.php" line="471" assertions="1" time="0.002656"/>
        <testcase name="modal_dialog_creates_dialog_wrapper" class="Tests\ComponentFactoryTraitTest" classname="Tests.ComponentFactoryTraitTest" file="C:\Users\prote\Documents\software-devel\html\tests\ComponentFactoryTraitTest.php" line="483" assertions="2" time="0.000921"/>
        <testcase name="modal_content_creates_content_wrapper" class="Tests\ComponentFactoryTraitTest" classname="Tests.ComponentFactoryTraitTest" file="C:\Users\prote\Documents\software-devel\html\tests\ComponentFactoryTraitTest.php" line="496" assertions="2" time="0.000911"/>
        <testcase name="modal_header_creates_header_element" class="Tests\ComponentFactoryTraitTest" classname="Tests.ComponentFactoryTraitTest" file="C:\Users\prote\Documents\software-devel\html\tests\ComponentFactoryTraitTest.php" line="509" assertions="2" time="0.000988"/>
        <testcase name="modal_body_creates_body_element" class="Tests\ComponentFactoryTraitTest" classname="Tests.ComponentFactoryTraitTest" file="C:\Users\prote\Documents\software-devel\html\tests\ComponentFactoryTraitTest.php" line="522" assertions="2" time="0.000945"/>
        <testcase name="modal_footer_creates_footer_element" class="Tests\ComponentFactoryTraitTest" classname="Tests.ComponentFactoryTraitTest" file="C:\Users\prote\Documents\software-devel\html\tests\ComponentFactoryTraitTest.php" line="535" assertions="2" time="0.000946"/>
        <testcase name="modal_xlarge_adds_xlarge_class" class="Tests\ComponentFactoryTraitTest" classname="Tests.ComponentFactoryTraitTest" file="C:\Users\prote\Documents\software-devel\html\tests\ComponentFactoryTraitTest.php" line="548" assertions="1" time="0.001086"/>
        <testcase name="modal_large_adds_large_class" class="Tests\ComponentFactoryTraitTest" classname="Tests.ComponentFactoryTraitTest" file="C:\Users\prote\Documents\software-devel\html\tests\ComponentFactoryTraitTest.php" line="560" assertions="1" time="0.010884"/>
        <testcase name="modal_small_adds_small_class" class="Tests\ComponentFactoryTraitTest" classname="Tests.ComponentFactoryTraitTest" file="C:\Users\prote\Documents\software-devel\html\tests\ComponentFactoryTraitTest.php" line="572" assertions="1" time="0.001040"/>
        <testcase name="navbar_creates_navbar_with_correct_classes" class="Tests\ComponentFactoryTraitTest" classname="Tests.ComponentFactoryTraitTest" file="C:\Users\prote\Documents\software-devel\html\tests\ComponentFactoryTraitTest.php" line="588" assertions="2" time="0.001187"/>
        <testcase name="navbar_dark_adds_dark_class" class="Tests\ComponentFactoryTraitTest" classname="Tests.ComponentFactoryTraitTest" file="C:\Users\prote\Documents\software-devel\html\tests\ComponentFactoryTraitTest.php" line="601" assertions="1" time="0.001065"/>
        <testcase name="navbar_light_adds_light_class" class="Tests\ComponentFactoryTraitTest" classname="Tests.ComponentFactoryTraitTest" file="C:\Users\prote\Documents\software-devel\html\tests\ComponentFactoryTraitTest.php" line="613" assertions="1" time="0.001061"/>
        <testcase name="navbar_bg_primary_adds_background_class" class="Tests\ComponentFactoryTraitTest" classname="Tests.ComponentFactoryTraitTest" file="C:\Users\prote\Documents\software-devel\html\tests\ComponentFactoryTraitTest.php" line="625" assertions="1" time="0.001170"/>
        <testcase name="navbar_brand_creates_brand_element" class="Tests\ComponentFactoryTraitTest" classname="Tests.ComponentFactoryTraitTest" file="C:\Users\prote\Documents\software-devel\html\tests\ComponentFactoryTraitTest.php" line="637" assertions="2" time="0.000897"/>
        <testcase name="navbar_nav_creates_nav_list" class="Tests\ComponentFactoryTraitTest" classname="Tests.ComponentFactoryTraitTest" file="C:\Users\prote\Documents\software-devel\html\tests\ComponentFactoryTraitTest.php" line="650" assertions="2" time="0.000882"/>
        <testcase name="navbar_item_creates_list_item" class="Tests\ComponentFactoryTraitTest" classname="Tests.ComponentFactoryTraitTest" file="C:\Users\prote\Documents\software-devel\html\tests\ComponentFactoryTraitTest.php" line="663" assertions="2" time="0.000941"/>
        <testcase name="navbar_link_creates_navigation_link" class="Tests\ComponentFactoryTraitTest" classname="Tests.ComponentFactoryTraitTest" file="C:\Users\prote\Documents\software-devel\html\tests\ComponentFactoryTraitTest.php" line="676" assertions="3" time="0.001116"/>
        <testcase name="navbar_link_active_adds_active_class" class="Tests\ComponentFactoryTraitTest" classname="Tests.ComponentFactoryTraitTest" file="C:\Users\prote\Documents\software-devel\html\tests\ComponentFactoryTraitTest.php" line="690" assertions="1" time="0.001017"/>
        <testcase name="navbar_toggler_creates_toggle_button" class="Tests\ComponentFactoryTraitTest" classname="Tests.ComponentFactoryTraitTest" file="C:\Users\prote\Documents\software-devel\html\tests\ComponentFactoryTraitTest.php" line="702" assertions="3" time="0.001253"/>
        <testcase name="pagination_creates_pagination_element" class="Tests\ComponentFactoryTraitTest" classname="Tests.ComponentFactoryTraitTest" file="C:\Users\prote\Documents\software-devel\html\tests\ComponentFactoryTraitTest.php" line="720" assertions="1" time="0.000697"/>
        <testcase name="pagination_list_creates_list_element" class="Tests\ComponentFactoryTraitTest" classname="Tests.ComponentFactoryTraitTest" file="C:\Users\prote\Documents\software-devel\html\tests\ComponentFactoryTraitTest.php" line="732" assertions="2" time="0.000928"/>
        <testcase name="pagination_item_creates_list_item" class="Tests\ComponentFactoryTraitTest" classname="Tests.ComponentFactoryTraitTest" file="C:\Users\prote\Documents\software-devel\html\tests\ComponentFactoryTraitTest.php" line="745" assertions="2" time="0.000995"/>
        <testcase name="pagination_item_active_adds_active_class" class="Tests\ComponentFactoryTraitTest" classname="Tests.ComponentFactoryTraitTest" file="C:\Users\prote\Documents\software-devel\html\tests\ComponentFactoryTraitTest.php" line="758" assertions="1" time="0.001012"/>
        <testcase name="pagination_item_disabled_adds_disabled_class" class="Tests\ComponentFactoryTraitTest" classname="Tests.ComponentFactoryTraitTest" file="C:\Users\prote\Documents\software-devel\html\tests\ComponentFactoryTraitTest.php" line="770" assertions="1" time="0.001581"/>
        <testcase name="pagination_link_creates_link_element" class="Tests\ComponentFactoryTraitTest" classname="Tests.ComponentFactoryTraitTest" file="C:\Users\prote\Documents\software-devel\html\tests\ComponentFactoryTraitTest.php" line="782" assertions="3" time="0.001521"/>
        <testcase name="pagination_link_previous_creates_previous_link" class="Tests\ComponentFactoryTraitTest" classname="Tests.ComponentFactoryTraitTest" file="C:\Users\prote\Documents\software-devel\html\tests\ComponentFactoryTraitTest.php" line="796" assertions="1" time="0.001470"/>
        <testcase name="pagination_link_next_creates_next_link" class="Tests\ComponentFactoryTraitTest" classname="Tests.ComponentFactoryTraitTest" file="C:\Users\prote\Documents\software-devel\html\tests\ComponentFactoryTraitTest.php" line="808" assertions="1" time="0.001357"/>
        <testcase name="pagination_large_adds_size_class" class="Tests\ComponentFactoryTraitTest" classname="Tests.ComponentFactoryTraitTest" file="C:\Users\prote\Documents\software-devel\html\tests\ComponentFactoryTraitTest.php" line="820" assertions="1" time="0.001042"/>
        <testcase name="pagination_small_adds_size_class" class="Tests\ComponentFactoryTraitTest" classname="Tests.ComponentFactoryTraitTest" file="C:\Users\prote\Documents\software-devel\html\tests\ComponentFactoryTraitTest.php" line="832" assertions="1" time="0.001309"/>
      </testsuite>
      <testsuite name="Ksfraser\HTML\Tests\DataAttributeTraitTest" file="C:\Users\prote\Documents\software-devel\html\tests\DataAttributeTraitTest.php" tests="51" assertions="84" errors="0" warnings="0" failures="0" skipped="0" time="0.073745">
        <testcase name="testSetSingleDataAttribute" class="Ksfraser\HTML\Tests\DataAttributeTraitTest" classname="Ksfraser.HTML.Tests.DataAttributeTraitTest" file="C:\Users\prote\Documents\software-devel\html\tests\DataAttributeTraitTest.php" line="40" assertions="2" time="0.000688"/>
        <testcase name="testSetMultipleDataAttributes" class="Ksfraser\HTML\Tests\DataAttributeTraitTest" classname="Ksfraser.HTML.Tests.DataAttributeTraitTest" file="C:\Users\prote\Documents\software-devel\html\tests\DataAttributeTraitTest.php" line="52" assertions="3" time="0.000662"/>
        <testcase name="testSetDataAttributeWithBatch" class="Ksfraser\HTML\Tests\DataAttributeTraitTest" classname="Ksfraser.HTML.Tests.DataAttributeTraitTest" file="C:\Users\prote\Documents\software-devel\html\tests\DataAttributeTraitTest.php" line="68" assertions="3" time="0.000739"/>
        <testcase name="testGetAllDataAttributes" class="Ksfraser\HTML\Tests\DataAttributeTraitTest" classname="Ksfraser.HTML.Tests.DataAttributeTraitTest" file="C:\Users\prote\Documents\software-devel\html\tests\DataAttributeTraitTest.php" line="87" assertions="4" time="0.000749"/>
        <testcase name="testDataAttributeInHtmlOutput" class="Ksfraser\HTML\Tests\DataAttributeTraitTest" classname="Ksfraser.HTML.Tests.DataAttributeTraitTest" file="C:\Users\prote\Documents\software-devel\html\tests\DataAttributeTraitTest.php" line="105" assertions="1" time="0.000742"/>
        <testcase name="testSetDataWithStringValue" class="Ksfraser\HTML\Tests\DataAttributeTraitTest" classname="Ksfraser.HTML.Tests.DataAttributeTraitTest" file="C:\Users\prote\Documents\software-devel\html\tests\DataAttributeTraitTest.php" line="120" assertions="1" time="0.000607"/>
        <testcase name="testSetDataWithIntegerValue" class="Ksfraser\HTML\Tests\DataAttributeTraitTest" classname="Ksfraser.HTML.Tests.DataAttributeTraitTest" file="C:\Users\prote\Documents\software-devel\html\tests\DataAttributeTraitTest.php" line="131" assertions="1" time="0.000834"/>
        <testcase name="testSetDataWithBooleanValue" class="Ksfraser\HTML\Tests\DataAttributeTraitTest" classname="Ksfraser.HTML.Tests.DataAttributeTraitTest" file="C:\Users\prote\Documents\software-devel\html\tests\DataAttributeTraitTest.php" line="143" assertions="2" time="0.000907"/>
        <testcase name="testSetDataWithArrayValue" class="Ksfraser\HTML\Tests\DataAttributeTraitTest" classname="Ksfraser.HTML.Tests.DataAttributeTraitTest" file="C:\Users\prote\Documents\software-devel\html\tests\DataAttributeTraitTest.php" line="158" assertions="1" time="0.000718"/>
        <testcase name="testSetDataWithJsonSerializableObject" class="Ksfraser\HTML\Tests\DataAttributeTraitTest" classname="Ksfraser.HTML.Tests.DataAttributeTraitTest" file="C:\Users\prote\Documents\software-devel\html\tests\DataAttributeTraitTest.php" line="172" assertions="1" time="0.000692"/>
        <testcase name="testSetDataWithFloatValue" class="Ksfraser\HTML\Tests\DataAttributeTraitTest" classname="Ksfraser.HTML.Tests.DataAttributeTraitTest" file="C:\Users\prote\Documents\software-devel\html\tests\DataAttributeTraitTest.php" line="188" assertions="1" time="0.000836"/>
        <testcase name="testSetDataWithEmptyString" class="Ksfraser\HTML\Tests\DataAttributeTraitTest" classname="Ksfraser.HTML.Tests.DataAttributeTraitTest" file="C:\Users\prote\Documents\software-devel\html\tests\DataAttributeTraitTest.php" line="200" assertions="1" time="0.000627"/>
        <testcase name="testSetDataWithNull" class="Ksfraser\HTML\Tests\DataAttributeTraitTest" classname="Ksfraser.HTML.Tests.DataAttributeTraitTest" file="C:\Users\prote\Documents\software-devel\html\tests\DataAttributeTraitTest.php" line="211" assertions="1" time="0.000668"/>
        <testcase name="testDataAttributeEscapesDoubleQuotes" class="Ksfraser\HTML\Tests\DataAttributeTraitTest" classname="Ksfraser.HTML.Tests.DataAttributeTraitTest" file="C:\Users\prote\Documents\software-devel\html\tests\DataAttributeTraitTest.php" line="226" assertions="2" time="0.028843"/>
        <testcase name="testDataAttributeEscapesLessThan" class="Ksfraser\HTML\Tests\DataAttributeTraitTest" classname="Ksfraser.HTML.Tests.DataAttributeTraitTest" file="C:\Users\prote\Documents\software-devel\html\tests\DataAttributeTraitTest.php" line="239" assertions="1" time="0.000750"/>
        <testcase name="testDataAttributeEscapesGreaterThan" class="Ksfraser\HTML\Tests\DataAttributeTraitTest" classname="Ksfraser.HTML.Tests.DataAttributeTraitTest" file="C:\Users\prote\Documents\software-devel\html\tests\DataAttributeTraitTest.php" line="251" assertions="1" time="0.000753"/>
        <testcase name="testDataAttributeEscapesAmpersand" class="Ksfraser\HTML\Tests\DataAttributeTraitTest" classname="Ksfraser.HTML.Tests.DataAttributeTraitTest" file="C:\Users\prote\Documents\software-devel\html\tests\DataAttributeTraitTest.php" line="263" assertions="1" time="0.000732"/>
        <testcase name="testDataAttributeEscapesSingleQuote" class="Ksfraser\HTML\Tests\DataAttributeTraitTest" classname="Ksfraser.HTML.Tests.DataAttributeTraitTest" file="C:\Users\prote\Documents\software-devel\html\tests\DataAttributeTraitTest.php" line="275" assertions="1" time="0.002221"/>
        <testcase name="testDataAttributeEscapesJsonWithSpecialChars" class="Ksfraser\HTML\Tests\DataAttributeTraitTest" classname="Ksfraser.HTML.Tests.DataAttributeTraitTest" file="C:\Users\prote\Documents\software-devel\html\tests\DataAttributeTraitTest.php" line="288" assertions="2" time="0.000841"/>
        <testcase name="testRemoveDataAttribute" class="Ksfraser\HTML\Tests\DataAttributeTraitTest" classname="Ksfraser.HTML.Tests.DataAttributeTraitTest" file="C:\Users\prote\Documents\software-devel\html\tests\DataAttributeTraitTest.php" line="303" assertions="2" time="0.000957"/>
        <testcase name="testRemoveNonExistentDataAttribute" class="Ksfraser\HTML\Tests\DataAttributeTraitTest" classname="Ksfraser.HTML.Tests.DataAttributeTraitTest" file="C:\Users\prote\Documents\software-devel\html\tests\DataAttributeTraitTest.php" line="317" assertions="1" time="0.000608"/>
        <testcase name="testClearAllDataAttributes" class="Ksfraser\HTML\Tests\DataAttributeTraitTest" classname="Ksfraser.HTML.Tests.DataAttributeTraitTest" file="C:\Users\prote\Documents\software-devel\html\tests\DataAttributeTraitTest.php" line="329" assertions="2" time="0.000711"/>
        <testcase name="testRemoveDataRemovedFromHtml" class="Ksfraser\HTML\Tests\DataAttributeTraitTest" classname="Ksfraser.HTML.Tests.DataAttributeTraitTest" file="C:\Users\prote\Documents\software-devel\html\tests\DataAttributeTraitTest.php" line="347" assertions="2" time="0.000829"/>
        <testcase name="testUpdateExistingDataAttribute" class="Ksfraser\HTML\Tests\DataAttributeTraitTest" classname="Ksfraser.HTML.Tests.DataAttributeTraitTest" file="C:\Users\prote\Documents\software-devel\html\tests\DataAttributeTraitTest.php" line="363" assertions="2" time="0.000753"/>
        <testcase name="testUpdateExistingDataAttributeChangeType" class="Ksfraser\HTML\Tests\DataAttributeTraitTest" classname="Ksfraser.HTML.Tests.DataAttributeTraitTest" file="C:\Users\prote\Documents\software-devel\html\tests\DataAttributeTraitTest.php" line="377" assertions="1" time="0.001018"/>
        <testcase name="testBatchUpdateMergesWithExisting" class="Ksfraser\HTML\Tests\DataAttributeTraitTest" classname="Ksfraser.HTML.Tests.DataAttributeTraitTest" file="C:\Users\prote\Documents\software-devel\html\tests\DataAttributeTraitTest.php" line="391" assertions="5" time="0.001713"/>
        <testcase name="testBatchUpdateOverwritesExisting" class="Ksfraser\HTML\Tests\DataAttributeTraitTest" classname="Ksfraser.HTML.Tests.DataAttributeTraitTest" file="C:\Users\prote\Documents\software-devel\html\tests\DataAttributeTraitTest.php" line="411" assertions="1" time="0.000695"/>
        <testcase name="testDataAttributeRendersWithDataPrefix" class="Ksfraser\HTML\Tests\DataAttributeTraitTest" classname="Ksfraser.HTML.Tests.DataAttributeTraitTest" file="C:\Users\prote\Documents\software-devel\html\tests\DataAttributeTraitTest.php" line="426" assertions="1" time="0.000679"/>
        <testcase name="testDataAttributeWithCamelCaseConvertsToKebabCase" class="Ksfraser\HTML\Tests\DataAttributeTraitTest" classname="Ksfraser.HTML.Tests.DataAttributeTraitTest" file="C:\Users\prote\Documents\software-devel\html\tests\DataAttributeTraitTest.php" line="439" assertions="2" time="0.000807"/>
        <testcase name="testDataAttributeWithKebabCaseFormat" class="Ksfraser\HTML\Tests\DataAttributeTraitTest" classname="Ksfraser.HTML.Tests.DataAttributeTraitTest" file="C:\Users\prote\Documents\software-devel\html\tests\DataAttributeTraitTest.php" line="454" assertions="1" time="0.000744"/>
        <testcase name="testDataAttributeWithComplexName" class="Ksfraser\HTML\Tests\DataAttributeTraitTest" classname="Ksfraser.HTML.Tests.DataAttributeTraitTest" file="C:\Users\prote\Documents\software-devel\html\tests\DataAttributeTraitTest.php" line="466" assertions="1" time="0.000709"/>
        <testcase name="testDataAttributeWithNumbersInName" class="Ksfraser\HTML\Tests\DataAttributeTraitTest" classname="Ksfraser.HTML.Tests.DataAttributeTraitTest" file="C:\Users\prote\Documents\software-devel\html\tests\DataAttributeTraitTest.php" line="478" assertions="1" time="0.000822"/>
        <testcase name="testSetDataReturnsSelf" class="Ksfraser\HTML\Tests\DataAttributeTraitTest" classname="Ksfraser.HTML.Tests.DataAttributeTraitTest" file="C:\Users\prote\Documents\software-devel\html\tests\DataAttributeTraitTest.php" line="492" assertions="1" time="0.000669"/>
        <testcase name="testChainMultipleSetDataCalls" class="Ksfraser\HTML\Tests\DataAttributeTraitTest" classname="Ksfraser.HTML.Tests.DataAttributeTraitTest" file="C:\Users\prote\Documents\software-devel\html\tests\DataAttributeTraitTest.php" line="503" assertions="1" time="0.000672"/>
        <testcase name="testChainDataAttributesWithOtherMethods" class="Ksfraser\HTML\Tests\DataAttributeTraitTest" classname="Ksfraser.HTML.Tests.DataAttributeTraitTest" file="C:\Users\prote\Documents\software-devel\html\tests\DataAttributeTraitTest.php" line="519" assertions="3" time="0.002556"/>
        <testcase name="testChainDataAttributesWithCssClasses" class="Ksfraser\HTML\Tests\DataAttributeTraitTest" classname="Ksfraser.HTML.Tests.DataAttributeTraitTest" file="C:\Users\prote\Documents\software-devel\html\tests\DataAttributeTraitTest.php" line="537" assertions="2" time="0.001151"/>
        <testcase name="testRemoveDataReturnsSelf" class="Ksfraser\HTML\Tests\DataAttributeTraitTest" classname="Ksfraser.HTML.Tests.DataAttributeTraitTest" file="C:\Users\prote\Documents\software-devel\html\tests\DataAttributeTraitTest.php" line="554" assertions="1" time="0.000616"/>
        <testcase name="testClearDataReturnsSelf" class="Ksfraser\HTML\Tests\DataAttributeTraitTest" classname="Ksfraser.HTML.Tests.DataAttributeTraitTest" file="C:\Users\prote\Documents\software-devel\html\tests\DataAttributeTraitTest.php" line="566" assertions="1" time="0.000582"/>
        <testcase name="testSetDataWithVeryLongValue" class="Ksfraser\HTML\Tests\DataAttributeTraitTest" classname="Ksfraser.HTML.Tests.DataAttributeTraitTest" file="C:\Users\prote\Documents\software-devel\html\tests\DataAttributeTraitTest.php" line="579" assertions="1" time="0.000604"/>
        <testcase name="testSetDataWithUnicodeCharacters" class="Ksfraser\HTML\Tests\DataAttributeTraitTest" classname="Ksfraser.HTML.Tests.DataAttributeTraitTest" file="C:\Users\prote\Documents\software-devel\html\tests\DataAttributeTraitTest.php" line="591" assertions="1" time="0.000568"/>
        <testcase name="testSetDataWithEmojiCharacters" class="Ksfraser\HTML\Tests\DataAttributeTraitTest" classname="Ksfraser.HTML.Tests.DataAttributeTraitTest" file="C:\Users\prote\Documents\software-devel\html\tests\DataAttributeTraitTest.php" line="602" assertions="1" time="0.000670"/>
        <testcase name="testGetDataNonExistentKey" class="Ksfraser\HTML\Tests\DataAttributeTraitTest" classname="Ksfraser.HTML.Tests.DataAttributeTraitTest" file="C:\Users\prote\Documents\software-devel\html\tests\DataAttributeTraitTest.php" line="613" assertions="1" time="0.002117"/>
        <testcase name="testGetDataWithEmptyKey" class="Ksfraser\HTML\Tests\DataAttributeTraitTest" classname="Ksfraser.HTML.Tests.DataAttributeTraitTest" file="C:\Users\prote\Documents\software-devel\html\tests\DataAttributeTraitTest.php" line="624" assertions="1" time="0.000664"/>
        <testcase name="testSetDataWithSpacesInName" class="Ksfraser\HTML\Tests\DataAttributeTraitTest" classname="Ksfraser.HTML.Tests.DataAttributeTraitTest" file="C:\Users\prote\Documents\software-devel\html\tests\DataAttributeTraitTest.php" line="635" assertions="1" time="0.000754"/>
        <testcase name="testGetAllDataReturnsEmptyArray" class="Ksfraser\HTML\Tests\DataAttributeTraitTest" classname="Ksfraser.HTML.Tests.DataAttributeTraitTest" file="C:\Users\prote\Documents\software-devel\html\tests\DataAttributeTraitTest.php" line="652" assertions="2" time="0.001065"/>
        <testcase name="testDataAttributesWithNestedElements" class="Ksfraser\HTML\Tests\DataAttributeTraitTest" classname="Ksfraser.HTML.Tests.DataAttributeTraitTest" file="C:\Users\prote\Documents\software-devel\html\tests\DataAttributeTraitTest.php" line="666" assertions="2" time="0.001435"/>
        <testcase name="testDataAttributesRespectOtherAttributes" class="Ksfraser\HTML\Tests\DataAttributeTraitTest" classname="Ksfraser.HTML.Tests.DataAttributeTraitTest" file="C:\Users\prote\Documents\software-devel\html\tests\DataAttributeTraitTest.php" line="697" assertions="3" time="0.001084"/>
        <testcase name="testDataAttributesWithContent" class="Ksfraser\HTML\Tests\DataAttributeTraitTest" classname="Ksfraser.HTML.Tests.DataAttributeTraitTest" file="C:\Users\prote\Documents\software-devel\html\tests\DataAttributeTraitTest.php" line="715" assertions="2" time="0.000844"/>
        <testcase name="testBootstrapDataAttributePattern" class="Ksfraser\HTML\Tests\DataAttributeTraitTest" classname="Ksfraser.HTML.Tests.DataAttributeTraitTest" file="C:\Users\prote\Documents\software-devel\html\tests\DataAttributeTraitTest.php" line="733" assertions="2" time="0.001040"/>
        <testcase name="testAjaxDataAttributes" class="Ksfraser\HTML\Tests\DataAttributeTraitTest" classname="Ksfraser.HTML.Tests.DataAttributeTraitTest" file="C:\Users\prote\Documents\software-devel\html\tests\DataAttributeTraitTest.php" line="750" assertions="3" time="0.001089"/>
        <testcase name="testCustomDataAttributePattern" class="Ksfraser\HTML\Tests\DataAttributeTraitTest" classname="Ksfraser.HTML.Tests.DataAttributeTraitTest" file="C:\Users\prote\Documents\software-devel\html\tests\DataAttributeTraitTest.php" line="768" assertions="3" time="0.000914"/>
      </testsuite>
      <testsuite name="DeleteButtonTest" file="C:\Users\prote\Documents\software-devel\html\tests\DeleteButtonTest.php" tests="2" assertions="2" errors="0" warnings="0" failures="0" skipped="0" time="0.004738">
        <testcase name="testDefaultLabel" class="DeleteButtonTest" classname="DeleteButtonTest" file="C:\Users\prote\Documents\software-devel\html\tests\DeleteButtonTest.php" line="7" assertions="1" time="0.001730"/>
        <testcase name="testSetConfirmation" class="DeleteButtonTest" classname="DeleteButtonTest" file="C:\Users\prote\Documents\software-devel\html\tests\DeleteButtonTest.php" line="11" assertions="1" time="0.003008"/>
      </testsuite>
      <testsuite name="EditButtonTest" file="C:\Users\prote\Documents\software-devel\html\tests\EditButtonTest.php" tests="2" assertions="2" errors="0" warnings="0" failures="0" skipped="0" time="0.002600">
        <testcase name="testDefaultLabel" class="EditButtonTest" classname="EditButtonTest" file="C:\Users\prote\Documents\software-devel\html\tests\EditButtonTest.php" line="7" assertions="1" time="0.001474"/>
        <testcase name="testSetOnclickFunction" class="EditButtonTest" classname="EditButtonTest" file="C:\Users\prote\Documents\software-devel\html\tests\EditButtonTest.php" line="11" assertions="1" time="0.001127"/>
      </testsuite>
      <testsuite name="Ksfraser\HTML\Tests\ElementIntrospectionTraitTest" file="C:\Users\prote\Documents\software-devel\html\tests\ElementIntrospectionTraitTest.php" tests="1" assertions="1" errors="0" warnings="0" failures="0" skipped="0" time="0.000798">
        <testcase name="testGetDirectChildren" class="Ksfraser\HTML\Tests\ElementIntrospectionTraitTest" classname="Ksfraser.HTML.Tests.ElementIntrospectionTraitTest" file="C:\Users\prote\Documents\software-devel\html\tests\ElementIntrospectionTraitTest.php" line="44" assertions="1" time="0.000798"/>
      </testsuite>
      <testsuite name="Ksfraser\HTML\Tests\EventHandlerTraitTest" file="C:\Users\prote\Documents\software-devel\html\tests\EventHandlerTraitTest.php" tests="43" assertions="69" errors="4" warnings="0" failures="0" skipped="0" time="0.040084">
        <testcase name="testOnClickAddsClickHandler" class="Ksfraser\HTML\Tests\EventHandlerTraitTest" classname="Ksfraser.HTML.Tests.EventHandlerTraitTest" file="C:\Users\prote\Documents\software-devel\html\tests\EventHandlerTraitTest.php" line="69" assertions="1" time="0.001071"/>
        <testcase name="testOnClickReturnsElement" class="Ksfraser\HTML\Tests\EventHandlerTraitTest" classname="Ksfraser.HTML.Tests.EventHandlerTraitTest" file="C:\Users\prote\Documents\software-devel\html\tests\EventHandlerTraitTest.php" line="81" assertions="1" time="0.001549"/>
        <testcase name="testOnClickRendersCorrectly" class="Ksfraser\HTML\Tests\EventHandlerTraitTest" classname="Ksfraser.HTML.Tests.EventHandlerTraitTest" file="C:\Users\prote\Documents\software-devel\html\tests\EventHandlerTraitTest.php" line="92" assertions="2" time="0.000724"/>
        <testcase name="testOnChangeAddsChangeHandler" class="Ksfraser\HTML\Tests\EventHandlerTraitTest" classname="Ksfraser.HTML.Tests.EventHandlerTraitTest" file="C:\Users\prote\Documents\software-devel\html\tests\EventHandlerTraitTest.php" line="107" assertions="1" time="0.000607"/>
        <testcase name="testOnSubmitAddsSubmitHandler" class="Ksfraser\HTML\Tests\EventHandlerTraitTest" classname="Ksfraser.HTML.Tests.EventHandlerTraitTest" file="C:\Users\prote\Documents\software-devel\html\tests\EventHandlerTraitTest.php" line="119" assertions="1" time="0.001282"/>
        <testcase name="testOnFocusAddsFocusHandler" class="Ksfraser\HTML\Tests\EventHandlerTraitTest" classname="Ksfraser.HTML.Tests.EventHandlerTraitTest" file="C:\Users\prote\Documents\software-devel\html\tests\EventHandlerTraitTest.php" line="131" assertions="1" time="0.002013"/>
        <testcase name="testOnBlurAddsBlurHandler" class="Ksfraser\HTML\Tests\EventHandlerTraitTest" classname="Ksfraser.HTML.Tests.EventHandlerTraitTest" file="C:\Users\prote\Documents\software-devel\html\tests\EventHandlerTraitTest.php" line="143" assertions="1" time="0.001359"/>
        <testcase name="testOnKeyPressAddsKeyPressHandler" class="Ksfraser\HTML\Tests\EventHandlerTraitTest" classname="Ksfraser.HTML.Tests.EventHandlerTraitTest" file="C:\Users\prote\Documents\software-devel\html\tests\EventHandlerTraitTest.php" line="155" assertions="1" time="0.000694"/>
        <testcase name="testOnKeyDownAddsKeyDownHandler" class="Ksfraser\HTML\Tests\EventHandlerTraitTest" classname="Ksfraser.HTML.Tests.EventHandlerTraitTest" file="C:\Users\prote\Documents\software-devel\html\tests\EventHandlerTraitTest.php" line="167" assertions="1" time="0.000724"/>
        <testcase name="testOnKeyUpAddsKeyUpHandler" class="Ksfraser\HTML\Tests\EventHandlerTraitTest" classname="Ksfraser.HTML.Tests.EventHandlerTraitTest" file="C:\Users\prote\Documents\software-devel\html\tests\EventHandlerTraitTest.php" line="179" assertions="1" time="0.001086"/>
        <testcase name="testOnMouseEnterAddsMouseEnterHandler" class="Ksfraser\HTML\Tests\EventHandlerTraitTest" classname="Ksfraser.HTML.Tests.EventHandlerTraitTest" file="C:\Users\prote\Documents\software-devel\html\tests\EventHandlerTraitTest.php" line="191" assertions="1" time="0.000668"/>
        <testcase name="testOnMouseLeaveAddsMouseLeaveHandler" class="Ksfraser\HTML\Tests\EventHandlerTraitTest" classname="Ksfraser.HTML.Tests.EventHandlerTraitTest" file="C:\Users\prote\Documents\software-devel\html\tests\EventHandlerTraitTest.php" line="203" assertions="1" time="0.000619"/>
        <testcase name="testOnMouseOverAddsMouseOverHandler" class="Ksfraser\HTML\Tests\EventHandlerTraitTest" classname="Ksfraser.HTML.Tests.EventHandlerTraitTest" file="C:\Users\prote\Documents\software-devel\html\tests\EventHandlerTraitTest.php" line="215" assertions="1" time="0.000613"/>
        <testcase name="testOnMouseOutAddsMouseOutHandler" class="Ksfraser\HTML\Tests\EventHandlerTraitTest" classname="Ksfraser.HTML.Tests.EventHandlerTraitTest" file="C:\Users\prote\Documents\software-devel\html\tests\EventHandlerTraitTest.php" line="227" assertions="1" time="0.001160"/>
        <testcase name="testOnDoubleClickAddsDoubleClickHandler" class="Ksfraser\HTML\Tests\EventHandlerTraitTest" classname="Ksfraser.HTML.Tests.EventHandlerTraitTest" file="C:\Users\prote\Documents\software-devel\html\tests\EventHandlerTraitTest.php" line="239" assertions="1" time="0.000660"/>
        <testcase name="testOnLoadAddsLoadHandler" class="Ksfraser\HTML\Tests\EventHandlerTraitTest" classname="Ksfraser.HTML.Tests.EventHandlerTraitTest" file="C:\Users\prote\Documents\software-devel\html\tests\EventHandlerTraitTest.php" line="251" assertions="1" time="0.000610"/>
        <testcase name="testOnErrorAddsErrorHandler" class="Ksfraser\HTML\Tests\EventHandlerTraitTest" classname="Ksfraser.HTML.Tests.EventHandlerTraitTest" file="C:\Users\prote\Documents\software-devel\html\tests\EventHandlerTraitTest.php" line="263" assertions="1" time="0.001077"/>
        <testcase name="testOnInputAddsInputHandler" class="Ksfraser\HTML\Tests\EventHandlerTraitTest" classname="Ksfraser.HTML.Tests.EventHandlerTraitTest" file="C:\Users\prote\Documents\software-devel\html\tests\EventHandlerTraitTest.php" line="275" assertions="1" time="0.000845"/>
        <testcase name="testOnScrollAddsScrollHandler" class="Ksfraser\HTML\Tests\EventHandlerTraitTest" classname="Ksfraser.HTML.Tests.EventHandlerTraitTest" file="C:\Users\prote\Documents\software-devel\html\tests\EventHandlerTraitTest.php" line="287" assertions="1" time="0.000674"/>
        <testcase name="testOnWheelAddsWheelHandler" class="Ksfraser\HTML\Tests\EventHandlerTraitTest" classname="Ksfraser.HTML.Tests.EventHandlerTraitTest" file="C:\Users\prote\Documents\software-devel\html\tests\EventHandlerTraitTest.php" line="299" assertions="1" time="0.000620"/>
        <testcase name="testEventHandlerCodeEscapesQuotes" class="Ksfraser\HTML\Tests\EventHandlerTraitTest" classname="Ksfraser.HTML.Tests.EventHandlerTraitTest" file="C:\Users\prote\Documents\software-devel\html\tests\EventHandlerTraitTest.php" line="314" assertions="1" time="0.000777">
          <error type="Error">Ksfraser\HTML\Tests\EventHandlerTraitTest::testEventHandlerCodeEscapesQuotes
Error: Call to undefined method Ksfraser\HTML\Tests\EventHandlerTraitTest::assertNotContainsString()

C:\Users\prote\Documents\software-devel\html\tests\EventHandlerTraitTest.php:322</error>
        </testcase>
        <testcase name="testEventHandlerCodeEscapesDoubleQuotes" class="Ksfraser\HTML\Tests\EventHandlerTraitTest" classname="Ksfraser.HTML.Tests.EventHandlerTraitTest" file="C:\Users\prote\Documents\software-devel\html\tests\EventHandlerTraitTest.php" line="331" assertions="1" time="0.000700"/>
        <testcase name="testEventHandlerCodeEscapesLessThan" class="Ksfraser\HTML\Tests\EventHandlerTraitTest" classname="Ksfraser.HTML.Tests.EventHandlerTraitTest" file="C:\Users\prote\Documents\software-devel\html\tests\EventHandlerTraitTest.php" line="347" assertions="2" time="0.000775"/>
        <testcase name="testEventHandlerCodeEscapesGreaterThan" class="Ksfraser\HTML\Tests\EventHandlerTraitTest" classname="Ksfraser.HTML.Tests.EventHandlerTraitTest" file="C:\Users\prote\Documents\software-devel\html\tests\EventHandlerTraitTest.php" line="363" assertions="2" time="0.000759"/>
        <testcase name="testEventHandlerCodeEscapesAmpersand" class="Ksfraser\HTML\Tests\EventHandlerTraitTest" classname="Ksfraser.HTML.Tests.EventHandlerTraitTest" file="C:\Users\prote\Documents\software-devel\html\tests\EventHandlerTraitTest.php" line="379" assertions="1" time="0.000625"/>
        <testcase name="testMultipleClickHandlersReplaced" class="Ksfraser\HTML\Tests\EventHandlerTraitTest" classname="Ksfraser.HTML.Tests.EventHandlerTraitTest" file="C:\Users\prote\Documents\software-devel\html\tests\EventHandlerTraitTest.php" line="395" assertions="2" time="0.000793"/>
        <testcase name="testDifferentEventHandlers" class="Ksfraser\HTML\Tests\EventHandlerTraitTest" classname="Ksfraser.HTML.Tests.EventHandlerTraitTest" file="C:\Users\prote\Documents\software-devel\html\tests\EventHandlerTraitTest.php" line="412" assertions="3" time="0.000761"/>
        <testcase name="testEventHandlersChainWithCSSClasses" class="Ksfraser\HTML\Tests\EventHandlerTraitTest" classname="Ksfraser.HTML.Tests.EventHandlerTraitTest" file="C:\Users\prote\Documents\software-devel\html\tests\EventHandlerTraitTest.php" line="432" assertions="5" time="0.001068"/>
        <testcase name="testEventChainMultipleHandlers" class="Ksfraser\HTML\Tests\EventHandlerTraitTest" classname="Ksfraser.HTML.Tests.EventHandlerTraitTest" file="C:\Users\prote\Documents\software-devel\html\tests\EventHandlerTraitTest.php" line="454" assertions="5" time="0.000936"/>
        <testcase name="testEventChainWithAttributes" class="Ksfraser\HTML\Tests\EventHandlerTraitTest" classname="Ksfraser.HTML.Tests.EventHandlerTraitTest" file="C:\Users\prote\Documents\software-devel\html\tests\EventHandlerTraitTest.php" line="476" assertions="5" time="0.001031"/>
        <testcase name="testEmptyEventHandlerCode" class="Ksfraser\HTML\Tests\EventHandlerTraitTest" classname="Ksfraser.HTML.Tests.EventHandlerTraitTest" file="C:\Users\prote\Documents\software-devel\html\tests\EventHandlerTraitTest.php" line="500" assertions="1" time="0.000683"/>
        <testcase name="testWhitespaceOnlyEventHandlerCode" class="Ksfraser\HTML\Tests\EventHandlerTraitTest" classname="Ksfraser.HTML.Tests.EventHandlerTraitTest" file="C:\Users\prote\Documents\software-devel\html\tests\EventHandlerTraitTest.php" line="514" assertions="1" time="0.000855"/>
        <testcase name="testComplexJavaScriptCode" class="Ksfraser\HTML\Tests\EventHandlerTraitTest" classname="Ksfraser.HTML.Tests.EventHandlerTraitTest" file="C:\Users\prote\Documents\software-devel\html\tests\EventHandlerTraitTest.php" line="528" assertions="1" time="0.000690"/>
        <testcase name="testVeryLongEventHandlerCode" class="Ksfraser\HTML\Tests\EventHandlerTraitTest" classname="Ksfraser.HTML.Tests.EventHandlerTraitTest" file="C:\Users\prote\Documents\software-devel\html\tests\EventHandlerTraitTest.php" line="548" assertions="1" time="0.000680"/>
        <testcase name="testEventHandlerWithNewlines" class="Ksfraser\HTML\Tests\EventHandlerTraitTest" classname="Ksfraser.HTML.Tests.EventHandlerTraitTest" file="C:\Users\prote\Documents\software-devel\html\tests\EventHandlerTraitTest.php" line="562" assertions="1" time="0.001366"/>
        <testcase name="testEventHandlerWithButtonElement" class="Ksfraser\HTML\Tests\EventHandlerTraitTest" classname="Ksfraser.HTML.Tests.EventHandlerTraitTest" file="C:\Users\prote\Documents\software-devel\html\tests\EventHandlerTraitTest.php" line="578" assertions="0" time="0.000748">
          <error type="Error">Ksfraser\HTML\Tests\EventHandlerTraitTest::testEventHandlerWithButtonElement
Error: Cannot access protected property Ksfraser\HTML\Tests\EventTestElement::$tag

C:\Users\prote\Documents\software-devel\html\tests\EventHandlerTraitTest.php:581</error>
        </testcase>
        <testcase name="testEventHandlerWithFormElement" class="Ksfraser\HTML\Tests\EventHandlerTraitTest" classname="Ksfraser.HTML.Tests.EventHandlerTraitTest" file="C:\Users\prote\Documents\software-devel\html\tests\EventHandlerTraitTest.php" line="602" assertions="0" time="0.000677">
          <error type="Error">Ksfraser\HTML\Tests\EventHandlerTraitTest::testEventHandlerWithFormElement
Error: Cannot access protected property Ksfraser\HTML\Tests\EventTestElement::$tag

C:\Users\prote\Documents\software-devel\html\tests\EventHandlerTraitTest.php:605</error>
        </testcase>
        <testcase name="testEventHandlerWithInputElement" class="Ksfraser\HTML\Tests\EventHandlerTraitTest" classname="Ksfraser.HTML.Tests.EventHandlerTraitTest" file="C:\Users\prote\Documents\software-devel\html\tests\EventHandlerTraitTest.php" line="623" assertions="0" time="0.000744">
          <error type="Error">Ksfraser\HTML\Tests\EventHandlerTraitTest::testEventHandlerWithInputElement
Error: Cannot access protected property Ksfraser\HTML\Tests\EventTestElement::$tag

C:\Users\prote\Documents\software-devel\html\tests\EventHandlerTraitTest.php:626</error>
        </testcase>
        <testcase name="testEventHandlerWithMouseInteractionChain" class="Ksfraser\HTML\Tests\EventHandlerTraitTest" classname="Ksfraser.HTML.Tests.EventHandlerTraitTest" file="C:\Users\prote\Documents\software-devel\html\tests\EventHandlerTraitTest.php" line="646" assertions="4" time="0.000897"/>
        <testcase name="testEventHandlerPreservesOtherAttributes" class="Ksfraser\HTML\Tests\EventHandlerTraitTest" classname="Ksfraser.HTML.Tests.EventHandlerTraitTest" file="C:\Users\prote\Documents\software-devel\html\tests\EventHandlerTraitTest.php" line="669" assertions="5" time="0.001066"/>
        <testcase name="testExistingSetAttributeStillWorks" class="Ksfraser\HTML\Tests\EventHandlerTraitTest" classname="Ksfraser.HTML.Tests.EventHandlerTraitTest" file="C:\Users\prote\Documents\software-devel\html\tests\EventHandlerTraitTest.php" line="696" assertions="1" time="0.000651"/>
        <testcase name="testEventHandlerDoesNotBreakCSSClasses" class="Ksfraser\HTML\Tests\EventHandlerTraitTest" classname="Ksfraser.HTML.Tests.EventHandlerTraitTest" file="C:\Users\prote\Documents\software-devel\html\tests\EventHandlerTraitTest.php" line="709" assertions="3" time="0.003188"/>
        <testcase name="testEventHandlerDoesNotBreakAttributes" class="Ksfraser\HTML\Tests\EventHandlerTraitTest" classname="Ksfraser.HTML.Tests.EventHandlerTraitTest" file="C:\Users\prote\Documents\software-devel\html\tests\EventHandlerTraitTest.php" line="727" assertions="3" time="0.000957"/>
      </testsuite>
      <testsuite name="FAButtonsTest" file="C:\Users\prote\Documents\software-devel\html\tests\FAButtonsTest.php" tests="6" assertions="12" errors="0" warnings="0" failures="0" skipped="0" time="0.008301">
        <testcase name="testDeleteFrequencyActionButton" class="FAButtonsTest" classname="FAButtonsTest" file="C:\Users\prote\Documents\software-devel\html\tests\FAButtonsTest.php" line="13" assertions="2" time="0.001314"/>
        <testcase name="testDeleteTypeActionButton" class="FAButtonsTest" classname="FAButtonsTest" file="C:\Users\prote\Documents\software-devel\html\tests\FAButtonsTest.php" line="19" assertions="2" time="0.001152"/>
        <testcase name="testEditFrequencyActionButton" class="FAButtonsTest" classname="FAButtonsTest" file="C:\Users\prote\Documents\software-devel\html\tests\FAButtonsTest.php" line="25" assertions="2" time="0.001122"/>
        <testcase name="testEditLoanActionButton" class="FAButtonsTest" classname="FAButtonsTest" file="C:\Users\prote\Documents\software-devel\html\tests\FAButtonsTest.php" line="31" assertions="2" time="0.002402"/>
        <testcase name="testEditTypeActionButton" class="FAButtonsTest" classname="FAButtonsTest" file="C:\Users\prote\Documents\software-devel\html\tests\FAButtonsTest.php" line="37" assertions="2" time="0.001203"/>
        <testcase name="testViewLoanActionButton" class="FAButtonsTest" classname="FAButtonsTest" file="C:\Users\prote\Documents\software-devel\html\tests\FAButtonsTest.php" line="43" assertions="2" time="0.001109"/>
      </testsuite>
      <testsuite name="Tests\FormElementsTraitTest" file="C:\Users\prote\Documents\software-devel\html\tests\FormElementsTraitTest.php" tests="52" assertions="85" errors="1" warnings="0" failures="2" skipped="0" time="0.133529">
        <testcase name="form_creates_form_element_with_method" class="Tests\FormElementsTraitTest" classname="Tests.FormElementsTraitTest" file="C:\Users\prote\Documents\software-devel\html\tests\FormElementsTraitTest.php" line="27" assertions="3" time="0.001265"/>
        <testcase name="form_defaults_to_post_method" class="Tests\FormElementsTraitTest" classname="Tests.FormElementsTraitTest" file="C:\Users\prote\Documents\software-devel\html\tests\FormElementsTraitTest.php" line="40" assertions="1" time="0.000861"/>
        <testcase name="form_supports_get_method" class="Tests\FormElementsTraitTest" classname="Tests.FormElementsTraitTest" file="C:\Users\prote\Documents\software-devel\html\tests\FormElementsTraitTest.php" line="51" assertions="1" time="0.001155"/>
        <testcase name="input_creates_input_element" class="Tests\FormElementsTraitTest" classname="Tests.FormElementsTraitTest" file="C:\Users\prote\Documents\software-devel\html\tests\FormElementsTraitTest.php" line="62" assertions="3" time="0.000968"/>
        <testcase name="input_with_value" class="Tests\FormElementsTraitTest" classname="Tests.FormElementsTraitTest" file="C:\Users\prote\Documents\software-devel\html\tests\FormElementsTraitTest.php" line="75" assertions="1" time="0.000916"/>
        <testcase name="input_with_placeholder" class="Tests\FormElementsTraitTest" classname="Tests.FormElementsTraitTest" file="C:\Users\prote\Documents\software-devel\html\tests\FormElementsTraitTest.php" line="87" assertions="1" time="0.000797"/>
        <testcase name="input_types_all_supported" class="Tests\FormElementsTraitTest" classname="Tests.FormElementsTraitTest" file="C:\Users\prote\Documents\software-devel\html\tests\FormElementsTraitTest.php" line="99" assertions="9" time="0.005006"/>
        <testcase name="textarea_creates_textarea_element" class="Tests\FormElementsTraitTest" classname="Tests.FormElementsTraitTest" file="C:\Users\prote\Documents\software-devel\html\tests\FormElementsTraitTest.php" line="113" assertions="2" time="0.000808"/>
        <testcase name="textarea_with_rows_cols" class="Tests\FormElementsTraitTest" classname="Tests.FormElementsTraitTest" file="C:\Users\prote\Documents\software-devel\html\tests\FormElementsTraitTest.php" line="125" assertions="2" time="0.000826"/>
        <testcase name="select_creates_select_element" class="Tests\FormElementsTraitTest" classname="Tests.FormElementsTraitTest" file="C:\Users\prote\Documents\software-devel\html\tests\FormElementsTraitTest.php" line="139" assertions="2" time="0.001333"/>
        <testcase name="select_with_options" class="Tests\FormElementsTraitTest" classname="Tests.FormElementsTraitTest" file="C:\Users\prote\Documents\software-devel\html\tests\FormElementsTraitTest.php" line="151" assertions="2" time="0.001393"/>
        <testcase name="select_with_selected_option" class="Tests\FormElementsTraitTest" classname="Tests.FormElementsTraitTest" file="C:\Users\prote\Documents\software-devel\html\tests\FormElementsTraitTest.php" line="167" assertions="1" time="0.002206"/>
        <testcase name="label_creates_label_element" class="Tests\FormElementsTraitTest" classname="Tests.FormElementsTraitTest" file="C:\Users\prote\Documents\software-devel\html\tests\FormElementsTraitTest.php" line="181" assertions="2" time="0.001043"/>
        <testcase name="button_creates_button_element" class="Tests\FormElementsTraitTest" classname="Tests.FormElementsTraitTest" file="C:\Users\prote\Documents\software-devel\html\tests\FormElementsTraitTest.php" line="193" assertions="2" time="0.000785"/>
        <testcase name="button_defaults_to_button_type" class="Tests\FormElementsTraitTest" classname="Tests.FormElementsTraitTest" file="C:\Users\prote\Documents\software-devel\html\tests\FormElementsTraitTest.php" line="205" assertions="1" time="0.000699"/>
        <testcase name="validation_feedback_element" class="Tests\FormElementsTraitTest" classname="Tests.FormElementsTraitTest" file="C:\Users\prote\Documents\software-devel\html\tests\FormElementsTraitTest.php" line="220" assertions="2" time="0.000925"/>
        <testcase name="validation_feedback_hidden_by_default" class="Tests\FormElementsTraitTest" classname="Tests.FormElementsTraitTest" file="C:\Users\prote\Documents\software-devel\html\tests\FormElementsTraitTest.php" line="232" assertions="1" time="0.002156"/>
        <testcase name="validation_success_feedback" class="Tests\FormElementsTraitTest" classname="Tests.FormElementsTraitTest" file="C:\Users\prote\Documents\software-devel\html\tests\FormElementsTraitTest.php" line="243" assertions="1" time="0.001724"/>
        <testcase name="marked_invalid_shows_feedback" class="Tests\FormElementsTraitTest" classname="Tests.FormElementsTraitTest" file="C:\Users\prote\Documents\software-devel\html\tests\FormElementsTraitTest.php" line="254" assertions="2" time="0.001565"/>
        <testcase name="input_marked_as_invalid" class="Tests\FormElementsTraitTest" classname="Tests.FormElementsTraitTest" file="C:\Users\prote\Documents\software-devel\html\tests\FormElementsTraitTest.php" line="267" assertions="1" time="0.001018"/>
        <testcase name="input_marked_as_valid" class="Tests\FormElementsTraitTest" classname="Tests.FormElementsTraitTest" file="C:\Users\prote\Documents\software-devel\html\tests\FormElementsTraitTest.php" line="279" assertions="1" time="0.000997"/>
        <testcase name="input_required_attribute" class="Tests\FormElementsTraitTest" classname="Tests.FormElementsTraitTest" file="C:\Users\prote\Documents\software-devel\html\tests\FormElementsTraitTest.php" line="295" assertions="1" time="0.001375"/>
        <testcase name="input_disabled_attribute" class="Tests\FormElementsTraitTest" classname="Tests.FormElementsTraitTest" file="C:\Users\prote\Documents\software-devel\html\tests\FormElementsTraitTest.php" line="307" assertions="1" time="0.000912"/>
        <testcase name="input_readonly_attribute" class="Tests\FormElementsTraitTest" classname="Tests.FormElementsTraitTest" file="C:\Users\prote\Documents\software-devel\html\tests\FormElementsTraitTest.php" line="319" assertions="1" time="0.004643"/>
        <testcase name="input_autocomplete_attribute" class="Tests\FormElementsTraitTest" classname="Tests.FormElementsTraitTest" file="C:\Users\prote\Documents\software-devel\html\tests\FormElementsTraitTest.php" line="331" assertions="1" time="0.000886"/>
        <testcase name="input_pattern_attribute" class="Tests\FormElementsTraitTest" classname="Tests.FormElementsTraitTest" file="C:\Users\prote\Documents\software-devel\html\tests\FormElementsTraitTest.php" line="343" assertions="1" time="0.003963"/>
        <testcase name="input_maxlength_attribute" class="Tests\FormElementsTraitTest" classname="Tests.FormElementsTraitTest" file="C:\Users\prote\Documents\software-devel\html\tests\FormElementsTraitTest.php" line="355" assertions="1" time="0.000882"/>
        <testcase name="input_minlength_attribute" class="Tests\FormElementsTraitTest" classname="Tests.FormElementsTraitTest" file="C:\Users\prote\Documents\software-devel\html\tests\FormElementsTraitTest.php" line="367" assertions="1" time="0.000880"/>
        <testcase name="input_with_aria_label" class="Tests\FormElementsTraitTest" classname="Tests.FormElementsTraitTest" file="C:\Users\prote\Documents\software-devel\html\tests\FormElementsTraitTest.php" line="383" assertions="1" time="0.005973">
          <failure type="PHPUnit\Framework\ExpectationFailedException">Tests\FormElementsTraitTest::input_with_aria_label
Failed asserting that null matches expected 'Search products'.

C:\Users\prote\Documents\software-devel\html\tests\FormElementsTraitTest.php:388</failure>
        </testcase>
        <testcase name="input_with_aria_described_by" class="Tests\FormElementsTraitTest" classname="Tests.FormElementsTraitTest" file="C:\Users\prote\Documents\software-devel\html\tests\FormElementsTraitTest.php" line="395" assertions="1" time="0.004895">
          <failure type="PHPUnit\Framework\ExpectationFailedException">Tests\FormElementsTraitTest::input_with_aria_described_by
Failed asserting that null matches expected 'email-help'.

C:\Users\prote\Documents\software-devel\html\tests\FormElementsTraitTest.php:400</failure>
        </testcase>
        <testcase name="form_group_with_label_input_feedback" class="Tests\FormElementsTraitTest" classname="Tests.FormElementsTraitTest" file="C:\Users\prote\Documents\software-devel\html\tests\FormElementsTraitTest.php" line="407" assertions="3" time="0.005748"/>
        <testcase name="invalid_input_sets_aria_invalid" class="Tests\FormElementsTraitTest" classname="Tests.FormElementsTraitTest" file="C:\Users\prote\Documents\software-devel\html\tests\FormElementsTraitTest.php" line="423" assertions="1" time="0.005625"/>
        <testcase name="checkbox_input_type" class="Tests\FormElementsTraitTest" classname="Tests.FormElementsTraitTest" file="C:\Users\prote\Documents\software-devel\html\tests\FormElementsTraitTest.php" line="439" assertions="2" time="0.003778"/>
        <testcase name="checkbox_checked_state" class="Tests\FormElementsTraitTest" classname="Tests.FormElementsTraitTest" file="C:\Users\prote\Documents\software-devel\html\tests\FormElementsTraitTest.php" line="452" assertions="1" time="0.000960"/>
        <testcase name="radio_input_type" class="Tests\FormElementsTraitTest" classname="Tests.FormElementsTraitTest" file="C:\Users\prote\Documents\software-devel\html\tests\FormElementsTraitTest.php" line="464" assertions="1" time="0.005605"/>
        <testcase name="radio_group_with_options" class="Tests\FormElementsTraitTest" classname="Tests.FormElementsTraitTest" file="C:\Users\prote\Documents\software-devel\html\tests\FormElementsTraitTest.php" line="476" assertions="1" time="0.002876"/>
        <testcase name="fieldset_with_legend" class="Tests\FormElementsTraitTest" classname="Tests.FormElementsTraitTest" file="C:\Users\prote\Documents\software-devel\html\tests\FormElementsTraitTest.php" line="489" assertions="2" time="0.007336"/>
        <testcase name="input_group_with_addon" class="Tests\FormElementsTraitTest" classname="Tests.FormElementsTraitTest" file="C:\Users\prote\Documents\software-devel\html\tests\FormElementsTraitTest.php" line="502" assertions="0" time="0.002937">
          <error type="Error">Tests\FormElementsTraitTest::input_group_with_addon
Error: array_unshift(): Argument #1 ($array) could not be passed by reference

C:\Users\prote\Documents\software-devel\html\src\Ksfraser\HTML\Traits\FormElementsTrait.php:536
C:\Users\prote\Documents\software-devel\html\tests\FormElementsTraitTest.php:505</error>
        </testcase>
        <testcase name="form_fluent_interface" class="Tests\FormElementsTraitTest" classname="Tests.FormElementsTraitTest" file="C:\Users\prote\Documents\software-devel\html\tests\FormElementsTraitTest.php" line="521" assertions="3" time="0.011320"/>
        <testcase name="input_full_chain" class="Tests\FormElementsTraitTest" classname="Tests.FormElementsTraitTest" file="C:\Users\prote\Documents\software-devel\html\tests\FormElementsTraitTest.php" line="537" assertions="3" time="0.002274"/>
        <testcase name="textarea_fluent_setup" class="Tests\FormElementsTraitTest" classname="Tests.FormElementsTraitTest" file="C:\Users\prote\Documents\software-devel\html\tests\FormElementsTraitTest.php" line="554" assertions="2" time="0.002617"/>
        <testcase name="form_needs_validation_class" class="Tests\FormElementsTraitTest" classname="Tests.FormElementsTraitTest" file="C:\Users\prote\Documents\software-devel\html\tests\FormElementsTraitTest.php" line="574" assertions="1" time="0.002996"/>
        <testcase name="form_prevent_default_on_submit" class="Tests\FormElementsTraitTest" classname="Tests.FormElementsTraitTest" file="C:\Users\prote\Documents\software-devel\html\tests\FormElementsTraitTest.php" line="586" assertions="1" time="0.004505"/>
        <testcase name="input_empty_state" class="Tests\FormElementsTraitTest" classname="Tests.FormElementsTraitTest" file="C:\Users\prote\Documents\software-devel\html\tests\FormElementsTraitTest.php" line="598" assertions="1" time="0.000881"/>
        <testcase name="complete_login_form" class="Tests\FormElementsTraitTest" classname="Tests.FormElementsTraitTest" file="C:\Users\prote\Documents\software-devel\html\tests\FormElementsTraitTest.php" line="614" assertions="3" time="0.004528"/>
        <testcase name="form_with_all_control_types" class="Tests\FormElementsTraitTest" classname="Tests.FormElementsTraitTest" file="C:\Users\prote\Documents\software-devel\html\tests\FormElementsTraitTest.php" line="649" assertions="2" time="0.005189"/>
        <testcase name="form_traversal_with_introspection" class="Tests\FormElementsTraitTest" classname="Tests.FormElementsTraitTest" file="C:\Users\prote\Documents\software-devel\html\tests\FormElementsTraitTest.php" line="666" assertions="1" time="0.002916"/>
        <testcase name="empty_form" class="Tests\FormElementsTraitTest" classname="Tests.FormElementsTraitTest" file="C:\Users\prote\Documents\software-devel\html\tests\FormElementsTraitTest.php" line="685" assertions="2" time="0.000808"/>
        <testcase name="input_name_with_array_notation" class="Tests\FormElementsTraitTest" classname="Tests.FormElementsTraitTest" file="C:\Users\prote\Documents\software-devel\html\tests\FormElementsTraitTest.php" line="696" assertions="1" time="0.000799"/>
        <testcase name="special_characters_in_placeholder" class="Tests\FormElementsTraitTest" classname="Tests.FormElementsTraitTest" file="C:\Users\prote\Documents\software-devel\html\tests\FormElementsTraitTest.php" line="706" assertions="1" time="0.003164"/>
        <testcase name="very_long_maxlength" class="Tests\FormElementsTraitTest" classname="Tests.FormElementsTraitTest" file="C:\Users\prote\Documents\software-devel\html\tests\FormElementsTraitTest.php" line="719" assertions="1" time="0.001926"/>
        <testcase name="multiple_validation_states" class="Tests\FormElementsTraitTest" classname="Tests.FormElementsTraitTest" file="C:\Users\prote\Documents\software-devel\html\tests\FormElementsTraitTest.php" line="731" assertions="2" time="0.001887"/>
      </testsuite>
      <testsuite name="HTMLChildrenTraitTest" file="C:\Users\prote\Documents\software-devel\html\tests\HTMLChildrenTraitTest.php" tests="1" assertions="1" errors="0" warnings="0" failures="0" skipped="0" time="0.004572">
        <testcase name="testAddChild" class="HTMLChildrenTraitTest" classname="HTMLChildrenTraitTest" file="C:\Users\prote\Documents\software-devel\html\tests\HTMLChildrenTraitTest.php" line="7" assertions="1" time="0.004572"/>
      </testsuite>
      <testsuite name="HtmlATest" file="C:\Users\prote\Documents\software-devel\html\tests\HtmlA_Test.php" tests="1" assertions="1" errors="0" warnings="0" failures="0" skipped="0" time="0.000843">
        <testcase name="testInstance" class="HtmlATest" classname="HtmlATest" file="C:\Users\prote\Documents\software-devel\html\tests\HtmlA_Test.php" line="6" assertions="1" time="0.000843"/>
      </testsuite>
      <testsuite name="HtmlAbbrTest" file="C:\Users\prote\Documents\software-devel\html\tests\HtmlAbbrTest.php" tests="3" assertions="7" errors="0" warnings="0" failures="0" skipped="0" time="0.009876">
        <testcase name="testGetHtml" class="HtmlAbbrTest" classname="HtmlAbbrTest" file="C:\Users\prote\Documents\software-devel\html\tests\HtmlAbbrTest.php" line="7" assertions="3" time="0.001592"/>
        <testcase name="testToHtmlOutputsHtml" class="HtmlAbbrTest" classname="HtmlAbbrTest" file="C:\Users\prote\Documents\software-devel\html\tests\HtmlAbbrTest.php" line="15" assertions="2" time="0.007359"/>
        <testcase name="testEdgeCasesEmptyContent" class="HtmlAbbrTest" classname="HtmlAbbrTest" file="C:\Users\prote\Documents\software-devel\html\tests\HtmlAbbrTest.php" line="25" assertions="2" time="0.000925"/>
      </testsuite>
      <testsuite name="HtmlAddressTest" file="C:\Users\prote\Documents\software-devel\html\tests\HtmlAddressTest.php" tests="3" assertions="5" errors="0" warnings="0" failures="0" skipped="0" time="0.002869">
        <testcase name="testGetHtml" class="HtmlAddressTest" classname="HtmlAddressTest" file="C:\Users\prote\Documents\software-devel\html\tests\HtmlAddressTest.php" line="7" assertions="2" time="0.001303"/>
        <testcase name="testToHtmlOutputsHtml" class="HtmlAddressTest" classname="HtmlAddressTest" file="C:\Users\prote\Documents\software-devel\html\tests\HtmlAddressTest.php" line="13" assertions="2" time="0.000724"/>
        <testcase name="testEdgeCasesEmptyContent" class="HtmlAddressTest" classname="HtmlAddressTest" file="C:\Users\prote\Documents\software-devel\html\tests\HtmlAddressTest.php" line="22" assertions="1" time="0.000841"/>
      </testsuite>
      <testsuite name="HtmlArticleTest" file="C:\Users\prote\Documents\software-devel\html\tests\HtmlArticleTest.php" tests="3" assertions="5" errors="0" warnings="0" failures="0" skipped="0" time="0.004395">
        <testcase name="testGetHtml" class="HtmlArticleTest" classname="HtmlArticleTest" file="C:\Users\prote\Documents\software-devel\html\tests\HtmlArticleTest.php" line="7" assertions="2" time="0.001218"/>
        <testcase name="testToHtmlOutputsHtml" class="HtmlArticleTest" classname="HtmlArticleTest" file="C:\Users\prote\Documents\software-devel\html\tests\HtmlArticleTest.php" line="13" assertions="2" time="0.002422"/>
        <testcase name="testEdgeCasesEmptyContent" class="HtmlArticleTest" classname="HtmlArticleTest" file="C:\Users\prote\Documents\software-devel\html\tests\HtmlArticleTest.php" line="22" assertions="1" time="0.000754"/>
      </testsuite>
      <testsuite name="HtmlAsideTest" file="C:\Users\prote\Documents\software-devel\html\tests\HtmlAsideTest.php" tests="3" assertions="5" errors="0" warnings="0" failures="0" skipped="0" time="0.002845">
        <testcase name="testGetHtml" class="HtmlAsideTest" classname="HtmlAsideTest" file="C:\Users\prote\Documents\software-devel\html\tests\HtmlAsideTest.php" line="7" assertions="2" time="0.001425"/>
        <testcase name="testToHtmlOutputsHtml" class="HtmlAsideTest" classname="HtmlAsideTest" file="C:\Users\prote\Documents\software-devel\html\tests\HtmlAsideTest.php" line="13" assertions="2" time="0.000768"/>
        <testcase name="testEdgeCasesEmptyContent" class="HtmlAsideTest" classname="HtmlAsideTest" file="C:\Users\prote\Documents\software-devel\html\tests\HtmlAsideTest.php" line="22" assertions="1" time="0.000652"/>
      </testsuite>
      <testsuite name="HtmlAttributeListTest" file="C:\Users\prote\Documents\software-devel\html\tests\HtmlAttributeListTest.php" tests="7" assertions="10" errors="0" warnings="0" failures="0" skipped="0" time="0.004982">
        <testcase name="testImplementsInterface" class="HtmlAttributeListTest" classname="HtmlAttributeListTest" file="C:\Users\prote\Documents\software-devel\html\tests\HtmlAttributeListTest.php" line="7" assertions="1" time="0.000598"/>
        <testcase name="testAddAndGetAttributes" class="HtmlAttributeListTest" classname="HtmlAttributeListTest" file="C:\Users\prote\Documents\software-devel\html\tests\HtmlAttributeListTest.php" line="12" assertions="1" time="0.001346"/>
        <testcase name="testGetHtmlOutputsAttributes" class="HtmlAttributeListTest" classname="HtmlAttributeListTest" file="C:\Users\prote\Documents\software-devel\html\tests\HtmlAttributeListTest.php" line="24" assertions="2" time="0.000654"/>
        <testcase name="testToHtmlOutputsAttributes" class="HtmlAttributeListTest" classname="HtmlAttributeListTest" file="C:\Users\prote\Documents\software-devel\html\tests\HtmlAttributeListTest.php" line="35" assertions="1" time="0.000571"/>
        <testcase name="testSetAttributeReplaces" class="HtmlAttributeListTest" classname="HtmlAttributeListTest" file="C:\Users\prote\Documents\software-devel\html\tests\HtmlAttributeListTest.php" line="45" assertions="2" time="0.000714"/>
        <testcase name="testGetAttributeValue" class="HtmlAttributeListTest" classname="HtmlAttributeListTest" file="C:\Users\prote\Documents\software-devel\html\tests\HtmlAttributeListTest.php" line="59" assertions="2" time="0.000593"/>
        <testcase name="testEdgeCasesEmptyList" class="HtmlAttributeListTest" classname="HtmlAttributeListTest" file="C:\Users\prote\Documents\software-devel\html\tests\HtmlAttributeListTest.php" line="67" assertions="1" time="0.000506"/>
      </testsuite>
      <testsuite name="HtmlAttributeTest" file="C:\Users\prote\Documents\software-devel\html\tests\HtmlAttributeTest.php" tests="5" assertions="6" errors="0" warnings="0" failures="0" skipped="0" time="0.003620">
        <testcase name="testValidAttributeName" class="HtmlAttributeTest" classname="HtmlAttributeTest" file="C:\Users\prote\Documents\software-devel\html\tests\HtmlAttributeTest.php" line="8" assertions="2" time="0.000613"/>
        <testcase name="testGetHtml" class="HtmlAttributeTest" classname="HtmlAttributeTest" file="C:\Users\prote\Documents\software-devel\html\tests\HtmlAttributeTest.php" line="15" assertions="1" time="0.000572"/>
        <testcase name="testToHtmlOutputsHtml" class="HtmlAttributeTest" classname="HtmlAttributeTest" file="C:\Users\prote\Documents\software-devel\html\tests\HtmlAttributeTest.php" line="22" assertions="1" time="0.000583"/>
        <testcase name="testEdgeCasesEmptyValue" class="HtmlAttributeTest" classname="HtmlAttributeTest" file="C:\Users\prote\Documents\software-devel\html\tests\HtmlAttributeTest.php" line="31" assertions="1" time="0.000542"/>
        <testcase name="testInvalidAttributeNameThrows" class="HtmlAttributeTest" classname="HtmlAttributeTest" file="C:\Users\prote\Documents\software-devel\html\tests\HtmlAttributeTest.php" line="38" assertions="1" time="0.001311"/>
      </testsuite>
      <testsuite name="HtmlAttributeTraitTest" file="C:\Users\prote\Documents\software-devel\html\tests\HtmlAttributeTraitTest.php" tests="4" assertions="4" errors="0" warnings="0" failures="0" skipped="0" time="0.002640">
        <testcase name="testSetAttributeWithString" class="HtmlAttributeTraitTest" classname="HtmlAttributeTraitTest" file="C:\Users\prote\Documents\software-devel\html\tests\HtmlAttributeTraitTest.php" line="21" assertions="1" time="0.000637"/>
        <testcase name="testSetAttributeWithHtmlString" class="HtmlAttributeTraitTest" classname="HtmlAttributeTraitTest" file="C:\Users\prote\Documents\software-devel\html\tests\HtmlAttributeTraitTest.php" line="27" assertions="1" time="0.000696"/>
        <testcase name="testAddAttributeObject" class="HtmlAttributeTraitTest" classname="HtmlAttributeTraitTest" file="C:\Users\prote\Documents\software-devel\html\tests\HtmlAttributeTraitTest.php" line="33" assertions="1" time="0.000653"/>
        <testcase name="testAddAttributeByNameValue" class="HtmlAttributeTraitTest" classname="HtmlAttributeTraitTest" file="C:\Users\prote\Documents\software-devel\html\tests\HtmlAttributeTraitTest.php" line="39" assertions="1" time="0.000654"/>
      </testsuite>
      <testsuite name="HtmlAttributeValueObjectTest" file="C:\Users\prote\Documents\software-devel\html\tests\HtmlAttributeValueObjectTest.php" tests="1" assertions="1" errors="0" warnings="0" failures="0" skipped="0" time="0.001087">
        <testcase name="testInstance" class="HtmlAttributeValueObjectTest" classname="HtmlAttributeValueObjectTest" file="C:\Users\prote\Documents\software-devel\html\tests\HtmlAttributeValueObjectTest.php" line="6" assertions="1" time="0.001087"/>
      </testsuite>
      <testsuite name="HtmlAttributesCoverageTest" file="C:\Users\prote\Documents\software-devel\html\tests\HtmlAttributesCoverageTest.php" tests="1" assertions="3" errors="0" warnings="0" failures="0" skipped="0" time="0.001597">
        <testcase name="testAttributesClassesExist" class="HtmlAttributesCoverageTest" classname="HtmlAttributesCoverageTest" file="C:\Users\prote\Documents\software-devel\html\tests\HtmlAttributesCoverageTest.php" line="5" assertions="3" time="0.001597"/>
      </testsuite>
      <testsuite name="HtmlBTest" file="C:\Users\prote\Documents\software-devel\html\tests\HtmlBTest.php" tests="4" assertions="8" errors="0" warnings="0" failures="0" skipped="0" time="0.012877">
        <testcase name="testInstance" class="HtmlBTest" classname="HtmlBTest" file="C:\Users\prote\Documents\software-devel\html\tests\HtmlBTest.php" line="6" assertions="1" time="0.001658"/>
        <testcase name="testGetHtml" class="HtmlBTest" classname="HtmlBTest" file="C:\Users\prote\Documents\software-devel\html\tests\HtmlBTest.php" line="12" assertions="3" time="0.008305"/>
        <testcase name="testToHtmlOutputsHtml" class="HtmlBTest" classname="HtmlBTest" file="C:\Users\prote\Documents\software-devel\html\tests\HtmlBTest.php" line="22" assertions="2" time="0.001486"/>
        <testcase name="testEdgeCasesEmptyContent" class="HtmlBTest" classname="HtmlBTest" file="C:\Users\prote\Documents\software-devel\html\tests\HtmlBTest.php" line="33" assertions="2" time="0.001429"/>
      </testsuite>
      <testsuite name="HtmlBlockTest" file="C:\Users\prote\Documents\software-devel\html\tests\HtmlBlockTest.php" tests="3" assertions="7" errors="0" warnings="0" failures="0" skipped="0" time="0.006836">
        <testcase name="testGetHtml" class="HtmlBlockTest" classname="HtmlBlockTest" file="C:\Users\prote\Documents\software-devel\html\tests\HtmlBlockTest.php" line="6" assertions="3" time="0.002275"/>
        <testcase name="testToHtmlOutputsHtml" class="HtmlBlockTest" classname="HtmlBlockTest" file="C:\Users\prote\Documents\software-devel\html\tests\HtmlBlockTest.php" line="16" assertions="2" time="0.002818"/>
        <testcase name="testEdgeCasesEmptyContent" class="HtmlBlockTest" classname="HtmlBlockTest" file="C:\Users\prote\Documents\software-devel\html\tests\HtmlBlockTest.php" line="27" assertions="2" time="0.001743"/>
      </testsuite>
      <testsuite name="HtmlBlockquoteTest" file="C:\Users\prote\Documents\software-devel\html\tests\HtmlBlockquoteTest.php" tests="3" assertions="7" errors="0" warnings="0" failures="0" skipped="0" time="0.006519">
        <testcase name="testGetHtml" class="HtmlBlockquoteTest" classname="HtmlBlockquoteTest" file="C:\Users\prote\Documents\software-devel\html\tests\HtmlBlockquoteTest.php" line="6" assertions="3" time="0.003245"/>
        <testcase name="testToHtmlOutputsHtml" class="HtmlBlockquoteTest" classname="HtmlBlockquoteTest" file="C:\Users\prote\Documents\software-devel\html\tests\HtmlBlockquoteTest.php" line="16" assertions="2" time="0.001496"/>
        <testcase name="testEdgeCasesEmptyContent" class="HtmlBlockquoteTest" classname="HtmlBlockquoteTest" file="C:\Users\prote\Documents\software-devel\html\tests\HtmlBlockquoteTest.php" line="27" assertions="2" time="0.001778"/>
      </testsuite>
      <testsuite name="HtmlBoldTest" file="C:\Users\prote\Documents\software-devel\html\tests\HtmlBoldTest.php" tests="4" assertions="8" errors="0" warnings="0" failures="0" skipped="0" time="0.006029">
        <testcase name="testInstance" class="HtmlBoldTest" classname="HtmlBoldTest" file="C:\Users\prote\Documents\software-devel\html\tests\HtmlBoldTest.php" line="6" assertions="1" time="0.001239"/>
        <testcase name="testGetHtml" class="HtmlBoldTest" classname="HtmlBoldTest" file="C:\Users\prote\Documents\software-devel\html\tests\HtmlBoldTest.php" line="12" assertions="3" time="0.001729"/>
        <testcase name="testToHtmlOutputsHtml" class="HtmlBoldTest" classname="HtmlBoldTest" file="C:\Users\prote\Documents\software-devel\html\tests\HtmlBoldTest.php" line="22" assertions="2" time="0.001480"/>
        <testcase name="testEdgeCasesEmptyContent" class="HtmlBoldTest" classname="HtmlBoldTest" file="C:\Users\prote\Documents\software-devel\html\tests\HtmlBoldTest.php" line="33" assertions="2" time="0.001581"/>
      </testsuite>
      <testsuite name="HtmlBrTest" file="C:\Users\prote\Documents\software-devel\html\tests\HtmlBrTest.php" tests="2" assertions="4" errors="0" warnings="0" failures="2" skipped="0" time="0.003612">
        <testcase name="testGetHtml" class="HtmlBrTest" classname="HtmlBrTest" file="C:\Users\prote\Documents\software-devel\html\tests\HtmlBrTest.php" line="6" assertions="2" time="0.002142">
          <failure type="PHPUnit\Framework\ExpectationFailedException">HtmlBrTest::testGetHtml
Failed asserting that '&lt;br  &gt;' ends with "/&gt;".

C:\Users\prote\Documents\software-devel\html\tests\HtmlBrTest.php:12</failure>
        </testcase>
        <testcase name="testToHtmlOutputsHtml" class="HtmlBrTest" classname="HtmlBrTest" file="C:\Users\prote\Documents\software-devel\html\tests\HtmlBrTest.php" line="15" assertions="2" time="0.001470">
          <failure type="PHPUnit\Framework\ExpectationFailedException">HtmlBrTest::testToHtmlOutputsHtml
Failed asserting that '&lt;br  &gt;' ends with "/&gt;".

C:\Users\prote\Documents\software-devel\html\tests\HtmlBrTest.php:23</failure>
        </testcase>
      </testsuite>
      <testsuite name="HtmlButtonTest" file="C:\Users\prote\Documents\software-devel\html\tests\HtmlButtonTest.php" tests="1" assertions="1" errors="0" warnings="0" failures="0" skipped="0" time="0.000959">
        <testcase name="testInstance" class="HtmlButtonTest" classname="HtmlButtonTest" file="C:\Users\prote\Documents\software-devel\html\tests\HtmlButtonTest.php" line="6" assertions="1" time="0.000959"/>
      </testsuite>
      <testsuite name="HtmlButtonsCoverageTest" file="C:\Users\prote\Documents\software-devel\html\tests\HtmlButtonsCoverageTest.php" tests="1" assertions="7" errors="0" warnings="0" failures="0" skipped="0" time="0.001344">
        <testcase name="testButtonsClassesExist" class="HtmlButtonsCoverageTest" classname="HtmlButtonsCoverageTest" file="C:\Users\prote\Documents\software-devel\html\tests\HtmlButtonsCoverageTest.php" line="5" assertions="7" time="0.001344"/>
      </testsuite>
      <testsuite name="HtmlCellsCoverageTest" file="C:\Users\prote\Documents\software-devel\html\tests\HtmlCellsCoverageTest.php" tests="1" assertions="17" errors="0" warnings="0" failures="0" skipped="0" time="0.011898">
        <testcase name="testCellsClassesExist" class="HtmlCellsCoverageTest" classname="HtmlCellsCoverageTest" file="C:\Users\prote\Documents\software-devel\html\tests\HtmlCellsCoverageTest.php" line="5" assertions="17" time="0.011898"/>
      </testsuite>
      <testsuite name="HtmlCiteTest" file="C:\Users\prote\Documents\software-devel\html\tests\HtmlCiteTest.php" tests="3" assertions="7" errors="0" warnings="0" failures="0" skipped="0" time="0.007466">
        <testcase name="testGetHtml" class="HtmlCiteTest" classname="HtmlCiteTest" file="C:\Users\prote\Documents\software-devel\html\tests\HtmlCiteTest.php" line="6" assertions="3" time="0.004526"/>
        <testcase name="testToHtmlOutputsHtml" class="HtmlCiteTest" classname="HtmlCiteTest" file="C:\Users\prote\Documents\software-devel\html\tests\HtmlCiteTest.php" line="16" assertions="2" time="0.001491"/>
        <testcase name="testEdgeCasesEmptyContent" class="HtmlCiteTest" classname="HtmlCiteTest" file="C:\Users\prote\Documents\software-devel\html\tests\HtmlCiteTest.php" line="27" assertions="2" time="0.001448"/>
      </testsuite>
      <testsuite name="HtmlCodeTest" file="C:\Users\prote\Documents\software-devel\html\tests\HtmlCodeTest.php" tests="3" assertions="7" errors="0" warnings="0" failures="0" skipped="0" time="0.005330">
        <testcase name="testGetHtml" class="HtmlCodeTest" classname="HtmlCodeTest" file="C:\Users\prote\Documents\software-devel\html\tests\HtmlCodeTest.php" line="6" assertions="3" time="0.002341"/>
        <testcase name="testToHtmlOutputsHtml" class="HtmlCodeTest" classname="HtmlCodeTest" file="C:\Users\prote\Documents\software-devel\html\tests\HtmlCodeTest.php" line="16" assertions="2" time="0.001548"/>
        <testcase name="testEdgeCasesEmptyContent" class="HtmlCodeTest" classname="HtmlCodeTest" file="C:\Users\prote\Documents\software-devel\html\tests\HtmlCodeTest.php" line="27" assertions="2" time="0.001441"/>
      </testsuite>
      <testsuite name="HtmlCompositesCoverageTest" file="C:\Users\prote\Documents\software-devel\html\tests\HtmlCompositesCoverageTest.php" tests="1" assertions="6" errors="0" warnings="0" failures="0" skipped="0" time="0.004286">
        <testcase name="testCompositesClassesExist" class="HtmlCompositesCoverageTest" classname="HtmlCompositesCoverageTest" file="C:\Users\prote\Documents\software-devel\html\tests\HtmlCompositesCoverageTest.php" line="5" assertions="6" time="0.004286"/>
      </testsuite>
      <testsuite name="HtmlCrudCoverageTest" file="C:\Users\prote\Documents\software-devel\html\tests\HtmlCrudCoverageTest.php" tests="1" assertions="3" errors="0" warnings="0" failures="0" skipped="0" time="0.002659">
        <testcase name="testCrudClassesExist" class="HtmlCrudCoverageTest" classname="HtmlCrudCoverageTest" file="C:\Users\prote\Documents\software-devel\html\tests\HtmlCrudCoverageTest.php" line="5" assertions="3" time="0.002659"/>
      </testsuite>
      <testsuite name="HtmlDataTest" file="C:\Users\prote\Documents\software-devel\html\tests\HtmlDataTest.php" tests="3" assertions="7" errors="0" warnings="0" failures="0" skipped="0" time="0.358434">
        <testcase name="testGetHtml" class="HtmlDataTest" classname="HtmlDataTest" file="C:\Users\prote\Documents\software-devel\html\tests\HtmlDataTest.php" line="6" assertions="3" time="0.348890"/>
        <testcase name="testToHtmlOutputsHtml" class="HtmlDataTest" classname="HtmlDataTest" file="C:\Users\prote\Documents\software-devel\html\tests\HtmlDataTest.php" line="16" assertions="2" time="0.003509"/>
        <testcase name="testEdgeCasesEmptyContent" class="HtmlDataTest" classname="HtmlDataTest" file="C:\Users\prote\Documents\software-devel\html\tests\HtmlDataTest.php" line="27" assertions="2" time="0.006035"/>
      </testsuite>
      <testsuite name="HtmlDdTest" file="C:\Users\prote\Documents\software-devel\html\tests\HtmlDdTest.php" tests="3" assertions="7" errors="0" warnings="0" failures="0" skipped="0" time="0.008637">
        <testcase name="testGetHtml" class="HtmlDdTest" classname="HtmlDdTest" file="C:\Users\prote\Documents\software-devel\html\tests\HtmlDdTest.php" line="6" assertions="3" time="0.005824"/>
        <testcase name="testToHtmlOutputsHtml" class="HtmlDdTest" classname="HtmlDdTest" file="C:\Users\prote\Documents\software-devel\html\tests\HtmlDdTest.php" line="16" assertions="2" time="0.001443"/>
        <testcase name="testEdgeCasesEmptyContent" class="HtmlDdTest" classname="HtmlDdTest" file="C:\Users\prote\Documents\software-devel\html\tests\HtmlDdTest.php" line="27" assertions="2" time="0.001370"/>
      </testsuite>
      <testsuite name="HtmlDeletedTest" file="C:\Users\prote\Documents\software-devel\html\tests\HtmlDeletedTest.php" tests="4" assertions="8" errors="0" warnings="0" failures="0" skipped="0" time="0.007136">
        <testcase name="testInstance" class="HtmlDeletedTest" classname="HtmlDeletedTest" file="C:\Users\prote\Documents\software-devel\html\tests\HtmlDeletedTest.php" line="6" assertions="1" time="0.001222"/>
        <testcase name="testGetHtml" class="HtmlDeletedTest" classname="HtmlDeletedTest" file="C:\Users\prote\Documents\software-devel\html\tests\HtmlDeletedTest.php" line="12" assertions="3" time="0.002864"/>
        <testcase name="testToHtmlOutputsHtml" class="HtmlDeletedTest" classname="HtmlDeletedTest" file="C:\Users\prote\Documents\software-devel\html\tests\HtmlDeletedTest.php" line="22" assertions="2" time="0.001573"/>
        <testcase name="testEdgeCasesEmptyContent" class="HtmlDeletedTest" classname="HtmlDeletedTest" file="C:\Users\prote\Documents\software-devel\html\tests\HtmlDeletedTest.php" line="33" assertions="2" time="0.001478"/>
      </testsuite>
      <testsuite name="HtmlDfTest" file="C:\Users\prote\Documents\software-devel\html\tests\HtmlDfTest.php" tests="3" assertions="5" errors="1" warnings="0" failures="1" skipped="0" time="0.004725">
        <testcase name="testGetHtml" class="HtmlDfTest" classname="HtmlDfTest" file="C:\Users\prote\Documents\software-devel\html\tests\HtmlDfTest.php" line="6" assertions="3" time="0.001867">
          <failure type="PHPUnit\Framework\ExpectationFailedException">HtmlDfTest::testGetHtml
Failed asserting that '&lt;dfn  &gt;df&lt;/dfn&gt;' ends with "&lt;/df&gt;".

C:\Users\prote\Documents\software-devel\html\tests\HtmlDfTest.php:13</failure>
        </testcase>
        <testcase name="testToHtmlOutputsHtml" class="HtmlDfTest" classname="HtmlDfTest" file="C:\Users\prote\Documents\software-devel\html\tests\HtmlDfTest.php" line="16" assertions="2" time="0.001787"/>
        <testcase name="testEdgeCasesEmptyContent" class="HtmlDfTest" classname="HtmlDfTest" file="C:\Users\prote\Documents\software-devel\html\tests\HtmlDfTest.php" line="27" assertions="0" time="0.001071">
          <error type="Error">HtmlDfTest::testEdgeCasesEmptyContent
Error: Class "HtmlDf" not found

C:\Users\prote\Documents\software-devel\html\tests\HtmlDfTest.php:30</error>
        </testcase>
      </testsuite>
      <testsuite name="HtmlDivTest" file="C:\Users\prote\Documents\software-devel\html\tests\HtmlDivTest.php" tests="4" assertions="8" errors="0" warnings="0" failures="0" skipped="0" time="0.005712">
        <testcase name="testInstance" class="HtmlDivTest" classname="HtmlDivTest" file="C:\Users\prote\Documents\software-devel\html\tests\HtmlDivTest.php" line="6" assertions="1" time="0.001048"/>
        <testcase name="testGetHtml" class="HtmlDivTest" classname="HtmlDivTest" file="C:\Users\prote\Documents\software-devel\html\tests\HtmlDivTest.php" line="12" assertions="3" time="0.001455"/>
        <testcase name="testToHtmlOutputsHtml" class="HtmlDivTest" classname="HtmlDivTest" file="C:\Users\prote\Documents\software-devel\html\tests\HtmlDivTest.php" line="22" assertions="2" time="0.001770"/>
        <testcase name="testEdgeCasesEmptyContent" class="HtmlDivTest" classname="HtmlDivTest" file="C:\Users\prote\Documents\software-devel\html\tests\HtmlDivTest.php" line="33" assertions="2" time="0.001439"/>
      </testsuite>
      <testsuite name="HtmlDlTest" file="C:\Users\prote\Documents\software-devel\html\tests\HtmlDlTest.php" tests="3" assertions="7" errors="0" warnings="0" failures="0" skipped="0" time="0.006282">
        <testcase name="testGetHtml" class="HtmlDlTest" classname="HtmlDlTest" file="C:\Users\prote\Documents\software-devel\html\tests\HtmlDlTest.php" line="6" assertions="3" time="0.002484"/>
        <testcase name="testToHtmlOutputsHtml" class="HtmlDlTest" classname="HtmlDlTest" file="C:\Users\prote\Documents\software-devel\html\tests\HtmlDlTest.php" line="16" assertions="2" time="0.001621"/>
        <testcase name="testEdgeCasesEmptyContent" class="HtmlDlTest" classname="HtmlDlTest" file="C:\Users\prote\Documents\software-devel\html\tests\HtmlDlTest.php" line="27" assertions="2" time="0.002178"/>
      </testsuite>
      <testsuite name="HtmlDtTest" file="C:\Users\prote\Documents\software-devel\html\tests\HtmlDtTest.php" tests="3" assertions="7" errors="0" warnings="0" failures="0" skipped="0" time="0.005118">
        <testcase name="testGetHtml" class="HtmlDtTest" classname="HtmlDtTest" file="C:\Users\prote\Documents\software-devel\html\tests\HtmlDtTest.php" line="6" assertions="3" time="0.002148"/>
        <testcase name="testToHtmlOutputsHtml" class="HtmlDtTest" classname="HtmlDtTest" file="C:\Users\prote\Documents\software-devel\html\tests\HtmlDtTest.php" line="16" assertions="2" time="0.001572"/>
        <testcase name="testEdgeCasesEmptyContent" class="HtmlDtTest" classname="HtmlDtTest" file="C:\Users\prote\Documents\software-devel\html\tests\HtmlDtTest.php" line="27" assertions="2" time="0.001398"/>
      </testsuite>
      <testsuite name="HtmlElementInterfaceCoverageTest" file="C:\Users\prote\Documents\software-devel\html\tests\HtmlElementInterfaceCoverageTest.php" tests="1" assertions="8" errors="0" warnings="0" failures="0" skipped="0" time="0.003929">
        <testcase name="testAllImplementations" class="HtmlElementInterfaceCoverageTest" classname="HtmlElementInterfaceCoverageTest" file="C:\Users\prote\Documents\software-devel\html\tests\HtmlElementInterfaceCoverageTest.php" line="6" assertions="8" time="0.003929"/>
      </testsuite>
      <testsuite name="HtmlElementInterfaceTest" file="C:\Users\prote\Documents\software-devel\html\tests\HtmlElementInterfaceTest.php" tests="1" assertions="1" errors="0" warnings="0" failures="0" skipped="0" time="0.000475">
        <testcase name="testInterfaceExists" class="HtmlElementInterfaceTest" classname="HtmlElementInterfaceTest" file="C:\Users\prote\Documents\software-devel\html\tests\HtmlElementInterfaceTest.php" line="6" assertions="1" time="0.000475"/>
      </testsuite>
      <testsuite name="HtmlElementTest" file="C:\Users\prote\Documents\software-devel\html\tests\HtmlElementTest.php" tests="7" assertions="11" errors="0" warnings="0" failures="0" skipped="0" time="0.005594">
        <testcase name="testConstructAndImplementsInterface" class="HtmlElementTest" classname="HtmlElementTest" file="C:\Users\prote\Documents\software-devel\html\tests\HtmlElementTest.php" line="7" assertions="1" time="0.000559"/>
        <testcase name="testAddNestedReturnsSelf" class="HtmlElementTest" classname="HtmlElementTest" file="C:\Users\prote\Documents\software-devel\html\tests\HtmlElementTest.php" line="12" assertions="1" time="0.000605"/>
        <testcase name="testSetTagAndGetHtml" class="HtmlElementTest" classname="HtmlElementTest" file="C:\Users\prote\Documents\software-devel\html\tests\HtmlElementTest.php" line="19" assertions="2" time="0.001119"/>
        <testcase name="testSetAttributeAndGetHtml" class="HtmlElementTest" classname="HtmlElementTest" file="C:\Users\prote\Documents\software-devel\html\tests\HtmlElementTest.php" line="27" assertions="1" time="0.000922"/>
        <testcase name="testToHtmlOutputsHtml" class="HtmlElementTest" classname="HtmlElementTest" file="C:\Users\prote\Documents\software-devel\html\tests\HtmlElementTest.php" line="34" assertions="2" time="0.000803"/>
        <testcase name="testAddNestedChildRendersHtml" class="HtmlElementTest" classname="HtmlElementTest" file="C:\Users\prote\Documents\software-devel\html\tests\HtmlElementTest.php" line="44" assertions="1" time="0.000772"/>
        <testcase name="testEdgeCasesEmptyElement" class="HtmlElementTest" classname="HtmlElementTest" file="C:\Users\prote\Documents\software-devel\html\tests\HtmlElementTest.php" line="54" assertions="3" time="0.000812"/>
      </testsuite>
      <testsuite name="HtmlElementsCoverageTest" file="C:\Users\prote\Documents\software-devel\html\tests\HtmlElementsCoverageTest.php" tests="1" assertions="1" errors="0" warnings="0" failures="1" skipped="0" time="0.000962">
        <testcase name="testElementsClassesExist" class="HtmlElementsCoverageTest" classname="HtmlElementsCoverageTest" file="C:\Users\prote\Documents\software-devel\html\tests\HtmlElementsCoverageTest.php" line="5" assertions="1" time="0.000962">
          <failure type="PHPUnit\Framework\ExpectationFailedException">HtmlElementsCoverageTest::testElementsClassesExist
Ksfraser\HTML\Elements\HtmlButton does not exist
Failed asserting that false is true.

C:\Users\prote\Documents\software-devel\html\tests\HtmlElementsCoverageTest.php:28</failure>
          <system-out>// HtmlButton moved to Button namespace&#13;
</system-out>
        </testcase>
      </testsuite>
      <testsuite name="HtmlEmTest" file="C:\Users\prote\Documents\software-devel\html\tests\HtmlEmTest.php" tests="4" assertions="8" errors="0" warnings="0" failures="0" skipped="0" time="0.006224">
        <testcase name="testInstance" class="HtmlEmTest" classname="HtmlEmTest" file="C:\Users\prote\Documents\software-devel\html\tests\HtmlEmTest.php" line="6" assertions="1" time="0.001675"/>
        <testcase name="testGetHtml" class="HtmlEmTest" classname="HtmlEmTest" file="C:\Users\prote\Documents\software-devel\html\tests\HtmlEmTest.php" line="12" assertions="3" time="0.001573"/>
        <testcase name="testToHtmlOutputsHtml" class="HtmlEmTest" classname="HtmlEmTest" file="C:\Users\prote\Documents\software-devel\html\tests\HtmlEmTest.php" line="22" assertions="2" time="0.001460"/>
        <testcase name="testEdgeCasesEmptyContent" class="HtmlEmTest" classname="HtmlEmTest" file="C:\Users\prote\Documents\software-devel\html\tests\HtmlEmTest.php" line="33" assertions="2" time="0.001515"/>
      </testsuite>
      <testsuite name="HtmlEmailTest" file="C:\Users\prote\Documents\software-devel\html\tests\HtmlEmailTest.php" tests="1" assertions="2" errors="0" warnings="0" failures="0" skipped="0" time="0.001386">
        <testcase name="testEmailHref" class="HtmlEmailTest" classname="HtmlEmailTest" file="C:\Users\prote\Documents\software-devel\html\tests\HtmlEmailTest.php" line="8" assertions="2" time="0.001386"/>
      </testsuite>
      <testsuite name="HtmlEmptyElementTest" file="C:\Users\prote\Documents\software-devel\html\tests\HtmlEmptyElementTest.php" tests="4" assertions="6" errors="0" warnings="0" failures="0" skipped="0" time="0.002549">
        <testcase name="testExtendsHtmlElement" class="HtmlEmptyElementTest" classname="HtmlEmptyElementTest" file="C:\Users\prote\Documents\software-devel\html\tests\HtmlEmptyElementTest.php" line="7" assertions="1" time="0.000560"/>
        <testcase name="testGetHtmlEmptyTag" class="HtmlEmptyElementTest" classname="HtmlEmptyElementTest" file="C:\Users\prote\Documents\software-devel\html\tests\HtmlEmptyElementTest.php" line="12" assertions="3" time="0.000735"/>
        <testcase name="testToHtmlOutputsHtml" class="HtmlEmptyElementTest" classname="HtmlEmptyElementTest" file="C:\Users\prote\Documents\software-devel\html\tests\HtmlEmptyElementTest.php" line="21" assertions="1" time="0.000659"/>
        <testcase name="testEdgeCasesNoTag" class="HtmlEmptyElementTest" classname="HtmlEmptyElementTest" file="C:\Users\prote\Documents\software-devel\html\tests\HtmlEmptyElementTest.php" line="30" assertions="1" time="0.000595"/>
      </testsuite>
      <testsuite name="HtmlFAButtonsCoverageTest" file="C:\Users\prote\Documents\software-devel\html\tests\HtmlFAButtonsCoverageTest.php" tests="1" assertions="6" errors="0" warnings="0" failures="0" skipped="0" time="0.000714">
        <testcase name="testFAButtonsClassesExist" class="HtmlFAButtonsCoverageTest" classname="HtmlFAButtonsCoverageTest" file="C:\Users\prote\Documents\software-devel\html\tests\HtmlFAButtonsCoverageTest.php" line="5" assertions="6" time="0.000714"/>
      </testsuite>
      <testsuite name="HtmlFactoryCoverageTest" file="C:\Users\prote\Documents\software-devel\html\tests\HtmlFactoryCoverageTest.php" tests="1" assertions="7" errors="0" warnings="0" failures="0" skipped="0" time="0.003318">
        <testcase name="testFactoryClassesExist" class="HtmlFactoryCoverageTest" classname="HtmlFactoryCoverageTest" file="C:\Users\prote\Documents\software-devel\html\tests\HtmlFactoryCoverageTest.php" line="5" assertions="7" time="0.003318"/>
      </testsuite>
      <testsuite name="HtmlFigcaptionTest" file="C:\Users\prote\Documents\software-devel\html\tests\HtmlFigcaptionTest.php" tests="3" assertions="7" errors="0" warnings="0" failures="0" skipped="0" time="0.004777">
        <testcase name="testGetHtml" class="HtmlFigcaptionTest" classname="HtmlFigcaptionTest" file="C:\Users\prote\Documents\software-devel\html\tests\HtmlFigcaptionTest.php" line="6" assertions="3" time="0.001854"/>
        <testcase name="testToHtmlOutputsHtml" class="HtmlFigcaptionTest" classname="HtmlFigcaptionTest" file="C:\Users\prote\Documents\software-devel\html\tests\HtmlFigcaptionTest.php" line="16" assertions="2" time="0.001534"/>
        <testcase name="testEdgeCasesEmptyContent" class="HtmlFigcaptionTest" classname="HtmlFigcaptionTest" file="C:\Users\prote\Documents\software-devel\html\tests\HtmlFigcaptionTest.php" line="27" assertions="2" time="0.001390"/>
      </testsuite>
      <testsuite name="HtmlFigureTest" file="C:\Users\prote\Documents\software-devel\html\tests\HtmlFigureTest.php" tests="3" assertions="7" errors="0" warnings="0" failures="0" skipped="0" time="0.004545">
        <testcase name="testGetHtml" class="HtmlFigureTest" classname="HtmlFigureTest" file="C:\Users\prote\Documents\software-devel\html\tests\HtmlFigureTest.php" line="6" assertions="3" time="0.001918"/>
        <testcase name="testToHtmlOutputsHtml" class="HtmlFigureTest" classname="HtmlFigureTest" file="C:\Users\prote\Documents\software-devel\html\tests\HtmlFigureTest.php" line="16" assertions="2" time="0.001347"/>
        <testcase name="testEdgeCasesEmptyContent" class="HtmlFigureTest" classname="HtmlFigureTest" file="C:\Users\prote\Documents\software-devel\html\tests\HtmlFigureTest.php" line="27" assertions="2" time="0.001281"/>
      </testsuite>
      <testsuite name="HtmlFooterTest" file="C:\Users\prote\Documents\software-devel\html\tests\HtmlFooterTest.php" tests="3" assertions="7" errors="0" warnings="0" failures="0" skipped="0" time="0.005254">
        <testcase name="testGetHtml" class="HtmlFooterTest" classname="HtmlFooterTest" file="C:\Users\prote\Documents\software-devel\html\tests\HtmlFooterTest.php" line="6" assertions="3" time="0.002638"/>
        <testcase name="testToHtmlOutputsHtml" class="HtmlFooterTest" classname="HtmlFooterTest" file="C:\Users\prote\Documents\software-devel\html\tests\HtmlFooterTest.php" line="16" assertions="2" time="0.001336"/>
        <testcase name="testEdgeCasesEmptyContent" class="HtmlFooterTest" classname="HtmlFooterTest" file="C:\Users\prote\Documents\software-devel\html\tests\HtmlFooterTest.php" line="27" assertions="2" time="0.001280"/>
      </testsuite>
      <testsuite name="HtmlFormValidationTest" file="C:\Users\prote\Documents\software-devel\html\tests\HtmlFormValidationTest.php" tests="6" assertions="6" errors="0" warnings="0" failures="0" skipped="0" time="0.004900">
        <testcase name="testValidMethod" class="HtmlFormValidationTest" classname="HtmlFormValidationTest" file="C:\Users\prote\Documents\software-devel\html\tests\HtmlFormValidationTest.php" line="9" assertions="1" time="0.001266"/>
        <testcase name="testInvalidMethodThrows" class="HtmlFormValidationTest" classname="HtmlFormValidationTest" file="C:\Users\prote\Documents\software-devel\html\tests\HtmlFormValidationTest.php" line="17" assertions="1" time="0.000576"/>
        <testcase name="testValidId" class="HtmlFormValidationTest" classname="HtmlFormValidationTest" file="C:\Users\prote\Documents\software-devel\html\tests\HtmlFormValidationTest.php" line="24" assertions="1" time="0.001043"/>
        <testcase name="testInvalidIdThrows" class="HtmlFormValidationTest" classname="HtmlFormValidationTest" file="C:\Users\prote\Documents\software-devel\html\tests\HtmlFormValidationTest.php" line="33" assertions="1" time="0.000655"/>
        <testcase name="testValidAction" class="HtmlFormValidationTest" classname="HtmlFormValidationTest" file="C:\Users\prote\Documents\software-devel\html\tests\HtmlFormValidationTest.php" line="40" assertions="1" time="0.000708"/>
        <testcase name="testInvalidActionThrows" class="HtmlFormValidationTest" classname="HtmlFormValidationTest" file="C:\Users\prote\Documents\software-devel\html\tests\HtmlFormValidationTest.php" line="48" assertions="1" time="0.000653"/>
      </testsuite>
      <testsuite name="HtmlFormattingCoverageTest" file="C:\Users\prote\Documents\software-devel\html\tests\HtmlFormattingCoverageTest.php" tests="1" assertions="10" errors="0" warnings="0" failures="0" skipped="0" time="0.002787">
        <testcase name="testFormattingClassesExist" class="HtmlFormattingCoverageTest" classname="HtmlFormattingCoverageTest" file="C:\Users\prote\Documents\software-devel\html\tests\HtmlFormattingCoverageTest.php" line="5" assertions="10" time="0.002787"/>
      </testsuite>
      <testsuite name="HtmlFormattingTest" file="C:\Users\prote\Documents\software-devel\html\tests\HtmlFormattingTest.php" tests="4" assertions="8" errors="0" warnings="0" failures="0" skipped="0" time="0.004768">
        <testcase name="testInstance" class="HtmlFormattingTest" classname="HtmlFormattingTest" file="C:\Users\prote\Documents\software-devel\html\tests\HtmlFormattingTest.php" line="6" assertions="1" time="0.000873"/>
        <testcase name="testGetHtml" class="HtmlFormattingTest" classname="HtmlFormattingTest" file="C:\Users\prote\Documents\software-devel\html\tests\HtmlFormattingTest.php" line="12" assertions="3" time="0.001369"/>
        <testcase name="testToHtmlOutputsHtml" class="HtmlFormattingTest" classname="HtmlFormattingTest" file="C:\Users\prote\Documents\software-devel\html\tests\HtmlFormattingTest.php" line="22" assertions="2" time="0.001289"/>
        <testcase name="testEdgeCasesEmptyContent" class="HtmlFormattingTest" classname="HtmlFormattingTest" file="C:\Users\prote\Documents\software-devel\html\tests\HtmlFormattingTest.php" line="33" assertions="2" time="0.001237"/>
      </testsuite>
      <testsuite name="HtmlFragmentTest" file="C:\Users\prote\Documents\software-devel\html\tests\HtmlFragmentTest.php" tests="5" assertions="5" errors="0" warnings="0" failures="0" skipped="0" time="0.005438">
        <testcase name="testImplementsInterface" class="HtmlFragmentTest" classname="HtmlFragmentTest" file="C:\Users\prote\Documents\software-devel\html\tests\HtmlFragmentTest.php" line="7" assertions="1" time="0.000463"/>
        <testcase name="testAddChildReturnsSelf" class="HtmlFragmentTest" classname="HtmlFragmentTest" file="C:\Users\prote\Documents\software-devel\html\tests\HtmlFragmentTest.php" line="12" assertions="1" time="0.000722"/>
        <testcase name="testGetHtmlWithChild" class="HtmlFragmentTest" classname="HtmlFragmentTest" file="C:\Users\prote\Documents\software-devel\html\tests\HtmlFragmentTest.php" line="19" assertions="1" time="0.002426"/>
        <testcase name="testToHtmlOutputsHtml" class="HtmlFragmentTest" classname="HtmlFragmentTest" file="C:\Users\prote\Documents\software-devel\html\tests\HtmlFragmentTest.php" line="28" assertions="1" time="0.001294"/>
        <testcase name="testEdgeCasesEmptyFragment" class="HtmlFragmentTest" classname="HtmlFragmentTest" file="C:\Users\prote\Documents\software-devel\html\tests\HtmlFragmentTest.php" line="39" assertions="1" time="0.000532"/>
      </testsuite>
      <testsuite name="HtmlH1Test" file="C:\Users\prote\Documents\software-devel\html\tests\HtmlH1Test.php" tests="3" assertions="7" errors="0" warnings="0" failures="0" skipped="0" time="0.006595">
        <testcase name="testGetHtml" class="HtmlH1Test" classname="HtmlH1Test" file="C:\Users\prote\Documents\software-devel\html\tests\HtmlH1Test.php" line="6" assertions="3" time="0.002034"/>
        <testcase name="testToHtmlOutputsHtml" class="HtmlH1Test" classname="HtmlH1Test" file="C:\Users\prote\Documents\software-devel\html\tests\HtmlH1Test.php" line="16" assertions="2" time="0.001335"/>
        <testcase name="testEdgeCasesEmptyContent" class="HtmlH1Test" classname="HtmlH1Test" file="C:\Users\prote\Documents\software-devel\html\tests\HtmlH1Test.php" line="27" assertions="2" time="0.003226"/>
      </testsuite>
      <testsuite name="HtmlH2Test" file="C:\Users\prote\Documents\software-devel\html\tests\HtmlH2Test.php" tests="3" assertions="7" errors="0" warnings="0" failures="0" skipped="0" time="0.004377">
        <testcase name="testGetHtml" class="HtmlH2Test" classname="HtmlH2Test" file="C:\Users\prote\Documents\software-devel\html\tests\HtmlH2Test.php" line="6" assertions="3" time="0.001850"/>
        <testcase name="testToHtmlOutputsHtml" class="HtmlH2Test" classname="HtmlH2Test" file="C:\Users\prote\Documents\software-devel\html\tests\HtmlH2Test.php" line="16" assertions="2" time="0.001291"/>
        <testcase name="testEdgeCasesEmptyContent" class="HtmlH2Test" classname="HtmlH2Test" file="C:\Users\prote\Documents\software-devel\html\tests\HtmlH2Test.php" line="27" assertions="2" time="0.001236"/>
      </testsuite>
      <testsuite name="HtmlH3Test" file="C:\Users\prote\Documents\software-devel\html\tests\HtmlH3Test.php" tests="3" assertions="7" errors="0" warnings="0" failures="0" skipped="0" time="0.005235">
        <testcase name="testGetHtml" class="HtmlH3Test" classname="HtmlH3Test" file="C:\Users\prote\Documents\software-devel\html\tests\HtmlH3Test.php" line="6" assertions="3" time="0.002466"/>
        <testcase name="testToHtmlOutputsHtml" class="HtmlH3Test" classname="HtmlH3Test" file="C:\Users\prote\Documents\software-devel\html\tests\HtmlH3Test.php" line="16" assertions="2" time="0.001428"/>
        <testcase name="testEdgeCasesEmptyContent" class="HtmlH3Test" classname="HtmlH3Test" file="C:\Users\prote\Documents\software-devel\html\tests\HtmlH3Test.php" line="27" assertions="2" time="0.001341"/>
      </testsuite>
      <testsuite name="HtmlH4Test" file="C:\Users\prote\Documents\software-devel\html\tests\HtmlH4Test.php" tests="3" assertions="7" errors="0" warnings="0" failures="0" skipped="0" time="0.005251">
        <testcase name="testGetHtml" class="HtmlH4Test" classname="HtmlH4Test" file="C:\Users\prote\Documents\software-devel\html\tests\HtmlH4Test.php" line="6" assertions="3" time="0.001757"/>
        <testcase name="testToHtmlOutputsHtml" class="HtmlH4Test" classname="HtmlH4Test" file="C:\Users\prote\Documents\software-devel\html\tests\HtmlH4Test.php" line="16" assertions="2" time="0.001497"/>
        <testcase name="testEdgeCasesEmptyContent" class="HtmlH4Test" classname="HtmlH4Test" file="C:\Users\prote\Documents\software-devel\html\tests\HtmlH4Test.php" line="27" assertions="2" time="0.001997"/>
      </testsuite>
      <testsuite name="HtmlH5Test" file="C:\Users\prote\Documents\software-devel\html\tests\HtmlH5Test.php" tests="3" assertions="7" errors="0" warnings="0" failures="0" skipped="0" time="0.004791">
        <testcase name="testGetHtml" class="HtmlH5Test" classname="HtmlH5Test" file="C:\Users\prote\Documents\software-devel\html\tests\HtmlH5Test.php" line="6" assertions="3" time="0.001916"/>
        <testcase name="testToHtmlOutputsHtml" class="HtmlH5Test" classname="HtmlH5Test" file="C:\Users\prote\Documents\software-devel\html\tests\HtmlH5Test.php" line="16" assertions="2" time="0.001367"/>
        <testcase name="testEdgeCasesEmptyContent" class="HtmlH5Test" classname="HtmlH5Test" file="C:\Users\prote\Documents\software-devel\html\tests\HtmlH5Test.php" line="27" assertions="2" time="0.001507"/>
      </testsuite>
      <testsuite name="HtmlH6Test" file="C:\Users\prote\Documents\software-devel\html\tests\HtmlH6Test.php" tests="3" assertions="7" errors="0" warnings="0" failures="0" skipped="0" time="0.005007">
        <testcase name="testGetHtml" class="HtmlH6Test" classname="HtmlH6Test" file="C:\Users\prote\Documents\software-devel\html\tests\HtmlH6Test.php" line="6" assertions="3" time="0.002357"/>
        <testcase name="testToHtmlOutputsHtml" class="HtmlH6Test" classname="HtmlH6Test" file="C:\Users\prote\Documents\software-devel\html\tests\HtmlH6Test.php" line="16" assertions="2" time="0.001367"/>
        <testcase name="testEdgeCasesEmptyContent" class="HtmlH6Test" classname="HtmlH6Test" file="C:\Users\prote\Documents\software-devel\html\tests\HtmlH6Test.php" line="27" assertions="2" time="0.001283"/>
      </testsuite>
      <testsuite name="HtmlHeaderTest" file="C:\Users\prote\Documents\software-devel\html\tests\HtmlHeaderTest.php" tests="3" assertions="7" errors="0" warnings="0" failures="0" skipped="0" time="0.006312">
        <testcase name="testGetHtml" class="HtmlHeaderTest" classname="HtmlHeaderTest" file="C:\Users\prote\Documents\software-devel\html\tests\HtmlHeaderTest.php" line="6" assertions="3" time="0.002278"/>
        <testcase name="testToHtmlOutputsHtml" class="HtmlHeaderTest" classname="HtmlHeaderTest" file="C:\Users\prote\Documents\software-devel\html\tests\HtmlHeaderTest.php" line="16" assertions="2" time="0.001440"/>
        <testcase name="testEdgeCasesEmptyContent" class="HtmlHeaderTest" classname="HtmlHeaderTest" file="C:\Users\prote\Documents\software-devel\html\tests\HtmlHeaderTest.php" line="27" assertions="2" time="0.002593"/>
      </testsuite>
      <testsuite name="HtmlHrTest" file="C:\Users\prote\Documents\software-devel\html\tests\HtmlHrTest.php" tests="2" assertions="4" errors="0" warnings="0" failures="2" skipped="0" time="0.002842">
        <testcase name="testGetHtml" class="HtmlHrTest" classname="HtmlHrTest" file="C:\Users\prote\Documents\software-devel\html\tests\HtmlHrTest.php" line="6" assertions="2" time="0.001659">
          <failure type="PHPUnit\Framework\ExpectationFailedException">HtmlHrTest::testGetHtml
Failed asserting that '&lt;hr  &gt;' ends with "/&gt;".

C:\Users\prote\Documents\software-devel\html\tests\HtmlHrTest.php:12</failure>
        </testcase>
        <testcase name="testToHtmlOutputsHtml" class="HtmlHrTest" classname="HtmlHrTest" file="C:\Users\prote\Documents\software-devel\html\tests\HtmlHrTest.php" line="15" assertions="2" time="0.001182">
          <failure type="PHPUnit\Framework\ExpectationFailedException">HtmlHrTest::testToHtmlOutputsHtml
Failed asserting that '&lt;hr  &gt;' ends with "/&gt;".

C:\Users\prote\Documents\software-devel\html\tests\HtmlHrTest.php:23</failure>
        </testcase>
      </testsuite>
      <testsuite name="HtmlInlineTest" file="C:\Users\prote\Documents\software-devel\html\tests\HtmlInlineTest.php" tests="3" assertions="7" errors="0" warnings="0" failures="0" skipped="0" time="0.004611">
        <testcase name="testGetHtml" class="HtmlInlineTest" classname="HtmlInlineTest" file="C:\Users\prote\Documents\software-devel\html\tests\HtmlInlineTest.php" line="7" assertions="3" time="0.001871"/>
        <testcase name="testToHtmlOutputsHtml" class="HtmlInlineTest" classname="HtmlInlineTest" file="C:\Users\prote\Documents\software-devel\html\tests\HtmlInlineTest.php" line="17" assertions="2" time="0.001474"/>
        <testcase name="testEdgeCasesEmptyContent" class="HtmlInlineTest" classname="HtmlInlineTest" file="C:\Users\prote\Documents\software-devel\html\tests\HtmlInlineTest.php" line="28" assertions="2" time="0.001266"/>
      </testsuite>
      <testsuite name="HtmlInsertedTest" file="C:\Users\prote\Documents\software-devel\html\tests\HtmlInsertedTest.php" tests="4" assertions="8" errors="0" warnings="0" failures="0" skipped="0" time="0.005195">
        <testcase name="testInstance" class="HtmlInsertedTest" classname="HtmlInsertedTest" file="C:\Users\prote\Documents\software-devel\html\tests\HtmlInsertedTest.php" line="6" assertions="1" time="0.000830"/>
        <testcase name="testGetHtml" class="HtmlInsertedTest" classname="HtmlInsertedTest" file="C:\Users\prote\Documents\software-devel\html\tests\HtmlInsertedTest.php" line="12" assertions="3" time="0.001399"/>
        <testcase name="testToHtmlOutputsHtml" class="HtmlInsertedTest" classname="HtmlInsertedTest" file="C:\Users\prote\Documents\software-devel\html\tests\HtmlInsertedTest.php" line="22" assertions="2" time="0.001378"/>
        <testcase name="testEdgeCasesEmptyContent" class="HtmlInsertedTest" classname="HtmlInsertedTest" file="C:\Users\prote\Documents\software-devel\html\tests\HtmlInsertedTest.php" line="33" assertions="2" time="0.001588"/>
      </testsuite>
      <testsuite name="HtmlItalicTest" file="C:\Users\prote\Documents\software-devel\html\tests\HtmlItalicTest.php" tests="4" assertions="8" errors="0" warnings="0" failures="0" skipped="0" time="0.006526">
        <testcase name="testInstance" class="HtmlItalicTest" classname="HtmlItalicTest" file="C:\Users\prote\Documents\software-devel\html\tests\HtmlItalicTest.php" line="6" assertions="1" time="0.000879"/>
        <testcase name="testGetHtml" class="HtmlItalicTest" classname="HtmlItalicTest" file="C:\Users\prote\Documents\software-devel\html\tests\HtmlItalicTest.php" line="12" assertions="3" time="0.002495"/>
        <testcase name="testToHtmlOutputsHtml" class="HtmlItalicTest" classname="HtmlItalicTest" file="C:\Users\prote\Documents\software-devel\html\tests\HtmlItalicTest.php" line="22" assertions="2" time="0.001546"/>
        <testcase name="testEdgeCasesEmptyContent" class="HtmlItalicTest" classname="HtmlItalicTest" file="C:\Users\prote\Documents\software-devel\html\tests\HtmlItalicTest.php" line="33" assertions="2" time="0.001606"/>
      </testsuite>
      <testsuite name="HtmlJSStringTest" file="C:\Users\prote\Documents\software-devel\html\tests\HtmlJSStringTest.php" tests="2" assertions="2" errors="1" warnings="0" failures="0" skipped="0" time="0.001728">
        <testcase name="testHtmlJSStringEscapesContent" class="HtmlJSStringTest" classname="HtmlJSStringTest" file="C:\Users\prote\Documents\software-devel\html\tests\HtmlJSStringTest.php" line="6" assertions="0" time="0.001035">
          <error type="TypeError">HtmlJSStringTest::testHtmlJSStringEscapesContent
TypeError: htmlspecialchars(): Argument #1 ($string) must be of type string, Ksfraser\HTML\Elements\HtmlString given

C:\Users\prote\Documents\software-devel\html\src\Ksfraser\HTML\Elements\HtmlString.php:45
C:\Users\prote\Documents\software-devel\html\tests\HtmlJSStringTest.php:8</error>
        </testcase>
        <testcase name="testHtmlJSStringImplementsInterface" class="HtmlJSStringTest" classname="HtmlJSStringTest" file="C:\Users\prote\Documents\software-devel\html\tests\HtmlJSStringTest.php" line="13" assertions="2" time="0.000694"/>
      </testsuite>
      <testsuite name="HtmlKbdTest" file="C:\Users\prote\Documents\software-devel\html\tests\HtmlKbdTest.php" tests="3" assertions="7" errors="0" warnings="0" failures="0" skipped="0" time="0.004603">
        <testcase name="testGetHtml" class="HtmlKbdTest" classname="HtmlKbdTest" file="C:\Users\prote\Documents\software-devel\html\tests\HtmlKbdTest.php" line="6" assertions="3" time="0.001841"/>
        <testcase name="testToHtmlOutputsHtml" class="HtmlKbdTest" classname="HtmlKbdTest" file="C:\Users\prote\Documents\software-devel\html\tests\HtmlKbdTest.php" line="16" assertions="2" time="0.001369"/>
        <testcase name="testEdgeCasesEmptyContent" class="HtmlKbdTest" classname="HtmlKbdTest" file="C:\Users\prote\Documents\software-devel\html\tests\HtmlKbdTest.php" line="27" assertions="2" time="0.001393"/>
      </testsuite>
      <testsuite name="HtmlLiTest" file="C:\Users\prote\Documents\software-devel\html\tests\HtmlLiTest.php" tests="4" assertions="8" errors="0" warnings="0" failures="0" skipped="0" time="0.006260">
        <testcase name="testInstance" class="HtmlLiTest" classname="HtmlLiTest" file="C:\Users\prote\Documents\software-devel\html\tests\HtmlLiTest.php" line="6" assertions="1" time="0.001919"/>
        <testcase name="testGetHtml" class="HtmlLiTest" classname="HtmlLiTest" file="C:\Users\prote\Documents\software-devel\html\tests\HtmlLiTest.php" line="11" assertions="3" time="0.001573"/>
        <testcase name="testToHtmlOutputsHtml" class="HtmlLiTest" classname="HtmlLiTest" file="C:\Users\prote\Documents\software-devel\html\tests\HtmlLiTest.php" line="21" assertions="2" time="0.001366"/>
        <testcase name="testEdgeCasesEmptyContent" class="HtmlLiTest" classname="HtmlLiTest" file="C:\Users\prote\Documents\software-devel\html\tests\HtmlLiTest.php" line="32" assertions="2" time="0.001402"/>
      </testsuite>
      <testsuite name="HtmlListItemTest" file="C:\Users\prote\Documents\software-devel\html\tests\HtmlListItemTest.php" tests="4" assertions="6" errors="0" warnings="0" failures="1" skipped="0" time="0.003394">
        <testcase name="testInstance" class="HtmlListItemTest" classname="HtmlListItemTest" file="C:\Users\prote\Documents\software-devel\html\tests\HtmlListItemTest.php" line="21" assertions="1" time="0.000507"/>
        <testcase name="testTagIsLi" class="HtmlListItemTest" classname="HtmlListItemTest" file="C:\Users\prote\Documents\software-devel\html\tests\HtmlListItemTest.php" line="27" assertions="1" time="0.000584"/>
        <testcase name="testToStringReturnsExpectedHtml" class="HtmlListItemTest" classname="HtmlListItemTest" file="C:\Users\prote\Documents\software-devel\html\tests\HtmlListItemTest.php" line="33" assertions="3" time="0.001587"/>
        <testcase name="testConstructorThrowsTypeErrorOnInvalidArgument" class="HtmlListItemTest" classname="HtmlListItemTest" file="C:\Users\prote\Documents\software-devel\html\tests\HtmlListItemTest.php" line="42" assertions="1" time="0.000716">
          <failure type="PHPUnit\Framework\ExpectationFailedException">HtmlListItemTest::testConstructorThrowsTypeErrorOnInvalidArgument
Failed asserting that exception of type "TypeError" is thrown.</failure>
        </testcase>
      </testsuite>
      <testsuite name="HtmlMainTest" file="C:\Users\prote\Documents\software-devel\html\tests\HtmlMainTest.php" tests="3" assertions="7" errors="0" warnings="0" failures="0" skipped="0" time="0.006034">
        <testcase name="testGetHtml" class="HtmlMainTest" classname="HtmlMainTest" file="C:\Users\prote\Documents\software-devel\html\tests\HtmlMainTest.php" line="6" assertions="3" time="0.001796"/>
        <testcase name="testToHtmlOutputsHtml" class="HtmlMainTest" classname="HtmlMainTest" file="C:\Users\prote\Documents\software-devel\html\tests\HtmlMainTest.php" line="16" assertions="2" time="0.001280"/>
        <testcase name="testEdgeCasesEmptyContent" class="HtmlMainTest" classname="HtmlMainTest" file="C:\Users\prote\Documents\software-devel\html\tests\HtmlMainTest.php" line="27" assertions="2" time="0.002958"/>
      </testsuite>
      <testsuite name="HtmlMarkTest" file="C:\Users\prote\Documents\software-devel\html\tests\HtmlMarkTest.php" tests="6" assertions="12" errors="0" warnings="0" failures="0" skipped="0" time="0.007070">
        <testcase name="testInstance" class="HtmlMarkTest" classname="HtmlMarkTest" file="C:\Users\prote\Documents\software-devel\html\tests\HtmlMarkTest.php" line="7" assertions="1" time="0.001095"/>
        <testcase name="testTagIsMark" class="HtmlMarkTest" classname="HtmlMarkTest" file="C:\Users\prote\Documents\software-devel\html\tests\HtmlMarkTest.php" line="12" assertions="1" time="0.000757"/>
        <testcase name="testToStringReturnsExpectedHtml" class="HtmlMarkTest" classname="HtmlMarkTest" file="C:\Users\prote\Documents\software-devel\html\tests\HtmlMarkTest.php" line="17" assertions="3" time="0.000750"/>
        <testcase name="testGetHtml" class="HtmlMarkTest" classname="HtmlMarkTest" file="C:\Users\prote\Documents\software-devel\html\tests\HtmlMarkTest.php" line="25" assertions="3" time="0.001452"/>
        <testcase name="testToHtmlOutputsHtml" class="HtmlMarkTest" classname="HtmlMarkTest" file="C:\Users\prote\Documents\software-devel\html\tests\HtmlMarkTest.php" line="35" assertions="2" time="0.001419"/>
        <testcase name="testEdgeCasesEmptyContent" class="HtmlMarkTest" classname="HtmlMarkTest" file="C:\Users\prote\Documents\software-devel\html\tests\HtmlMarkTest.php" line="46" assertions="2" time="0.001597"/>
      </testsuite>
      <testsuite name="HtmlMenuTest" file="C:\Users\prote\Documents\software-devel\html\tests\HtmlMenuTest.php" tests="3" assertions="7" errors="0" warnings="0" failures="0" skipped="0" time="0.004526">
        <testcase name="testGetHtml" class="HtmlMenuTest" classname="HtmlMenuTest" file="C:\Users\prote\Documents\software-devel\html\tests\HtmlMenuTest.php" line="6" assertions="3" time="0.001815"/>
        <testcase name="testToHtmlOutputsHtml" class="HtmlMenuTest" classname="HtmlMenuTest" file="C:\Users\prote\Documents\software-devel\html\tests\HtmlMenuTest.php" line="16" assertions="2" time="0.001337"/>
        <testcase name="testEdgeCasesEmptyContent" class="HtmlMenuTest" classname="HtmlMenuTest" file="C:\Users\prote\Documents\software-devel\html\tests\HtmlMenuTest.php" line="27" assertions="2" time="0.001374"/>
      </testsuite>
      <testsuite name="HtmlMetaTest" file="C:\Users\prote\Documents\software-devel\html\tests\HtmlMetaTest.php" tests="2" assertions="4" errors="0" warnings="0" failures="0" skipped="0" time="0.002572">
        <testcase name="testMetaTagRendersCorrectly" class="HtmlMetaTest" classname="HtmlMetaTest" file="C:\Users\prote\Documents\software-devel\html\tests\HtmlMetaTest.php" line="7" assertions="3" time="0.001908"/>
        <testcase name="testMetaTagWithoutAttributes" class="HtmlMetaTest" classname="HtmlMetaTest" file="C:\Users\prote\Documents\software-devel\html\tests\HtmlMetaTest.php" line="16" assertions="1" time="0.000664"/>
      </testsuite>
      <testsuite name="HtmlMeterTest" file="C:\Users\prote\Documents\software-devel\html\tests\HtmlMeterTest.php" tests="3" assertions="7" errors="0" warnings="0" failures="0" skipped="0" time="0.004798">
        <testcase name="testGetHtml" class="HtmlMeterTest" classname="HtmlMeterTest" file="C:\Users\prote\Documents\software-devel\html\tests\HtmlMeterTest.php" line="6" assertions="3" time="0.001864"/>
        <testcase name="testToHtmlOutputsHtml" class="HtmlMeterTest" classname="HtmlMeterTest" file="C:\Users\prote\Documents\software-devel\html\tests\HtmlMeterTest.php" line="16" assertions="2" time="0.001353"/>
        <testcase name="testEdgeCasesEmptyContent" class="HtmlMeterTest" classname="HtmlMeterTest" file="C:\Users\prote\Documents\software-devel\html\tests\HtmlMeterTest.php" line="27" assertions="2" time="0.001581"/>
      </testsuite>
      <testsuite name="HtmlNameValueTest" file="C:\Users\prote\Documents\software-devel\html\tests\HtmlNameValueTest.php" tests="1" assertions="1" errors="0" warnings="0" failures="0" skipped="0" time="0.000492">
        <testcase name="testInstance" class="HtmlNameValueTest" classname="HtmlNameValueTest" file="C:\Users\prote\Documents\software-devel\html\tests\HtmlNameValueTest.php" line="6" assertions="1" time="0.000492"/>
      </testsuite>
      <testsuite name="HtmlNavTest" file="C:\Users\prote\Documents\software-devel\html\tests\HtmlNavTest.php" tests="3" assertions="7" errors="0" warnings="0" failures="0" skipped="0" time="0.004920">
        <testcase name="testGetHtml" class="HtmlNavTest" classname="HtmlNavTest" file="C:\Users\prote\Documents\software-devel\html\tests\HtmlNavTest.php" line="6" assertions="3" time="0.001873"/>
        <testcase name="testToHtmlOutputsHtml" class="HtmlNavTest" classname="HtmlNavTest" file="C:\Users\prote\Documents\software-devel\html\tests\HtmlNavTest.php" line="16" assertions="2" time="0.001561"/>
        <testcase name="testEdgeCasesEmptyContent" class="HtmlNavTest" classname="HtmlNavTest" file="C:\Users\prote\Documents\software-devel\html\tests\HtmlNavTest.php" line="27" assertions="2" time="0.001486"/>
      </testsuite>
      <testsuite name="HtmlOlTest" file="C:\Users\prote\Documents\software-devel\html\tests\HtmlOlTest.php" tests="4" assertions="8" errors="0" warnings="0" failures="0" skipped="0" time="0.005802">
        <testcase name="testInstance" class="HtmlOlTest" classname="HtmlOlTest" file="C:\Users\prote\Documents\software-devel\html\tests\HtmlOlTest.php" line="6" assertions="1" time="0.001639"/>
        <testcase name="testGetHtml" class="HtmlOlTest" classname="HtmlOlTest" file="C:\Users\prote\Documents\software-devel\html\tests\HtmlOlTest.php" line="11" assertions="3" time="0.001531"/>
        <testcase name="testToHtmlOutputsHtml" class="HtmlOlTest" classname="HtmlOlTest" file="C:\Users\prote\Documents\software-devel\html\tests\HtmlOlTest.php" line="21" assertions="2" time="0.001332"/>
        <testcase name="testEdgeCasesEmptyContent" class="HtmlOlTest" classname="HtmlOlTest" file="C:\Users\prote\Documents\software-devel\html\tests\HtmlOlTest.php" line="32" assertions="2" time="0.001300"/>
      </testsuite>
      <testsuite name="HtmlOptionTest" file="C:\Users\prote\Documents\software-devel\html\tests\HtmlOptionTest.php" tests="2" assertions="4" errors="0" warnings="0" failures="0" skipped="0" time="0.001621">
        <testcase name="testInstance" class="HtmlOptionTest" classname="HtmlOptionTest" file="C:\Users\prote\Documents\software-devel\html\tests\HtmlOptionTest.php" line="7" assertions="1" time="0.000844"/>
        <testcase name="testToStringReturnsExpectedHtml" class="HtmlOptionTest" classname="HtmlOptionTest" file="C:\Users\prote\Documents\software-devel\html\tests\HtmlOptionTest.php" line="12" assertions="3" time="0.000777"/>
      </testsuite>
      <testsuite name="HtmlOrderedListTest" file="C:\Users\prote\Documents\software-devel\html\tests\HtmlOrderedListTest.php" tests="1" assertions="1" errors="0" warnings="0" failures="0" skipped="0" time="0.000651">
        <testcase name="testInstance" class="HtmlOrderedListTest" classname="HtmlOrderedListTest" file="C:\Users\prote\Documents\software-devel\html\tests\HtmlOrderedListTest.php" line="6" assertions="1" time="0.000651"/>
      </testsuite>
      <testsuite name="HtmlOutputTest" file="C:\Users\prote\Documents\software-devel\html\tests\HtmlOutputTest.php" tests="3" assertions="7" errors="0" warnings="0" failures="0" skipped="0" time="0.005726">
        <testcase name="testGetHtml" class="HtmlOutputTest" classname="HtmlOutputTest" file="C:\Users\prote\Documents\software-devel\html\tests\HtmlOutputTest.php" line="6" assertions="3" time="0.002654"/>
        <testcase name="testToHtmlOutputsHtml" class="HtmlOutputTest" classname="HtmlOutputTest" file="C:\Users\prote\Documents\software-devel\html\tests\HtmlOutputTest.php" line="16" assertions="2" time="0.001451"/>
        <testcase name="testEdgeCasesEmptyContent" class="HtmlOutputTest" classname="HtmlOutputTest" file="C:\Users\prote\Documents\software-devel\html\tests\HtmlOutputTest.php" line="27" assertions="2" time="0.001620"/>
      </testsuite>
      <testsuite name="HtmlPTest" file="C:\Users\prote\Documents\software-devel\html\tests\HtmlPTest.php" tests="4" assertions="8" errors="0" warnings="0" failures="0" skipped="0" time="0.005277">
        <testcase name="testInstance" class="HtmlPTest" classname="HtmlPTest" file="C:\Users\prote\Documents\software-devel\html\tests\HtmlPTest.php" line="6" assertions="1" time="0.001002"/>
        <testcase name="testGetHtml" class="HtmlPTest" classname="HtmlPTest" file="C:\Users\prote\Documents\software-devel\html\tests\HtmlPTest.php" line="11" assertions="3" time="0.001621"/>
        <testcase name="testToHtmlOutputsHtml" class="HtmlPTest" classname="HtmlPTest" file="C:\Users\prote\Documents\software-devel\html\tests\HtmlPTest.php" line="21" assertions="2" time="0.001382"/>
        <testcase name="testEdgeCasesEmptyContent" class="HtmlPTest" classname="HtmlPTest" file="C:\Users\prote\Documents\software-devel\html\tests\HtmlPTest.php" line="32" assertions="2" time="0.001272"/>
      </testsuite>
      <testsuite name="HtmlParagraphFormattingTest" file="C:\Users\prote\Documents\software-devel\html\tests\HtmlParagraphFormattingTest.php" tests="3" assertions="7" errors="0" warnings="0" failures="0" skipped="0" time="0.004980">
        <testcase name="testGetHtml" class="HtmlParagraphFormattingTest" classname="HtmlParagraphFormattingTest" file="C:\Users\prote\Documents\software-devel\html\tests\HtmlParagraphFormattingTest.php" line="6" assertions="3" time="0.002018"/>
        <testcase name="testToHtmlOutputsHtml" class="HtmlParagraphFormattingTest" classname="HtmlParagraphFormattingTest" file="C:\Users\prote\Documents\software-devel\html\tests\HtmlParagraphFormattingTest.php" line="16" assertions="2" time="0.001374"/>
        <testcase name="testEdgeCasesEmptyContent" class="HtmlParagraphFormattingTest" classname="HtmlParagraphFormattingTest" file="C:\Users\prote\Documents\software-devel\html\tests\HtmlParagraphFormattingTest.php" line="27" assertions="2" time="0.001588"/>
      </testsuite>
      <testsuite name="HtmlParagraphTest" file="C:\Users\prote\Documents\software-devel\html\tests\HtmlParagraphTest.php" tests="1" assertions="1" errors="0" warnings="0" failures="0" skipped="0" time="0.001095">
        <testcase name="testInstance" class="HtmlParagraphTest" classname="HtmlParagraphTest" file="C:\Users\prote\Documents\software-devel\html\tests\HtmlParagraphTest.php" line="6" assertions="1" time="0.001095"/>
      </testsuite>
      <testsuite name="HtmlPreTest" file="C:\Users\prote\Documents\software-devel\html\tests\HtmlPreTest.php" tests="3" assertions="7" errors="0" warnings="0" failures="0" skipped="0" time="0.005562">
        <testcase name="testGetHtml" class="HtmlPreTest" classname="HtmlPreTest" file="C:\Users\prote\Documents\software-devel\html\tests\HtmlPreTest.php" line="6" assertions="3" time="0.002238"/>
        <testcase name="testToHtmlOutputsHtml" class="HtmlPreTest" classname="HtmlPreTest" file="C:\Users\prote\Documents\software-devel\html\tests\HtmlPreTest.php" line="16" assertions="2" time="0.001886"/>
        <testcase name="testEdgeCasesEmptyContent" class="HtmlPreTest" classname="HtmlPreTest" file="C:\Users\prote\Documents\software-devel\html\tests\HtmlPreTest.php" line="27" assertions="2" time="0.001438"/>
      </testsuite>
      <testsuite name="HtmlPreformattedTest" file="C:\Users\prote\Documents\software-devel\html\tests\HtmlPreformattedTest.php" tests="4" assertions="8" errors="0" warnings="0" failures="0" skipped="0" time="0.006698">
        <testcase name="testInstance" class="HtmlPreformattedTest" classname="HtmlPreformattedTest" file="C:\Users\prote\Documents\software-devel\html\tests\HtmlPreformattedTest.php" line="6" assertions="1" time="0.002157"/>
        <testcase name="testGetHtml" class="HtmlPreformattedTest" classname="HtmlPreformattedTest" file="C:\Users\prote\Documents\software-devel\html\tests\HtmlPreformattedTest.php" line="11" assertions="3" time="0.001532"/>
        <testcase name="testToHtmlOutputsHtml" class="HtmlPreformattedTest" classname="HtmlPreformattedTest" file="C:\Users\prote\Documents\software-devel\html\tests\HtmlPreformattedTest.php" line="21" assertions="2" time="0.001377"/>
        <testcase name="testEdgeCasesEmptyContent" class="HtmlPreformattedTest" classname="HtmlPreformattedTest" file="C:\Users\prote\Documents\software-devel\html\tests\HtmlPreformattedTest.php" line="32" assertions="2" time="0.001632"/>
      </testsuite>
      <testsuite name="HtmlProgressTest" file="C:\Users\prote\Documents\software-devel\html\tests\HtmlProgressTest.php" tests="3" assertions="7" errors="0" warnings="0" failures="0" skipped="0" time="0.005620">
        <testcase name="testGetHtml" class="HtmlProgressTest" classname="HtmlProgressTest" file="C:\Users\prote\Documents\software-devel\html\tests\HtmlProgressTest.php" line="6" assertions="3" time="0.002576"/>
        <testcase name="testToHtmlOutputsHtml" class="HtmlProgressTest" classname="HtmlProgressTest" file="C:\Users\prote\Documents\software-devel\html\tests\HtmlProgressTest.php" line="16" assertions="2" time="0.001457"/>
        <testcase name="testEdgeCasesEmptyContent" class="HtmlProgressTest" classname="HtmlProgressTest" file="C:\Users\prote\Documents\software-devel\html\tests\HtmlProgressTest.php" line="27" assertions="2" time="0.001587"/>
      </testsuite>
      <testsuite name="HtmlQTest" file="C:\Users\prote\Documents\software-devel\html\tests\HtmlQTest.php" tests="3" assertions="7" errors="0" warnings="0" failures="0" skipped="0" time="0.005168">
        <testcase name="testGetHtml" class="HtmlQTest" classname="HtmlQTest" file="C:\Users\prote\Documents\software-devel\html\tests\HtmlQTest.php" line="6" assertions="3" time="0.001783"/>
        <testcase name="testToHtmlOutputsHtml" class="HtmlQTest" classname="HtmlQTest" file="C:\Users\prote\Documents\software-devel\html\tests\HtmlQTest.php" line="16" assertions="2" time="0.001460"/>
        <testcase name="testEdgeCasesEmptyContent" class="HtmlQTest" classname="HtmlQTest" file="C:\Users\prote\Documents\software-devel\html\tests\HtmlQTest.php" line="27" assertions="2" time="0.001924"/>
      </testsuite>
      <testsuite name="HtmlRawTest" file="C:\Users\prote\Documents\software-devel\html\tests\HtmlRawTest.php" tests="1" assertions="1" errors="0" warnings="0" failures="0" skipped="0" time="0.000483">
        <testcase name="testInstance" class="HtmlRawTest" classname="HtmlRawTest" file="C:\Users\prote\Documents\software-devel\html\tests\HtmlRawTest.php" line="6" assertions="1" time="0.000483"/>
      </testsuite>
      <testsuite name="HtmlRowBuildersIntegrationTest" file="C:\Users\prote\Documents\software-devel\html\tests\HtmlRowBuildersIntegrationTest.php" tests="3" assertions="9" errors="0" warnings="0" failures="0" skipped="0" time="0.018675">
        <testcase name="testLoanTypeTableRowBuildAndRender" class="HtmlRowBuildersIntegrationTest" classname="HtmlRowBuildersIntegrationTest" file="C:\Users\prote\Documents\software-devel\html\tests\HtmlRowBuildersIntegrationTest.php" line="5" assertions="3" time="0.008596"/>
        <testcase name="testLoanSummaryTableRowBuildAndRender" class="HtmlRowBuildersIntegrationTest" classname="HtmlRowBuildersIntegrationTest" file="C:\Users\prote\Documents\software-devel\html\tests\HtmlRowBuildersIntegrationTest.php" line="19" assertions="3" time="0.005448"/>
        <testcase name="testInterestFreqTableRowBuildAndRender" class="HtmlRowBuildersIntegrationTest" classname="HtmlRowBuildersIntegrationTest" file="C:\Users\prote\Documents\software-devel\html\tests\HtmlRowBuildersIntegrationTest.php" line="34" assertions="3" time="0.004631"/>
      </testsuite>
      <testsuite name="HtmlRowsCoverageTest" file="C:\Users\prote\Documents\software-devel\html\tests\HtmlRowsCoverageTest.php" tests="1" assertions="4" errors="0" warnings="0" failures="0" skipped="0" time="0.000670">
        <testcase name="testRowsClassesExist" class="HtmlRowsCoverageTest" classname="HtmlRowsCoverageTest" file="C:\Users\prote\Documents\software-devel\html\tests\HtmlRowsCoverageTest.php" line="5" assertions="4" time="0.000670"/>
      </testsuite>
      <testsuite name="HtmlSampTest" file="C:\Users\prote\Documents\software-devel\html\tests\HtmlSampTest.php" tests="3" assertions="7" errors="0" warnings="0" failures="0" skipped="0" time="0.006327">
        <testcase name="testGetHtml" class="HtmlSampTest" classname="HtmlSampTest" file="C:\Users\prote\Documents\software-devel\html\tests\HtmlSampTest.php" line="6" assertions="3" time="0.002031"/>
        <testcase name="testToHtmlOutputsHtml" class="HtmlSampTest" classname="HtmlSampTest" file="C:\Users\prote\Documents\software-devel\html\tests\HtmlSampTest.php" line="16" assertions="2" time="0.002674"/>
        <testcase name="testEdgeCasesEmptyContent" class="HtmlSampTest" classname="HtmlSampTest" file="C:\Users\prote\Documents\software-devel\html\tests\HtmlSampTest.php" line="27" assertions="2" time="0.001623"/>
      </testsuite>
      <testsuite name="HtmlScriptHandlersCoverageTest" file="C:\Users\prote\Documents\software-devel\html\tests\HtmlScriptHandlersCoverageTest.php" tests="1" assertions="5" errors="0" warnings="0" failures="0" skipped="0" time="0.002949">
        <testcase name="testScriptHandlersClassesExist" class="HtmlScriptHandlersCoverageTest" classname="HtmlScriptHandlersCoverageTest" file="C:\Users\prote\Documents\software-devel\html\tests\HtmlScriptHandlersCoverageTest.php" line="5" assertions="5" time="0.002949"/>
      </testsuite>
      <testsuite name="HtmlScriptJSONTest" file="C:\Users\prote\Documents\software-devel\html\tests\HtmlScriptJSONTest.php" tests="1" assertions="1" errors="0" warnings="0" failures="1" skipped="0" time="0.002168">
        <testcase name="testJsonScriptTag" class="HtmlScriptJSONTest" classname="HtmlScriptJSONTest" file="C:\Users\prote\Documents\software-devel\html\tests\HtmlScriptJSONTest.php" line="9" assertions="1" time="0.002168">
          <failure type="PHPUnit\Framework\ExpectationFailedException">HtmlScriptJSONTest::testJsonScriptTag
Failed asserting that '&lt;script  &gt;&lt;/script&gt;' contains "&lt;script type="application/json"&gt;".

C:\Users\prote\Documents\software-devel\html\tests\HtmlScriptJSONTest.php:14</failure>
        </testcase>
      </testsuite>
      <testsuite name="HtmlScriptJSTest" file="C:\Users\prote\Documents\software-devel\html\tests\HtmlScriptJSTest.php" tests="1" assertions="1" errors="0" warnings="0" failures="1" skipped="0" time="0.001252">
        <testcase name="testJavaScriptScriptTag" class="HtmlScriptJSTest" classname="HtmlScriptJSTest" file="C:\Users\prote\Documents\software-devel\html\tests\HtmlScriptJSTest.php" line="9" assertions="1" time="0.001252">
          <failure type="PHPUnit\Framework\ExpectationFailedException">HtmlScriptJSTest::testJavaScriptScriptTag
Failed asserting that '&lt;script  &gt;&lt;/script&gt;' contains "&lt;script type="text/javascript"&gt;".

C:\Users\prote\Documents\software-devel\html\tests\HtmlScriptJSTest.php:14</failure>
        </testcase>
      </testsuite>
      <testsuite name="HtmlScriptTest" file="C:\Users\prote\Documents\software-devel\html\tests\HtmlScriptTest.php" tests="1" assertions="0" errors="1" warnings="0" failures="0" skipped="0" time="0.000781">
        <testcase name="testInstance" class="HtmlScriptTest" classname="HtmlScriptTest" file="C:\Users\prote\Documents\software-devel\html\tests\HtmlScriptTest.php" line="6" assertions="0" time="0.000781">
          <error type="Error">HtmlScriptTest::testInstance
Error: Cannot instantiate abstract class Ksfraser\HTML\Elements\HtmlScript

C:\Users\prote\Documents\software-devel\html\tests\HtmlScriptTest.php:7</error>
        </testcase>
      </testsuite>
      <testsuite name="HtmlScriptTypeScriptTest" file="C:\Users\prote\Documents\software-devel\html\tests\HtmlScriptTypeScriptTest.php" tests="1" assertions="2" errors="0" warnings="0" failures="1" skipped="0" time="0.001618">
        <testcase name="testTypeScriptScriptTag" class="HtmlScriptTypeScriptTest" classname="HtmlScriptTypeScriptTest" file="C:\Users\prote\Documents\software-devel\html\tests\HtmlScriptTypeScriptTest.php" line="10" assertions="2" time="0.001618">
          <failure type="PHPUnit\Framework\ExpectationFailedException">HtmlScriptTypeScriptTest::testTypeScriptScriptTag
Failed asserting that '&lt;script  &gt;&lt;/script&gt;' contains "type="application/typescript"".

C:\Users\prote\Documents\software-devel\html\tests\HtmlScriptTypeScriptTest.php:16</failure>
        </testcase>
      </testsuite>
      <testsuite name="HtmlScriptVBScriptTest" file="C:\Users\prote\Documents\software-devel\html\tests\HtmlScriptVBScriptTest.php" tests="1" assertions="1" errors="0" warnings="0" failures="1" skipped="0" time="0.001600">
        <testcase name="testVBScriptScriptTag" class="HtmlScriptVBScriptTest" classname="HtmlScriptVBScriptTest" file="C:\Users\prote\Documents\software-devel\html\tests\HtmlScriptVBScriptTest.php" line="9" assertions="1" time="0.001600">
          <failure type="PHPUnit\Framework\ExpectationFailedException">HtmlScriptVBScriptTest::testVBScriptScriptTag
Failed asserting that '&lt;script  &gt;&lt;/script&gt;' contains "&lt;script type="text/vbscript"&gt;".

C:\Users\prote\Documents\software-devel\html\tests\HtmlScriptVBScriptTest.php:14</failure>
        </testcase>
      </testsuite>
      <testsuite name="HtmlSectionTest" file="C:\Users\prote\Documents\software-devel\html\tests\HtmlSectionTest.php" tests="3" assertions="7" errors="0" warnings="0" failures="0" skipped="0" time="0.006309">
        <testcase name="testGetHtml" class="HtmlSectionTest" classname="HtmlSectionTest" file="C:\Users\prote\Documents\software-devel\html\tests\HtmlSectionTest.php" line="6" assertions="3" time="0.002278"/>
        <testcase name="testToHtmlOutputsHtml" class="HtmlSectionTest" classname="HtmlSectionTest" file="C:\Users\prote\Documents\software-devel\html\tests\HtmlSectionTest.php" line="16" assertions="2" time="0.002416"/>
        <testcase name="testEdgeCasesEmptyContent" class="HtmlSectionTest" classname="HtmlSectionTest" file="C:\Users\prote\Documents\software-devel\html\tests\HtmlSectionTest.php" line="27" assertions="2" time="0.001615"/>
      </testsuite>
      <testsuite name="HtmlSelectTest" file="C:\Users\prote\Documents\software-devel\html\tests\HtmlSelectTest.php" tests="3" assertions="5" errors="0" warnings="0" failures="0" skipped="0" time="0.002956">
        <testcase name="testSelectRendersWithName" class="HtmlSelectTest" classname="HtmlSelectTest" file="C:\Users\prote\Documents\software-devel\html\tests\HtmlSelectTest.php" line="9" assertions="1" time="0.000722"/>
        <testcase name="testSelectRendersOptions" class="HtmlSelectTest" classname="HtmlSelectTest" file="C:\Users\prote\Documents\software-devel\html\tests\HtmlSelectTest.php" line="16" assertions="2" time="0.000994"/>
        <testcase name="testNameValueEscaping" class="HtmlSelectTest" classname="HtmlSelectTest" file="C:\Users\prote\Documents\software-devel\html\tests\HtmlSelectTest.php" line="27" assertions="2" time="0.001239"/>
      </testsuite>
      <testsuite name="HtmlSmallTest" file="C:\Users\prote\Documents\software-devel\html\tests\HtmlSmallTest.php" tests="4" assertions="8" errors="0" warnings="0" failures="0" skipped="0" time="0.005602">
        <testcase name="testInstance" class="HtmlSmallTest" classname="HtmlSmallTest" file="C:\Users\prote\Documents\software-devel\html\tests\HtmlSmallTest.php" line="6" assertions="1" time="0.001109"/>
        <testcase name="testGetHtml" class="HtmlSmallTest" classname="HtmlSmallTest" file="C:\Users\prote\Documents\software-devel\html\tests\HtmlSmallTest.php" line="11" assertions="3" time="0.001776"/>
        <testcase name="testToHtmlOutputsHtml" class="HtmlSmallTest" classname="HtmlSmallTest" file="C:\Users\prote\Documents\software-devel\html\tests\HtmlSmallTest.php" line="21" assertions="2" time="0.001396"/>
        <testcase name="testEdgeCasesEmptyContent" class="HtmlSmallTest" classname="HtmlSmallTest" file="C:\Users\prote\Documents\software-devel\html\tests\HtmlSmallTest.php" line="32" assertions="2" time="0.001321"/>
      </testsuite>
      <testsuite name="HtmlSpanFormattingTest" file="C:\Users\prote\Documents\software-devel\html\tests\HtmlSpanFormattingTest.php" tests="3" assertions="7" errors="0" warnings="0" failures="0" skipped="0" time="0.005446">
        <testcase name="testGetHtml" class="HtmlSpanFormattingTest" classname="HtmlSpanFormattingTest" file="C:\Users\prote\Documents\software-devel\html\tests\HtmlSpanFormattingTest.php" line="6" assertions="3" time="0.002416"/>
        <testcase name="testToHtmlOutputsHtml" class="HtmlSpanFormattingTest" classname="HtmlSpanFormattingTest" file="C:\Users\prote\Documents\software-devel\html\tests\HtmlSpanFormattingTest.php" line="16" assertions="2" time="0.001670"/>
        <testcase name="testEdgeCasesEmptyContent" class="HtmlSpanFormattingTest" classname="HtmlSpanFormattingTest" file="C:\Users\prote\Documents\software-devel\html\tests\HtmlSpanFormattingTest.php" line="27" assertions="2" time="0.001359"/>
      </testsuite>
      <testsuite name="HtmlSpanTest" file="C:\Users\prote\Documents\software-devel\html\tests\HtmlSpanTest.php" tests="4" assertions="8" errors="0" warnings="0" failures="0" skipped="0" time="0.006618">
        <testcase name="testInstance" class="HtmlSpanTest" classname="HtmlSpanTest" file="C:\Users\prote\Documents\software-devel\html\tests\HtmlSpanTest.php" line="6" assertions="1" time="0.000997"/>
        <testcase name="testGetHtml" class="HtmlSpanTest" classname="HtmlSpanTest" file="C:\Users\prote\Documents\software-devel\html\tests\HtmlSpanTest.php" line="11" assertions="3" time="0.001470"/>
        <testcase name="testToHtmlOutputsHtml" class="HtmlSpanTest" classname="HtmlSpanTest" file="C:\Users\prote\Documents\software-devel\html\tests\HtmlSpanTest.php" line="21" assertions="2" time="0.001524"/>
        <testcase name="testEdgeCasesEmptyContent" class="HtmlSpanTest" classname="HtmlSpanTest" file="C:\Users\prote\Documents\software-devel\html\tests\HtmlSpanTest.php" line="32" assertions="2" time="0.002626"/>
      </testsuite>
      <testsuite name="HtmlStrongTest" file="C:\Users\prote\Documents\software-devel\html\tests\HtmlStrongTest.php" tests="4" assertions="8" errors="0" warnings="0" failures="0" skipped="0" time="0.005445">
        <testcase name="testInstance" class="HtmlStrongTest" classname="HtmlStrongTest" file="C:\Users\prote\Documents\software-devel\html\tests\HtmlStrongTest.php" line="6" assertions="1" time="0.000809"/>
        <testcase name="testGetHtml" class="HtmlStrongTest" classname="HtmlStrongTest" file="C:\Users\prote\Documents\software-devel\html\tests\HtmlStrongTest.php" line="12" assertions="3" time="0.001440"/>
        <testcase name="testToHtmlOutputsHtml" class="HtmlStrongTest" classname="HtmlStrongTest" file="C:\Users\prote\Documents\software-devel\html\tests\HtmlStrongTest.php" line="22" assertions="2" time="0.001789"/>
        <testcase name="testEdgeCasesEmptyContent" class="HtmlStrongTest" classname="HtmlStrongTest" file="C:\Users\prote\Documents\software-devel\html\tests\HtmlStrongTest.php" line="33" assertions="2" time="0.001407"/>
      </testsuite>
      <testsuite name="HtmlStyleListTest" file="C:\Users\prote\Documents\software-devel\html\tests\HtmlStyleListTest.php" tests="1" assertions="0" errors="1" warnings="0" failures="0" skipped="0" time="0.000615">
        <testcase name="testInstance" class="HtmlStyleListTest" classname="HtmlStyleListTest" file="C:\Users\prote\Documents\software-devel\html\tests\HtmlStyleListTest.php" line="6" assertions="0" time="0.000615">
          <error type="TypeError">HtmlStyleListTest::testInstance
TypeError: Ksfraser\HTML\Attributes\HtmlStyleList::__construct(): Argument #1 ($style) must be of type ?Ksfraser\HTML\Elements\HtmlStyle, array given, called in C:\Users\prote\Documents\software-devel\html\tests\HtmlStyleListTest.php on line 7

C:\Users\prote\Documents\software-devel\html\src\Ksfraser\HTML\Attributes\HtmlStyleList.php:38
C:\Users\prote\Documents\software-devel\html\tests\HtmlStyleListTest.php:7</error>
        </testcase>
      </testsuite>
      <testsuite name="HtmlSubTest" file="C:\Users\prote\Documents\software-devel\html\tests\HtmlSubTest.php" tests="4" assertions="8" errors="0" warnings="0" failures="0" skipped="0" time="0.005279">
        <testcase name="testInstance" class="HtmlSubTest" classname="HtmlSubTest" file="C:\Users\prote\Documents\software-devel\html\tests\HtmlSubTest.php" line="6" assertions="1" time="0.000840"/>
        <testcase name="testGetHtml" class="HtmlSubTest" classname="HtmlSubTest" file="C:\Users\prote\Documents\software-devel\html\tests\HtmlSubTest.php" line="12" assertions="3" time="0.001620"/>
        <testcase name="testToHtmlOutputsHtml" class="HtmlSubTest" classname="HtmlSubTest" file="C:\Users\prote\Documents\software-devel\html\tests\HtmlSubTest.php" line="22" assertions="2" time="0.001467"/>
        <testcase name="testEdgeCasesEmptyContent" class="HtmlSubTest" classname="HtmlSubTest" file="C:\Users\prote\Documents\software-devel\html\tests\HtmlSubTest.php" line="33" assertions="2" time="0.001352"/>
      </testsuite>
      <testsuite name="HtmlSupTest" file="C:\Users\prote\Documents\software-devel\html\tests\HtmlSupTest.php" tests="4" assertions="8" errors="0" warnings="0" failures="0" skipped="0" time="0.006797">
        <testcase name="testInstance" class="HtmlSupTest" classname="HtmlSupTest" file="C:\Users\prote\Documents\software-devel\html\tests\HtmlSupTest.php" line="6" assertions="1" time="0.000898"/>
        <testcase name="testGetHtml" class="HtmlSupTest" classname="HtmlSupTest" file="C:\Users\prote\Documents\software-devel\html\tests\HtmlSupTest.php" line="12" assertions="3" time="0.001511"/>
        <testcase name="testToHtmlOutputsHtml" class="HtmlSupTest" classname="HtmlSupTest" file="C:\Users\prote\Documents\software-devel\html\tests\HtmlSupTest.php" line="22" assertions="2" time="0.001365"/>
        <testcase name="testEdgeCasesEmptyContent" class="HtmlSupTest" classname="HtmlSupTest" file="C:\Users\prote\Documents\software-devel\html\tests\HtmlSupTest.php" line="33" assertions="2" time="0.003023"/>
      </testsuite>
      <testsuite name="HtmlTimeTest" file="C:\Users\prote\Documents\software-devel\html\tests\HtmlTimeTest.php" tests="3" assertions="7" errors="0" warnings="0" failures="0" skipped="0" time="0.004692">
        <testcase name="testGetHtml" class="HtmlTimeTest" classname="HtmlTimeTest" file="C:\Users\prote\Documents\software-devel\html\tests\HtmlTimeTest.php" line="6" assertions="3" time="0.001943"/>
        <testcase name="testToHtmlOutputsHtml" class="HtmlTimeTest" classname="HtmlTimeTest" file="C:\Users\prote\Documents\software-devel\html\tests\HtmlTimeTest.php" line="16" assertions="2" time="0.001443"/>
        <testcase name="testEdgeCasesEmptyContent" class="HtmlTimeTest" classname="HtmlTimeTest" file="C:\Users\prote\Documents\software-devel\html\tests\HtmlTimeTest.php" line="27" assertions="2" time="0.001306"/>
      </testsuite>
      <testsuite name="HtmlTraitCoverageTest" file="C:\Users\prote\Documents\software-devel\html\tests\HtmlTraitCoverageTest.php" tests="1" assertions="2" errors="0" warnings="0" failures="1" skipped="0" time="0.001007">
        <testcase name="testTraitsExist" class="HtmlTraitCoverageTest" classname="HtmlTraitCoverageTest" file="C:\Users\prote\Documents\software-devel\html\tests\HtmlTraitCoverageTest.php" line="5" assertions="2" time="0.001007">
          <failure type="PHPUnit\Framework\ExpectationFailedException">HtmlTraitCoverageTest::testTraitsExist
Ksfraser\HTML\HtmlAttributesTrait does not exist
Failed asserting that false is true.

C:\Users\prote\Documents\software-devel\html\tests\HtmlTraitCoverageTest.php:11</failure>
        </testcase>
      </testsuite>
      <testsuite name="HtmlUlTest" file="C:\Users\prote\Documents\software-devel\html\tests\HtmlUlTest.php" tests="3" assertions="7" errors="0" warnings="0" failures="0" skipped="0" time="0.004949">
        <testcase name="testGetHtml" class="HtmlUlTest" classname="HtmlUlTest" file="C:\Users\prote\Documents\software-devel\html\tests\HtmlUlTest.php" line="6" assertions="3" time="0.002128"/>
        <testcase name="testToHtmlOutputsHtml" class="HtmlUlTest" classname="HtmlUlTest" file="C:\Users\prote\Documents\software-devel\html\tests\HtmlUlTest.php" line="16" assertions="2" time="0.001422"/>
        <testcase name="testEdgeCasesEmptyContent" class="HtmlUlTest" classname="HtmlUlTest" file="C:\Users\prote\Documents\software-devel\html\tests\HtmlUlTest.php" line="27" assertions="2" time="0.001399"/>
      </testsuite>
      <testsuite name="HtmlVarTest" file="C:\Users\prote\Documents\software-devel\html\tests\HtmlVarTest.php" tests="3" assertions="7" errors="0" warnings="0" failures="0" skipped="0" time="0.004813">
        <testcase name="testGetHtml" class="HtmlVarTest" classname="HtmlVarTest" file="C:\Users\prote\Documents\software-devel\html\tests\HtmlVarTest.php" line="6" assertions="3" time="0.001904"/>
        <testcase name="testToHtmlOutputsHtml" class="HtmlVarTest" classname="HtmlVarTest" file="C:\Users\prote\Documents\software-devel\html\tests\HtmlVarTest.php" line="16" assertions="2" time="0.001425"/>
        <testcase name="testEdgeCasesEmptyContent" class="HtmlVarTest" classname="HtmlVarTest" file="C:\Users\prote\Documents\software-devel\html\tests\HtmlVarTest.php" line="27" assertions="2" time="0.001483"/>
      </testsuite>
      <testsuite name="HtmlWbrTest" file="C:\Users\prote\Documents\software-devel\html\tests\HtmlWbrTest.php" tests="2" assertions="4" errors="0" warnings="0" failures="2" skipped="0" time="0.003394">
        <testcase name="testGetHtml" class="HtmlWbrTest" classname="HtmlWbrTest" file="C:\Users\prote\Documents\software-devel\html\tests\HtmlWbrTest.php" line="6" assertions="2" time="0.002048">
          <failure type="PHPUnit\Framework\ExpectationFailedException">HtmlWbrTest::testGetHtml
Failed asserting that '&lt;wbr  &gt;&lt;/wbr&gt;' ends with "/&gt;".

C:\Users\prote\Documents\software-devel\html\tests\HtmlWbrTest.php:12</failure>
        </testcase>
        <testcase name="testToHtmlOutputsHtml" class="HtmlWbrTest" classname="HtmlWbrTest" file="C:\Users\prote\Documents\software-devel\html\tests\HtmlWbrTest.php" line="15" assertions="2" time="0.001347">
          <failure type="PHPUnit\Framework\ExpectationFailedException">HtmlWbrTest::testToHtmlOutputsHtml
Failed asserting that '&lt;wbr  &gt;&lt;/wbr&gt;' ends with "/&gt;".

C:\Users\prote\Documents\software-devel\html\tests\HtmlWbrTest.php:23</failure>
        </testcase>
      </testsuite>
      <testsuite name="ModalBuilderTest" file="C:\Users\prote\Documents\software-devel\html\tests\ModalBuilderTest.php" tests="11" assertions="9" errors="5" warnings="0" failures="0" skipped="0" time="0.022111">
        <testcase name="testModalBuilderConstructorSetsId" class="ModalBuilderTest" classname="ModalBuilderTest" file="C:\Users\prote\Documents\software-devel\html\tests\ModalBuilderTest.php" line="11" assertions="1" time="0.003564"/>
        <testcase name="testModalBuilderDefaultId" class="ModalBuilderTest" classname="ModalBuilderTest" file="C:\Users\prote\Documents\software-devel\html\tests\ModalBuilderTest.php" line="20" assertions="1" time="0.001177"/>
        <testcase name="testAddHeading" class="ModalBuilderTest" classname="ModalBuilderTest" file="C:\Users\prote\Documents\software-devel\html\tests\ModalBuilderTest.php" line="29" assertions="0" time="0.002127">
          <error type="TypeError">ModalBuilderTest::testAddHeading
TypeError: Ksfraser\HTML\Elements\Heading::getHtmlElement(): Return value must be of type Ksfraser\HTML\Elements\HtmlHeading, Ksfraser\HTML\Elements\HtmlHeading2 returned

C:\Users\prote\Documents\software-devel\html\src\Ksfraser\HTML\Elements\Heading.php:43
C:\Users\prote\Documents\software-devel\html\src\Ksfraser\HTML\Elements\Div.php:94
C:\Users\prote\Documents\software-devel\html\src\Ksfraser\HTML\Elements\ModalBuilder.php:43
C:\Users\prote\Documents\software-devel\html\tests\ModalBuilderTest.php:32</error>
        </testcase>
        <testcase name="testAddParagraph" class="ModalBuilderTest" classname="ModalBuilderTest" file="C:\Users\prote\Documents\software-devel\html\tests\ModalBuilderTest.php" line="40" assertions="1" time="0.001473"/>
        <testcase name="testAddTable" class="ModalBuilderTest" classname="ModalBuilderTest" file="C:\Users\prote\Documents\software-devel\html\tests\ModalBuilderTest.php" line="50" assertions="1" time="0.002243"/>
        <testcase name="testAddCloseButton" class="ModalBuilderTest" classname="ModalBuilderTest" file="C:\Users\prote\Documents\software-devel\html\tests\ModalBuilderTest.php" line="61" assertions="0" time="0.002010">
          <error type="Error">ModalBuilderTest::testAddCloseButton
Error: Call to undefined method Ksfraser\HTML\Button\CloseButton::setOnclickFunction()

C:\Users\prote\Documents\software-devel\html\src\Ksfraser\HTML\Elements\ModalBuilder.php:79
C:\Users\prote\Documents\software-devel\html\tests\ModalBuilderTest.php:64</error>
        </testcase>
        <testcase name="testAddCloseButtonCustomText" class="ModalBuilderTest" classname="ModalBuilderTest" file="C:\Users\prote\Documents\software-devel\html\tests\ModalBuilderTest.php" line="73" assertions="0" time="0.003565">
          <error type="Error">ModalBuilderTest::testAddCloseButtonCustomText
Error: Call to undefined method Ksfraser\HTML\Button\CloseButton::setOnclickFunction()

C:\Users\prote\Documents\software-devel\html\src\Ksfraser\HTML\Elements\ModalBuilder.php:79
C:\Users\prote\Documents\software-devel\html\tests\ModalBuilderTest.php:76</error>
        </testcase>
        <testcase name="testAddCloseButtonCustomHandler" class="ModalBuilderTest" classname="ModalBuilderTest" file="C:\Users\prote\Documents\software-devel\html\tests\ModalBuilderTest.php" line="83" assertions="0" time="0.001616">
          <error type="Error">ModalBuilderTest::testAddCloseButtonCustomHandler
Error: Call to undefined method Ksfraser\HTML\Button\CloseButton::setOnclickFunction()

C:\Users\prote\Documents\software-devel\html\src\Ksfraser\HTML\Elements\ModalBuilder.php:79
C:\Users\prote\Documents\software-devel\html\tests\ModalBuilderTest.php:86</error>
        </testcase>
        <testcase name="testAddRawHtml" class="ModalBuilderTest" classname="ModalBuilderTest" file="C:\Users\prote\Documents\software-devel\html\tests\ModalBuilderTest.php" line="93" assertions="1" time="0.001744"/>
        <testcase name="testFluentInterface" class="ModalBuilderTest" classname="ModalBuilderTest" file="C:\Users\prote\Documents\software-devel\html\tests\ModalBuilderTest.php" line="103" assertions="0" time="0.001273">
          <error type="TypeError">ModalBuilderTest::testFluentInterface
TypeError: Ksfraser\HTML\Elements\Heading::getHtmlElement(): Return value must be of type Ksfraser\HTML\Elements\HtmlHeading, Ksfraser\HTML\Elements\HtmlHeading2 returned

C:\Users\prote\Documents\software-devel\html\src\Ksfraser\HTML\Elements\Heading.php:43
C:\Users\prote\Documents\software-devel\html\src\Ksfraser\HTML\Elements\Div.php:94
C:\Users\prote\Documents\software-devel\html\src\Ksfraser\HTML\Elements\ModalBuilder.php:43
C:\Users\prote\Documents\software-devel\html\tests\ModalBuilderTest.php:107</error>
        </testcase>
        <testcase name="testGetStylesheet" class="ModalBuilderTest" classname="ModalBuilderTest" file="C:\Users\prote\Documents\software-devel\html\tests\ModalBuilderTest.php" line="118" assertions="4" time="0.001321"/>
      </testsuite>
      <testsuite name="ModalTest" file="C:\Users\prote\Documents\software-devel\html\tests\ModalTest.php" tests="7" assertions="9" errors="0" warnings="0" failures="0" skipped="0" time="0.006429">
        <testcase name="testModalConstructorSetsId" class="ModalTest" classname="ModalTest" file="C:\Users\prote\Documents\software-devel\html\tests\ModalTest.php" line="10" assertions="2" time="0.001267"/>
        <testcase name="testModalDefaultId" class="ModalTest" classname="ModalTest" file="C:\Users\prote\Documents\software-devel\html\tests\ModalTest.php" line="19" assertions="1" time="0.000969"/>
        <testcase name="testModalSetContent" class="ModalTest" classname="ModalTest" file="C:\Users\prote\Documents\software-devel\html\tests\ModalTest.php" line="27" assertions="1" time="0.000848"/>
        <testcase name="testModalRenderWithContent" class="ModalTest" classname="ModalTest" file="C:\Users\prote\Documents\software-devel\html\tests\ModalTest.php" line="37" assertions="2" time="0.001360"/>
        <testcase name="testModalGetStylesheetPath" class="ModalTest" classname="ModalTest" file="C:\Users\prote\Documents\software-devel\html\tests\ModalTest.php" line="48" assertions="1" time="0.000646"/>
        <testcase name="testModalContentHasCorrectClass" class="ModalTest" classname="ModalTest" file="C:\Users\prote\Documents\software-devel\html\tests\ModalTest.php" line="55" assertions="1" time="0.000826"/>
        <testcase name="testModalContentGetStylesheetPath" class="ModalTest" classname="ModalTest" file="C:\Users\prote\Documents\software-devel\html\tests\ModalTest.php" line="63" assertions="1" time="0.000514"/>
      </testsuite>
      <testsuite name="Tests\ResponsiveLayoutTraitTest" file="C:\Users\prote\Documents\software-devel\html\tests\ResponsiveLayoutTraitTest.php" tests="4" assertions="0" errors="4" warnings="0" failures="0" skipped="0" time="0.002780">
        <testcase name="display_inline_adds_inline_class" class="Tests\ResponsiveLayoutTraitTest" classname="Tests.ResponsiveLayoutTraitTest" file="C:\Users\prote\Documents\software-devel\html\tests\ResponsiveLayoutTraitTest.php" line="1413" assertions="0" time="0.000656">
          <error type="Error">Tests\ResponsiveLayoutTraitTest::display_inline_adds_inline_class
Error: Call to undefined method Ksfraser\HTML\HtmlElement::div()

C:\Users\prote\Documents\software-devel\html\tests\ResponsiveLayoutTraitTest.php:1415</error>
        </testcase>
        <testcase name="display_inline_block_adds_inline_block_class" class="Tests\ResponsiveLayoutTraitTest" classname="Tests.ResponsiveLayoutTraitTest" file="C:\Users\prote\Documents\software-devel\html\tests\ResponsiveLayoutTraitTest.php" line="1428" assertions="0" time="0.000697">
          <error type="Error">Tests\ResponsiveLayoutTraitTest::display_inline_block_adds_inline_block_class
Error: Call to undefined method Ksfraser\HTML\HtmlElement::div()

C:\Users\prote\Documents\software-devel\html\tests\ResponsiveLayoutTraitTest.php:1430</error>
        </testcase>
        <testcase name="hidden_adds_hidden_class" class="Tests\ResponsiveLayoutTraitTest" classname="Tests.ResponsiveLayoutTraitTest" file="C:\Users\prote\Documents\software-devel\html\tests\ResponsiveLayoutTraitTest.php" line="1443" assertions="0" time="0.000780">
          <error type="Error">Tests\ResponsiveLayoutTraitTest::hidden_adds_hidden_class
Error: Call to undefined method Ksfraser\HTML\HtmlElement::div()

C:\Users\prote\Documents\software-devel\html\tests\ResponsiveLayoutTraitTest.php:1445</error>
        </testcase>
        <testcase name="visible_removes_hidden_class" class="Tests\ResponsiveLayoutTraitTest" classname="Tests.ResponsiveLayoutTraitTest" file="C:\Users\prote\Documents\software-devel\html\tests\ResponsiveLayoutTraitTest.php" line="1458" assertions="0" time="0.000647">
          <error type="Error">Tests\ResponsiveLayoutTraitTest::visible_removes_hidden_class
Error: Call to undefined method Ksfraser\HTML\HtmlElement::div()

C:\Users\prote\Documents\software-devel\html\tests\ResponsiveLayoutTraitTest.php:1460</error>
        </testcase>
      </testsuite>
      <testsuite name="Tests\SemanticElementsTraitTest" file="C:\Users\prote\Documents\software-devel\html\tests\SemanticElementsTraitTest.php" tests="56" assertions="35" errors="25" warnings="0" failures="1" skipped="0" time="0.042380">
        <testcase name="header_creates_header_element" class="Tests\SemanticElementsTraitTest" classname="Tests.SemanticElementsTraitTest" file="C:\Users\prote\Documents\software-devel\html\tests\SemanticElementsTraitTest.php" line="28" assertions="1" time="0.000995"/>
        <testcase name="footer_creates_footer_element" class="Tests\SemanticElementsTraitTest" classname="Tests.SemanticElementsTraitTest" file="C:\Users\prote\Documents\software-devel\html\tests\SemanticElementsTraitTest.php" line="40" assertions="1" time="0.000804"/>
        <testcase name="main_creates_main_element" class="Tests\SemanticElementsTraitTest" classname="Tests.SemanticElementsTraitTest" file="C:\Users\prote\Documents\software-devel\html\tests\SemanticElementsTraitTest.php" line="52" assertions="1" time="0.000626"/>
        <testcase name="nav_creates_nav_element" class="Tests\SemanticElementsTraitTest" classname="Tests.SemanticElementsTraitTest" file="C:\Users\prote\Documents\software-devel\html\tests\SemanticElementsTraitTest.php" line="64" assertions="1" time="0.000680"/>
        <testcase name="article_creates_article_element" class="Tests\SemanticElementsTraitTest" classname="Tests.SemanticElementsTraitTest" file="C:\Users\prote\Documents\software-devel\html\tests\SemanticElementsTraitTest.php" line="76" assertions="1" time="0.000678"/>
        <testcase name="section_creates_section_element" class="Tests\SemanticElementsTraitTest" classname="Tests.SemanticElementsTraitTest" file="C:\Users\prote\Documents\software-devel\html\tests\SemanticElementsTraitTest.php" line="88" assertions="1" time="0.000717"/>
        <testcase name="aside_creates_aside_element" class="Tests\SemanticElementsTraitTest" classname="Tests.SemanticElementsTraitTest" file="C:\Users\prote\Documents\software-devel\html\tests\SemanticElementsTraitTest.php" line="100" assertions="1" time="0.000638"/>
        <testcase name="figure_creates_figure_element" class="Tests\SemanticElementsTraitTest" classname="Tests.SemanticElementsTraitTest" file="C:\Users\prote\Documents\software-devel\html\tests\SemanticElementsTraitTest.php" line="116" assertions="1" time="0.000636"/>
        <testcase name="figcaption_creates_figcaption_element" class="Tests\SemanticElementsTraitTest" classname="Tests.SemanticElementsTraitTest" file="C:\Users\prote\Documents\software-devel\html\tests\SemanticElementsTraitTest.php" line="128" assertions="1" time="0.000845"/>
        <testcase name="blockquote_creates_blockquote_element" class="Tests\SemanticElementsTraitTest" classname="Tests.SemanticElementsTraitTest" file="C:\Users\prote\Documents\software-devel\html\tests\SemanticElementsTraitTest.php" line="140" assertions="1" time="0.000839"/>
        <testcase name="blockquote_with_cite_adds_cite_attribute" class="Tests\SemanticElementsTraitTest" classname="Tests.SemanticElementsTraitTest" file="C:\Users\prote\Documents\software-devel\html\tests\SemanticElementsTraitTest.php" line="152" assertions="1" time="0.000784"/>
        <testcase name="cite_creates_cite_element" class="Tests\SemanticElementsTraitTest" classname="Tests.SemanticElementsTraitTest" file="C:\Users\prote\Documents\software-devel\html\tests\SemanticElementsTraitTest.php" line="164" assertions="1" time="0.000635"/>
        <testcase name="code_creates_code_element" class="Tests\SemanticElementsTraitTest" classname="Tests.SemanticElementsTraitTest" file="C:\Users\prote\Documents\software-devel\html\tests\SemanticElementsTraitTest.php" line="176" assertions="1" time="0.000574"/>
        <testcase name="pre_creates_pre_element" class="Tests\SemanticElementsTraitTest" classname="Tests.SemanticElementsTraitTest" file="C:\Users\prote\Documents\software-devel\html\tests\SemanticElementsTraitTest.php" line="188" assertions="1" time="0.000595"/>
        <testcase name="kbd_creates_kbd_element" class="Tests\SemanticElementsTraitTest" classname="Tests.SemanticElementsTraitTest" file="C:\Users\prote\Documents\software-devel\html\tests\SemanticElementsTraitTest.php" line="200" assertions="0" time="0.000707">
          <error type="Error">Tests\SemanticElementsTraitTest::kbd_creates_kbd_element
Error: Call to undefined method Ksfraser\HTML\HtmlElement::kbd()

C:\Users\prote\Documents\software-devel\html\tests\SemanticElementsTraitTest.php:202</error>
        </testcase>
        <testcase name="samp_creates_samp_element" class="Tests\SemanticElementsTraitTest" classname="Tests.SemanticElementsTraitTest" file="C:\Users\prote\Documents\software-devel\html\tests\SemanticElementsTraitTest.php" line="212" assertions="0" time="0.000723">
          <error type="Error">Tests\SemanticElementsTraitTest::samp_creates_samp_element
Error: Call to undefined method Ksfraser\HTML\HtmlElement::samp()

C:\Users\prote\Documents\software-devel\html\tests\SemanticElementsTraitTest.php:214</error>
        </testcase>
        <testcase name="var_creates_var_element" class="Tests\SemanticElementsTraitTest" classname="Tests.SemanticElementsTraitTest" file="C:\Users\prote\Documents\software-devel\html\tests\SemanticElementsTraitTest.php" line="224" assertions="0" time="0.000694">
          <error type="Error">Tests\SemanticElementsTraitTest::var_creates_var_element
Error: Call to undefined method Ksfraser\HTML\HtmlElement::var()

C:\Users\prote\Documents\software-devel\html\tests\SemanticElementsTraitTest.php:226</error>
        </testcase>
        <testcase name="strong_creates_strong_element" class="Tests\SemanticElementsTraitTest" classname="Tests.SemanticElementsTraitTest" file="C:\Users\prote\Documents\software-devel\html\tests\SemanticElementsTraitTest.php" line="240" assertions="1" time="0.000678"/>
        <testcase name="em_creates_em_element" class="Tests\SemanticElementsTraitTest" classname="Tests.SemanticElementsTraitTest" file="C:\Users\prote\Documents\software-devel\html\tests\SemanticElementsTraitTest.php" line="252" assertions="1" time="0.000790"/>
        <testcase name="mark_creates_mark_element" class="Tests\SemanticElementsTraitTest" classname="Tests.SemanticElementsTraitTest" file="C:\Users\prote\Documents\software-devel\html\tests\SemanticElementsTraitTest.php" line="264" assertions="1" time="0.000826"/>
        <testcase name="small_creates_small_element" class="Tests\SemanticElementsTraitTest" classname="Tests.SemanticElementsTraitTest" file="C:\Users\prote\Documents\software-devel\html\tests\SemanticElementsTraitTest.php" line="276" assertions="1" time="0.000650"/>
        <testcase name="del_creates_del_element" class="Tests\SemanticElementsTraitTest" classname="Tests.SemanticElementsTraitTest" file="C:\Users\prote\Documents\software-devel\html\tests\SemanticElementsTraitTest.php" line="288" assertions="0" time="0.000752">
          <error type="Error">Tests\SemanticElementsTraitTest::del_creates_del_element
Error: Call to undefined method Ksfraser\HTML\HtmlElement::del()

C:\Users\prote\Documents\software-devel\html\tests\SemanticElementsTraitTest.php:290</error>
        </testcase>
        <testcase name="ins_creates_ins_element" class="Tests\SemanticElementsTraitTest" classname="Tests.SemanticElementsTraitTest" file="C:\Users\prote\Documents\software-devel\html\tests\SemanticElementsTraitTest.php" line="300" assertions="0" time="0.000609">
          <error type="Error">Tests\SemanticElementsTraitTest::ins_creates_ins_element
Error: Call to undefined method Ksfraser\HTML\HtmlElement::ins()

C:\Users\prote\Documents\software-devel\html\tests\SemanticElementsTraitTest.php:302</error>
        </testcase>
        <testcase name="sub_creates_sub_element" class="Tests\SemanticElementsTraitTest" classname="Tests.SemanticElementsTraitTest" file="C:\Users\prote\Documents\software-devel\html\tests\SemanticElementsTraitTest.php" line="312" assertions="0" time="0.000832">
          <error type="Error">Tests\SemanticElementsTraitTest::sub_creates_sub_element
Error: Call to undefined method Ksfraser\HTML\HtmlElement::sub()

C:\Users\prote\Documents\software-devel\html\tests\SemanticElementsTraitTest.php:314</error>
        </testcase>
        <testcase name="sup_creates_sup_element" class="Tests\SemanticElementsTraitTest" classname="Tests.SemanticElementsTraitTest" file="C:\Users\prote\Documents\software-devel\html\tests\SemanticElementsTraitTest.php" line="324" assertions="0" time="0.000688">
          <error type="Error">Tests\SemanticElementsTraitTest::sup_creates_sup_element
Error: Call to undefined method Ksfraser\HTML\HtmlElement::sup()

C:\Users\prote\Documents\software-devel\html\tests\SemanticElementsTraitTest.php:326</error>
        </testcase>
        <testcase name="abbr_creates_abbr_element" class="Tests\SemanticElementsTraitTest" classname="Tests.SemanticElementsTraitTest" file="C:\Users\prote\Documents\software-devel\html\tests\SemanticElementsTraitTest.php" line="336" assertions="0" time="0.000619">
          <error type="Error">Tests\SemanticElementsTraitTest::abbr_creates_abbr_element
Error: Call to undefined method Ksfraser\HTML\HtmlElement::abbr()

C:\Users\prote\Documents\software-devel\html\tests\SemanticElementsTraitTest.php:338</error>
        </testcase>
        <testcase name="time_creates_time_element" class="Tests\SemanticElementsTraitTest" classname="Tests.SemanticElementsTraitTest" file="C:\Users\prote\Documents\software-devel\html\tests\SemanticElementsTraitTest.php" line="353" assertions="1" time="0.000671"/>
        <testcase name="time_with_datetime_adds_datetime_attribute" class="Tests\SemanticElementsTraitTest" classname="Tests.SemanticElementsTraitTest" file="C:\Users\prote\Documents\software-devel\html\tests\SemanticElementsTraitTest.php" line="365" assertions="1" time="0.000820"/>
        <testcase name="address_creates_address_element" class="Tests\SemanticElementsTraitTest" classname="Tests.SemanticElementsTraitTest" file="C:\Users\prote\Documents\software-devel\html\tests\SemanticElementsTraitTest.php" line="377" assertions="1" time="0.000645"/>
        <testcase name="video_creates_video_element" class="Tests\SemanticElementsTraitTest" classname="Tests.SemanticElementsTraitTest" file="C:\Users\prote\Documents\software-devel\html\tests\SemanticElementsTraitTest.php" line="393" assertions="2" time="0.000739"/>
        <testcase name="video_with_controls_adds_controls_attribute" class="Tests\SemanticElementsTraitTest" classname="Tests.SemanticElementsTraitTest" file="C:\Users\prote\Documents\software-devel\html\tests\SemanticElementsTraitTest.php" line="406" assertions="1" time="0.000868"/>
        <testcase name="video_with_autoplay_adds_autoplay_attribute" class="Tests\SemanticElementsTraitTest" classname="Tests.SemanticElementsTraitTest" file="C:\Users\prote\Documents\software-devel\html\tests\SemanticElementsTraitTest.php" line="418" assertions="1" time="0.000928">
          <failure type="PHPUnit\Framework\ExpectationFailedException">Tests\SemanticElementsTraitTest::video_with_autoplay_adds_autoplay_attribute
Failed asserting that null matches expected 'autoplay'.

C:\Users\prote\Documents\software-devel\html\tests\SemanticElementsTraitTest.php:422</failure>
        </testcase>
        <testcase name="audio_creates_audio_element" class="Tests\SemanticElementsTraitTest" classname="Tests.SemanticElementsTraitTest" file="C:\Users\prote\Documents\software-devel\html\tests\SemanticElementsTraitTest.php" line="430" assertions="2" time="0.000797"/>
        <testcase name="audio_with_controls_adds_controls_attribute" class="Tests\SemanticElementsTraitTest" classname="Tests.SemanticElementsTraitTest" file="C:\Users\prote\Documents\software-devel\html\tests\SemanticElementsTraitTest.php" line="443" assertions="1" time="0.000761"/>
        <testcase name="source_creates_source_element" class="Tests\SemanticElementsTraitTest" classname="Tests.SemanticElementsTraitTest" file="C:\Users\prote\Documents\software-devel\html\tests\SemanticElementsTraitTest.php" line="455" assertions="3" time="0.000835"/>
        <testcase name="track_creates_track_element" class="Tests\SemanticElementsTraitTest" classname="Tests.SemanticElementsTraitTest" file="C:\Users\prote\Documents\software-devel\html\tests\SemanticElementsTraitTest.php" line="469" assertions="0" time="0.000685">
          <error type="Error">Tests\SemanticElementsTraitTest::track_creates_track_element
Error: Call to undefined method Ksfraser\HTML\HtmlElement::track()

C:\Users\prote\Documents\software-devel\html\tests\SemanticElementsTraitTest.php:471</error>
        </testcase>
        <testcase name="description_list_creates_dl_element" class="Tests\SemanticElementsTraitTest" classname="Tests.SemanticElementsTraitTest" file="C:\Users\prote\Documents\software-devel\html\tests\SemanticElementsTraitTest.php" line="487" assertions="0" time="0.000647">
          <error type="Error">Tests\SemanticElementsTraitTest::description_list_creates_dl_element
Error: Call to undefined method Ksfraser\HTML\HtmlElement::descriptionList()

C:\Users\prote\Documents\software-devel\html\tests\SemanticElementsTraitTest.php:489</error>
        </testcase>
        <testcase name="description_term_creates_dt_element" class="Tests\SemanticElementsTraitTest" classname="Tests.SemanticElementsTraitTest" file="C:\Users\prote\Documents\software-devel\html\tests\SemanticElementsTraitTest.php" line="499" assertions="0" time="0.000696">
          <error type="Error">Tests\SemanticElementsTraitTest::description_term_creates_dt_element
Error: Call to undefined method Ksfraser\HTML\HtmlElement::descriptionTerm()

C:\Users\prote\Documents\software-devel\html\tests\SemanticElementsTraitTest.php:501</error>
        </testcase>
        <testcase name="description_definition_creates_dd_element" class="Tests\SemanticElementsTraitTest" classname="Tests.SemanticElementsTraitTest" file="C:\Users\prote\Documents\software-devel\html\tests\SemanticElementsTraitTest.php" line="511" assertions="0" time="0.000651">
          <error type="Error">Tests\SemanticElementsTraitTest::description_definition_creates_dd_element
Error: Call to undefined method Ksfraser\HTML\HtmlElement::descriptionDefinition()

C:\Users\prote\Documents\software-devel\html\tests\SemanticElementsTraitTest.php:513</error>
        </testcase>
        <testcase name="details_creates_details_element" class="Tests\SemanticElementsTraitTest" classname="Tests.SemanticElementsTraitTest" file="C:\Users\prote\Documents\software-devel\html\tests\SemanticElementsTraitTest.php" line="527" assertions="1" time="0.000679"/>
        <testcase name="summary_creates_summary_element" class="Tests\SemanticElementsTraitTest" classname="Tests.SemanticElementsTraitTest" file="C:\Users\prote\Documents\software-devel\html\tests\SemanticElementsTraitTest.php" line="539" assertions="1" time="0.000680"/>
        <testcase name="dialog_creates_dialog_element" class="Tests\SemanticElementsTraitTest" classname="Tests.SemanticElementsTraitTest" file="C:\Users\prote\Documents\software-devel\html\tests\SemanticElementsTraitTest.php" line="551" assertions="1" time="0.000651"/>
        <testcase name="dialog_with_open_attribute" class="Tests\SemanticElementsTraitTest" classname="Tests.SemanticElementsTraitTest" file="C:\Users\prote\Documents\software-devel\html\tests\SemanticElementsTraitTest.php" line="563" assertions="1" time="0.000714"/>
        <testcase name="noscript_creates_noscript_element" class="Tests\SemanticElementsTraitTest" classname="Tests.SemanticElementsTraitTest" file="C:\Users\prote\Documents\software-devel\html\tests\SemanticElementsTraitTest.php" line="579" assertions="0" time="0.000668">
          <error type="Error">Tests\SemanticElementsTraitTest::noscript_creates_noscript_element
Error: Call to undefined method Ksfraser\HTML\HtmlElement::noscript()

C:\Users\prote\Documents\software-devel\html\tests\SemanticElementsTraitTest.php:581</error>
        </testcase>
        <testcase name="canvas_creates_canvas_element" class="Tests\SemanticElementsTraitTest" classname="Tests.SemanticElementsTraitTest" file="C:\Users\prote\Documents\software-devel\html\tests\SemanticElementsTraitTest.php" line="591" assertions="0" time="0.001296">
          <error type="Error">Tests\SemanticElementsTraitTest::canvas_creates_canvas_element
Error: Call to undefined method Ksfraser\HTML\HtmlElement::canvas()

C:\Users\prote\Documents\software-devel\html\tests\SemanticElementsTraitTest.php:593</error>
        </testcase>
        <testcase name="canvas_with_dimensions" class="Tests\SemanticElementsTraitTest" classname="Tests.SemanticElementsTraitTest" file="C:\Users\prote\Documents\software-devel\html\tests\SemanticElementsTraitTest.php" line="603" assertions="0" time="0.000665">
          <error type="Error">Tests\SemanticElementsTraitTest::canvas_with_dimensions
Error: Call to undefined method Ksfraser\HTML\HtmlElement::canvas()

C:\Users\prote\Documents\software-devel\html\tests\SemanticElementsTraitTest.php:605</error>
        </testcase>
        <testcase name="svg_creates_svg_element" class="Tests\SemanticElementsTraitTest" classname="Tests.SemanticElementsTraitTest" file="C:\Users\prote\Documents\software-devel\html\tests\SemanticElementsTraitTest.php" line="616" assertions="0" time="0.000615">
          <error type="Error">Tests\SemanticElementsTraitTest::svg_creates_svg_element
Error: Call to undefined method Ksfraser\HTML\HtmlElement::svg()

C:\Users\prote\Documents\software-devel\html\tests\SemanticElementsTraitTest.php:618</error>
        </testcase>
        <testcase name="svg_with_viewbox" class="Tests\SemanticElementsTraitTest" classname="Tests.SemanticElementsTraitTest" file="C:\Users\prote\Documents\software-devel\html\tests\SemanticElementsTraitTest.php" line="628" assertions="0" time="0.000719">
          <error type="Error">Tests\SemanticElementsTraitTest::svg_with_viewbox
Error: Call to undefined method Ksfraser\HTML\HtmlElement::svg()

C:\Users\prote\Documents\software-devel\html\tests\SemanticElementsTraitTest.php:630</error>
        </testcase>
        <testcase name="html_creates_html_element" class="Tests\SemanticElementsTraitTest" classname="Tests.SemanticElementsTraitTest" file="C:\Users\prote\Documents\software-devel\html\tests\SemanticElementsTraitTest.php" line="644" assertions="0" time="0.000722">
          <error type="Error">Tests\SemanticElementsTraitTest::html_creates_html_element
Error: Call to undefined method Ksfraser\HTML\HtmlElement::htmlElement()

C:\Users\prote\Documents\software-devel\html\tests\SemanticElementsTraitTest.php:646</error>
        </testcase>
        <testcase name="head_creates_head_element" class="Tests\SemanticElementsTraitTest" classname="Tests.SemanticElementsTraitTest" file="C:\Users\prote\Documents\software-devel\html\tests\SemanticElementsTraitTest.php" line="657" assertions="0" time="0.002014">
          <error type="Error">Tests\SemanticElementsTraitTest::head_creates_head_element
Error: Call to undefined method Ksfraser\HTML\HtmlElement::head()

C:\Users\prote\Documents\software-devel\html\tests\SemanticElementsTraitTest.php:659</error>
        </testcase>
        <testcase name="body_creates_body_element" class="Tests\SemanticElementsTraitTest" classname="Tests.SemanticElementsTraitTest" file="C:\Users\prote\Documents\software-devel\html\tests\SemanticElementsTraitTest.php" line="669" assertions="0" time="0.000762">
          <error type="Error">Tests\SemanticElementsTraitTest::body_creates_body_element
Error: Call to undefined method Ksfraser\HTML\HtmlElement::body()

C:\Users\prote\Documents\software-devel\html\tests\SemanticElementsTraitTest.php:671</error>
        </testcase>
        <testcase name="title_creates_title_element" class="Tests\SemanticElementsTraitTest" classname="Tests.SemanticElementsTraitTest" file="C:\Users\prote\Documents\software-devel\html\tests\SemanticElementsTraitTest.php" line="681" assertions="0" time="0.000717">
          <error type="Error">Tests\SemanticElementsTraitTest::title_creates_title_element
Error: Call to undefined method Ksfraser\HTML\HtmlElement::title()

C:\Users\prote\Documents\software-devel\html\tests\SemanticElementsTraitTest.php:683</error>
        </testcase>
        <testcase name="meta_creates_meta_element" class="Tests\SemanticElementsTraitTest" classname="Tests.SemanticElementsTraitTest" file="C:\Users\prote\Documents\software-devel\html\tests\SemanticElementsTraitTest.php" line="693" assertions="0" time="0.000686">
          <error type="Error">Tests\SemanticElementsTraitTest::meta_creates_meta_element
Error: Call to undefined method Ksfraser\HTML\HtmlElement::meta()

C:\Users\prote\Documents\software-devel\html\tests\SemanticElementsTraitTest.php:695</error>
        </testcase>
        <testcase name="link_creates_link_element" class="Tests\SemanticElementsTraitTest" classname="Tests.SemanticElementsTraitTest" file="C:\Users\prote\Documents\software-devel\html\tests\SemanticElementsTraitTest.php" line="707" assertions="0" time="0.000702">
          <error type="Error">Tests\SemanticElementsTraitTest::link_creates_link_element
Error: Call to undefined method Ksfraser\HTML\HtmlElement::link()

C:\Users\prote\Documents\software-devel\html\tests\SemanticElementsTraitTest.php:709</error>
        </testcase>
        <testcase name="script_creates_script_element" class="Tests\SemanticElementsTraitTest" classname="Tests.SemanticElementsTraitTest" file="C:\Users\prote\Documents\software-devel\html\tests\SemanticElementsTraitTest.php" line="721" assertions="0" time="0.001032">
          <error type="Error">Tests\SemanticElementsTraitTest::script_creates_script_element
Error: Call to undefined method Ksfraser\HTML\HtmlElement::script()

C:\Users\prote\Documents\software-devel\html\tests\SemanticElementsTraitTest.php:723</error>
        </testcase>
        <testcase name="style_creates_style_element" class="Tests\SemanticElementsTraitTest" classname="Tests.SemanticElementsTraitTest" file="C:\Users\prote\Documents\software-devel\html\tests\SemanticElementsTraitTest.php" line="734" assertions="0" time="0.000700">
          <error type="Error">Tests\SemanticElementsTraitTest::style_creates_style_element
Error: Call to undefined method Ksfraser\HTML\HtmlElement::style()

C:\Users\prote\Documents\software-devel\html\tests\SemanticElementsTraitTest.php:736</error>
        </testcase>
      </testsuite>
      <testsuite name="SpecializedActionLinksTest" file="C:\Users\prote\Documents\software-devel\html\tests\SpecializedActionLinksTest.php" tests="13" assertions="42" errors="0" warnings="0" failures="0" skipped="0" time="0.014134">
        <testcase name="testCreateLinkMake" class="SpecializedActionLinksTest" classname="SpecializedActionLinksTest" file="C:\Users\prote\Documents\software-devel\html\tests\SpecializedActionLinksTest.php" line="13" assertions="4" time="0.000932"/>
        <testcase name="testEditLinkMake" class="SpecializedActionLinksTest" classname="SpecializedActionLinksTest" file="C:\Users\prote\Documents\software-devel\html\tests\SpecializedActionLinksTest.php" line="23" assertions="5" time="0.000994"/>
        <testcase name="testDeleteLinkMake" class="SpecializedActionLinksTest" classname="SpecializedActionLinksTest" file="C:\Users\prote\Documents\software-devel\html\tests\SpecializedActionLinksTest.php" line="34" assertions="5" time="0.001037"/>
        <testcase name="testViewLinkMake" class="SpecializedActionLinksTest" classname="SpecializedActionLinksTest" file="C:\Users\prote\Documents\software-devel\html\tests\SpecializedActionLinksTest.php" line="45" assertions="5" time="0.000966"/>
        <testcase name="testListLinkMake" class="SpecializedActionLinksTest" classname="SpecializedActionLinksTest" file="C:\Users\prote\Documents\software-devel\html\tests\SpecializedActionLinksTest.php" line="56" assertions="4" time="0.000967"/>
        <testcase name="testAddLinkMake" class="SpecializedActionLinksTest" classname="SpecializedActionLinksTest" file="C:\Users\prote\Documents\software-devel\html\tests\SpecializedActionLinksTest.php" line="66" assertions="4" time="0.002278"/>
        <testcase name="testCreateLinkDefaultLabel" class="SpecializedActionLinksTest" classname="SpecializedActionLinksTest" file="C:\Users\prote\Documents\software-devel\html\tests\SpecializedActionLinksTest.php" line="75" assertions="2" time="0.001200"/>
        <testcase name="testCreateLinkCustomText" class="SpecializedActionLinksTest" classname="SpecializedActionLinksTest" file="C:\Users\prote\Documents\software-devel\html\tests\SpecializedActionLinksTest.php" line="83" assertions="1" time="0.000794"/>
        <testcase name="testCreateLinkWithParams" class="SpecializedActionLinksTest" classname="SpecializedActionLinksTest" file="C:\Users\prote\Documents\software-devel\html\tests\SpecializedActionLinksTest.php" line="90" assertions="2" time="0.001388"/>
        <testcase name="testCreateLinkSetLabel" class="SpecializedActionLinksTest" classname="SpecializedActionLinksTest" file="C:\Users\prote\Documents\software-devel\html\tests\SpecializedActionLinksTest.php" line="98" assertions="2" time="0.000821"/>
        <testcase name="testEditLinkWithId" class="SpecializedActionLinksTest" classname="SpecializedActionLinksTest" file="C:\Users\prote\Documents\software-devel\html\tests\SpecializedActionLinksTest.php" line="107" assertions="3" time="0.000863"/>
        <testcase name="testEditLinkWithParams" class="SpecializedActionLinksTest" classname="SpecializedActionLinksTest" file="C:\Users\prote\Documents\software-devel\html\tests\SpecializedActionLinksTest.php" line="116" assertions="2" time="0.000832"/>
        <testcase name="testDeleteLinkWithId" class="SpecializedActionLinksTest" classname="SpecializedActionLinksTest" file="C:\Users\prote\Documents\software-devel\html\tests\SpecializedActionLinksTest.php" line="124" assertions="3" time="0.001062"/>
      </testsuite>
      <testsuite name="SubmitButtonTest" file="C:\Users\prote\Documents\software-devel\html\tests\SubmitButtonTest.php" tests="2" assertions="2" errors="0" warnings="0" failures="0" skipped="0" time="0.003525">
        <testcase name="testDefaultLabel" class="SubmitButtonTest" classname="SubmitButtonTest" file="C:\Users\prote\Documents\software-devel\html\tests\SubmitButtonTest.php" line="7" assertions="1" time="0.002323"/>
        <testcase name="testTypeIsSubmit" class="SubmitButtonTest" classname="SubmitButtonTest" file="C:\Users\prote\Documents\software-devel\html\tests\SubmitButtonTest.php" line="11" assertions="1" time="0.001202"/>
      </testsuite>
      <testsuite name="VIEWTest" file="C:\Users\prote\Documents\software-devel\html\tests\VIEWTest.php" tests="3" assertions="0" errors="3" warnings="0" failures="0" skipped="0" time="0.002483">
        <testcase name="testConstructor" class="VIEWTest" classname="VIEWTest" file="C:\Users\prote\Documents\software-devel\html\tests\VIEWTest.php" line="10" assertions="0" time="0.000690">
          <error type="Error">VIEWTest::testConstructor
Error: Cannot call constructor

C:\Users\prote\Documents\software-devel\html\src\Ksfraser\HTML\class.VIEW.php:51
C:\Users\prote\Documents\software-devel\html\tests\VIEWTest.php:12</error>
        </testcase>
        <testcase name="testSetVar" class="VIEWTest" classname="VIEWTest" file="C:\Users\prote\Documents\software-devel\html\tests\VIEWTest.php" line="19" assertions="0" time="0.000708">
          <error type="Error">VIEWTest::testSetVar
Error: Cannot call constructor

C:\Users\prote\Documents\software-devel\html\src\Ksfraser\HTML\class.VIEW.php:51
C:\Users\prote\Documents\software-devel\html\tests\VIEWTest.php:21</error>
        </testcase>
        <testcase name="testDisplayTableWithEdit" class="VIEWTest" classname="VIEWTest" file="C:\Users\prote\Documents\software-devel\html\tests\VIEWTest.php" line="29" assertions="0" time="0.001085">
          <error type="Error">VIEWTest::testDisplayTableWithEdit
Error: Cannot call constructor

C:\Users\prote\Documents\software-devel\html\src\Ksfraser\HTML\class.VIEW.php:51
C:\Users\prote\Documents\software-devel\html\tests\VIEWTest.php:31</error>
        </testcase>
      </testsuite>
      <testsuite name="VIEW_AMOUNT_CELLTest" file="C:\Users\prote\Documents\software-devel\html\tests\VIEW_AMOUNT_CELLTest.php" tests="1" assertions="0" errors="1" warnings="0" failures="0" skipped="0" time="0.001821">
        <testcase name="testConstructor" class="VIEW_AMOUNT_CELLTest" classname="VIEW_AMOUNT_CELLTest" file="C:\Users\prote\Documents\software-devel\html\tests\VIEW_AMOUNT_CELLTest.php" line="7" assertions="0" time="0.001821">
          <error type="Error">VIEW_AMOUNT_CELLTest::testConstructor
Error: Cannot call constructor

C:\Users\prote\Documents\software-devel\html\src\Ksfraser\HTML\archived\class.VIEW_CELL.php:17
C:\Users\prote\Documents\software-devel\html\src\Ksfraser\HTML\archived\class.VIEW_AMOUNT_CELL.php:13
C:\Users\prote\Documents\software-devel\html\tests\VIEW_AMOUNT_CELLTest.php:9</error>
        </testcase>
      </testsuite>
      <testsuite name="VIEW_CELLTest" file="C:\Users\prote\Documents\software-devel\html\tests\VIEW_CELLTest.php" tests="1" assertions="0" errors="1" warnings="0" failures="0" skipped="0" time="0.000790">
        <testcase name="testConstructor" class="VIEW_CELLTest" classname="VIEW_CELLTest" file="C:\Users\prote\Documents\software-devel\html\tests\VIEW_CELLTest.php" line="7" assertions="0" time="0.000790">
          <error type="Error">VIEW_CELLTest::testConstructor
Error: Cannot call constructor

C:\Users\prote\Documents\software-devel\html\src\Ksfraser\HTML\archived\class.VIEW_CELL.php:17
C:\Users\prote\Documents\software-devel\html\tests\VIEW_CELLTest.php:9</error>
        </testcase>
      </testsuite>
      <testsuite name="VIEW_DATE_CELLTest" file="C:\Users\prote\Documents\software-devel\html\tests\VIEW_DATE_CELLTest.php" tests="1" assertions="0" errors="1" warnings="0" failures="0" skipped="0" time="0.001569">
        <testcase name="testConstructor" class="VIEW_DATE_CELLTest" classname="VIEW_DATE_CELLTest" file="C:\Users\prote\Documents\software-devel\html\tests\VIEW_DATE_CELLTest.php" line="7" assertions="0" time="0.001569">
          <error type="Error">VIEW_DATE_CELLTest::testConstructor
Error: Cannot call constructor

C:\Users\prote\Documents\software-devel\html\src\Ksfraser\HTML\archived\class.VIEW_CELL.php:17
C:\Users\prote\Documents\software-devel\html\src\Ksfraser\HTML\archived\class.VIEW_DATE_CELL.php:12
C:\Users\prote\Documents\software-devel\html\tests\VIEW_DATE_CELLTest.php:9</error>
        </testcase>
      </testsuite>
      <testsuite name="VIEW_DIVTest" file="C:\Users\prote\Documents\software-devel\html\tests\VIEW_DIVTest.php" tests="1" assertions="0" errors="1" warnings="0" failures="0" skipped="0" time="0.000646">
        <testcase name="testConstructor" class="VIEW_DIVTest" classname="VIEW_DIVTest" file="C:\Users\prote\Documents\software-devel\html\tests\VIEW_DIVTest.php" line="7" assertions="0" time="0.000646">
          <error type="Error">VIEW_DIVTest::testConstructor
Error: Cannot call constructor

C:\Users\prote\Documents\software-devel\html\src\Ksfraser\HTML\archived\class.VIEW_DIV.php:14
C:\Users\prote\Documents\software-devel\html\tests\VIEW_DIVTest.php:9</error>
        </testcase>
      </testsuite>
      <testsuite name="VIEW_FORMTest" file="C:\Users\prote\Documents\software-devel\html\tests\VIEW_FORMTest.php" tests="1" assertions="0" errors="1" warnings="0" failures="0" skipped="0" time="0.001057">
        <testcase name="testConstructor" class="VIEW_FORMTest" classname="VIEW_FORMTest" file="C:\Users\prote\Documents\software-devel\html\tests\VIEW_FORMTest.php" line="7" assertions="0" time="0.001057">
          <error type="Error">VIEW_FORMTest::testConstructor
Error: Cannot call constructor

C:\Users\prote\Documents\software-devel\html\src\Ksfraser\HTML\archived\class.VIEW_FORM.php:12
C:\Users\prote\Documents\software-devel\html\tests\VIEW_FORMTest.php:9</error>
        </testcase>
      </testsuite>
      <testsuite name="VIEW_ROWTest" file="C:\Users\prote\Documents\software-devel\html\tests\VIEW_ROWTest.php" tests="1" assertions="0" errors="1" warnings="0" failures="0" skipped="0" time="0.000600">
        <testcase name="testConstructor" class="VIEW_ROWTest" classname="VIEW_ROWTest" file="C:\Users\prote\Documents\software-devel\html\tests\VIEW_ROWTest.php" line="7" assertions="0" time="0.000600">
          <error type="Error">VIEW_ROWTest::testConstructor
Error: Cannot call constructor

C:\Users\prote\Documents\software-devel\html\src\Ksfraser\HTML\archived\class.VIEW_ROW.php:13
C:\Users\prote\Documents\software-devel\html\tests\VIEW_ROWTest.php:9</error>
        </testcase>
      </testsuite>
      <testsuite name="VIEW_SUBMIT_CELLTest" file="C:\Users\prote\Documents\software-devel\html\tests\VIEW_SUBMIT_CELLTest.php" tests="1" assertions="0" errors="1" warnings="0" failures="0" skipped="0" time="0.000694">
        <testcase name="testConstructor" class="VIEW_SUBMIT_CELLTest" classname="VIEW_SUBMIT_CELLTest" file="C:\Users\prote\Documents\software-devel\html\tests\VIEW_SUBMIT_CELLTest.php" line="7" assertions="0" time="0.000694">
          <error type="Error">VIEW_SUBMIT_CELLTest::testConstructor
Error: Cannot call constructor

C:\Users\prote\Documents\software-devel\html\src\Ksfraser\HTML\archived\class.VIEW_CELL.php:17
C:\Users\prote\Documents\software-devel\html\src\Ksfraser\HTML\archived\class.VIEW_SUBMIT_CELL.php:20
C:\Users\prote\Documents\software-devel\html\tests\VIEW_SUBMIT_CELLTest.php:9</error>
        </testcase>
      </testsuite>
      <testsuite name="VIEW_TABLETest" file="C:\Users\prote\Documents\software-devel\html\tests\VIEW_TABLETest.php" tests="1" assertions="0" errors="1" warnings="0" failures="0" skipped="0" time="0.000592">
        <testcase name="testConstructor" class="VIEW_TABLETest" classname="VIEW_TABLETest" file="C:\Users\prote\Documents\software-devel\html\tests\VIEW_TABLETest.php" line="7" assertions="0" time="0.000592">
          <error type="Error">VIEW_TABLETest::testConstructor
Error: Cannot call constructor

C:\Users\prote\Documents\software-devel\html\src\Ksfraser\HTML\archived\class.VIEW_TABLE.php:16
C:\Users\prote\Documents\software-devel\html\tests\VIEW_TABLETest.php:9</error>
        </testcase>
      </testsuite>
      <testsuite name="VIEW_TABLE_TDTest" file="C:\Users\prote\Documents\software-devel\html\tests\VIEW_TABLE_TDTest.php" tests="1" assertions="0" errors="1" warnings="0" failures="0" skipped="0" time="0.000587">
        <testcase name="testConstructor" class="VIEW_TABLE_TDTest" classname="VIEW_TABLE_TDTest" file="C:\Users\prote\Documents\software-devel\html\tests\VIEW_TABLE_TDTest.php" line="7" assertions="0" time="0.000587">
          <error type="Error">VIEW_TABLE_TDTest::testConstructor
Error: Cannot call constructor

C:\Users\prote\Documents\software-devel\html\src\Ksfraser\HTML\archived\class.VIEW_TABLE_TD.php:14
C:\Users\prote\Documents\software-devel\html\tests\VIEW_TABLE_TDTest.php:9</error>
        </testcase>
      </testsuite>
      <testsuite name="VIEW_TABLE_THTest" file="C:\Users\prote\Documents\software-devel\html\tests\VIEW_TABLE_THTest.php" tests="1" assertions="0" errors="1" warnings="0" failures="0" skipped="0" time="0.000581">
        <testcase name="testConstructor" class="VIEW_TABLE_THTest" classname="VIEW_TABLE_THTest" file="C:\Users\prote\Documents\software-devel\html\tests\VIEW_TABLE_THTest.php" line="7" assertions="0" time="0.000581">
          <error type="Error">VIEW_TABLE_THTest::testConstructor
Error: Cannot call constructor

C:\Users\prote\Documents\software-devel\html\src\Ksfraser\HTML\archived\class.VIEW_TABLE_TH.php:9
C:\Users\prote\Documents\software-devel\html\tests\VIEW_TABLE_THTest.php:9</error>
        </testcase>
      </testsuite>
    </testsuite>
  </testsuite>
</testsuites>
